2: z = 2
3: z = 3
5: z = 4
6: z = 10
7: z = 4
9: z = 5
10: z = 7
14: z = 5
