2: y = 0
5: y = 1
6: y = 3
9: y = 1
12: y = 8
13: y = 10
14: y = 14
17: y = 0
19: y = 7
20: y = 4
22: y = 8
23: y = 10
24: y = 14
27: y = 0
29: y = 7
30: y = 4
