2: z = 0
3: z = 0
5: z = 0
6: z = 0
7: z = 0
9: z = 0
10: z = 1
14: z = 2
