2: y = 4
5: y = 12
6: y = 36
9: y = 16
12: y = 96
13: y = 128
14: y = 172
17: y = 8
19: y = 92
20: y = 48
22: y = 96
23: y = 128
24: y = 172
27: y = 8
29: y = 92
30: y = 48
