2: y = 1
5: y = 1
6: y = 1
9: y = 0
12: y = 0
13: y = 0
14: y = 1
17: y = 0
19: y = 1
20: y = 0
22: y = 0
23: y = 0
24: y = 1
27: y = 0
29: y = 1
30: y = 0
