1: y = 2
2: y = 36
4: y = 36
5: y = 12
7: y = 46
8: y = 29
10: y = 3
11: y = 14
12: y = 37
13: y = 8
14: y = 29
15: y = 2
16: y = 27
19: y = 48
20: y = 48
21: y = 12
22: y = 12
23: y = 12
24: y = 18
26: y = 35
27: y = 2
28: y = 46
29: y = 27
30: y = 46
32: y = 9
34: y = 28
35: y = 49
36: y = 50
37: y = 37
39: y = 4
40: y = 2
43: y = 1
46: y = 10
47: y = 10
48: y = 39
49: y = 9
50: y = 17
51: y = 23
52: y = 40
53: y = 39
54: y = 32
56: y = 44
57: y = 2
58: y = 45
59: y = 36
60: y = 30
61: y = 30
62: y = 30
66: y = 41
67: y = 15
68: y = 48
69: y = 18
70: y = 4
71: y = 47
72: y = 23
73: y = 36
76: y = 24
77: y = 14
78: y = 47
79: y = 15
80: y = 10
81: y = 37
82: y = 2
84: y = 35
85: y = 28
87: y = 5
88: y = 7
89: y = 8
91: y = 50
92: y = 47
93: y = 10
94: y = 31
97: y = 18
98: y = 18
100: y = 35
101: y = 38
102: y = 38
103: y = 49
104: y = 46
105: y = 40
106: y = 2
107: y = 36
108: y = 20
109: y = 20
110: y = 29
112: y = 2
113: y = 46
114: y = 46
117: y = 41
118: y = 10
120: y = 14
121: y = 14
122: y = 12
123: y = 1
124: y = 33
125: y = 17
126: y = 24
127: y = 22
128: y = 10
129: y = 16
130: y = 16
131: y = 16
132: y = 50
135: y = 14
136: y = 14
137: y = 13
138: y = 13
139: y = 16
141: y = 12
142: y = 13
143: y = 15
144: y = 30
145: y = 30
146: y = 30
148: y = 3
149: y = 7
150: y = 2
151: y = 36
153: y = 37
154: y = 12
155: y = 10
156: y = 39
160: y = 3
163: y = 27
164: y = 27
165: y = 20
166: y = 20
168: y = 7
169: y = 40
170: y = 2
171: y = 2
172: y = 11
173: y = 14
175: y = 20
176: y = 0
178: y = 38
179: y = 38
180: y = 1
181: y = 15
182: y = 8
183: y = 10
184: y = 33
185: y = 33
186: y = 46
187: y = 46
188: y = 35
189: y = 43
190: y = 46
191: y = 46
192: y = 15
193: y = 15
194: y = 15
195: y = 23
196: y = 23
197: y = 50
198: y = 50
199: y = 46
200: y = 46
201: y = 4
202: y = 4
203: y = 30
204: y = 31
205: y = 31
207: y = 25
209: y = 13
210: y = 19
211: y = 19
212: y = 19
213: y = 37
214: y = 37
215: y = 1
217: y = 44
218: y = 48
220: y = 45
223: y = 34
224: y = 34
225: y = 31
227: y = 21
228: y = 11
229: y = 49
230: y = 20
231: y = 18
232: y = 29
233: y = 3
234: y = 47
235: y = 17
236: y = 17
237: y = 18
238: y = 24
239: y = 19
242: y = 27
243: y = 46
244: y = 8
245: y = 45
246: y = 47
249: y = 1
250: y = 1
251: y = 12
252: y = 49
253: y = 46
254: y = 45
256: y = 12
257: y = 1
258: y = 12
260: y = 35
261: y = 29
262: y = 29
264: y = 33
266: y = 38
267: y = 10
268: y = 43
269: y = 26
271: y = 2
272: y = 25
273: y = 25
274: y = 18
277: y = 27
278: y = 21
279: y = 19
280: y = 19
281: y = 14
282: y = 17
283: y = 44
284: y = 44
285: y = 7
286: y = 12
287: y = 37
288: y = 45
289: y = 32
290: y = 4
291: y = 30
292: y = 14
293: y = 14
294: y = 14
298: y = 38
299: y = 15
300: y = 32
301: y = 29
304: y = 8
305: y = 8
306: y = 5
307: y = 24
308: y = 24
309: y = 24
310: y = 41
312: y = 11
313: y = 11
314: y = 45
315: y = 45
316: y = 45
317: y = 6
318: y = 35
319: y = 20
320: y = 31
321: y = 50
322: y = 49
323: y = 47
325: y = 2
326: y = 44
328: y = 22
329: y = 36
330: y = 18
332: y = 32
333: y = 32
334: y = 39
337: y = 8
338: y = 0
339: y = 39
340: y = 20
342: y = 23
343: y = 3
344: y = 3
345: y = 3
346: y = 42
347: y = 4
348: y = 23
349: y = 35
350: y = 35
351: y = 35
353: y = 40
355: y = 15
356: y = 15
357: y = 15
358: y = 12
359: y = 46
360: y = 30
363: y = 4
364: y = 46
365: y = 46
366: y = 4
367: y = 7
368: y = 7
369: y = 41
370: y = 50
371: y = 14
372: y = 27
373: y = 27
374: y = 36
375: y = 19
377: y = 31
378: y = 40
379: y = 20
380: y = 6
382: y = 15
383: y = 37
384: y = 14
385: y = 26
386: y = 8
388: y = 32
389: y = 26
390: y = 41
391: y = 21
392: y = 7
393: y = 48
395: y = 14
396: y = 46
397: y = 35
399: y = 36
401: y = 30
402: y = 49
406: y = 28
408: y = 9
409: y = 36
410: y = 34
411: y = 47
412: y = 25
413: y = 36
414: y = 31
415: y = 6
416: y = 14
417: y = 48
418: y = 9
419: y = 9
420: y = 8
421: y = 42
422: y = 41
424: y = 11
425: y = 38
427: y = 41
428: y = 47
429: y = 8
430: y = 17
431: y = 38
432: y = 35
433: y = 22
434: y = 44
435: y = 27
436: y = 4
437: y = 5
438: y = 9
442: y = 34
443: y = 22
444: y = 22
445: y = 33
446: y = 27
447: y = 31
448: y = 31
449: y = 31
450: y = 19
451: y = 19
452: y = 46
454: y = 6
455: y = 40
457: y = 32
458: y = 6
460: y = 46
462: y = 46
463: y = 1
465: y = 38
466: y = 28
467: y = 28
468: y = 49
469: y = 29
470: y = 36
471: y = 15
472: y = 34
473: y = 25
475: y = 34
477: y = 4
478: y = 22
479: y = 5
481: y = 3
482: y = 39
484: y = 38
485: y = 6
487: y = 37
488: y = 35
490: y = 41
492: y = 41
493: y = 27
494: y = 27
497: y = 38
498: y = 32
499: y = 41
500: y = 35
501: y = 5
503: y = 6
504: y = 28
505: y = 23
506: y = 23
507: y = 6
508: y = 6
509: y = 6
510: y = 25
511: y = 38
512: y = 50
513: y = 8
514: y = 34
515: y = 8
516: y = 3
519: y = 11
522: y = 10
527: y = 3
529: y = 0
531: y = 4
532: y = 20
533: y = 3
535: y = 46
536: y = 44
537: y = 32
538: y = 24
539: y = 33
540: y = 14
541: y = 14
542: y = 14
543: y = 49
544: y = 49
545: y = 18
546: y = 19
548: y = 41
550: y = 4
551: y = 0
552: y = 0
553: y = 36
554: y = 6
555: y = 28
556: y = 40
557: y = 26
558: y = 26
559: y = 4
561: y = 49
562: y = 35
563: y = 43
565: y = 27
568: y = 16
569: y = 24
571: y = 48
572: y = 21
573: y = 25
574: y = 21
575: y = 21
576: y = 21
577: y = 14
579: y = 16
580: y = 15
581: y = 8
582: y = 12
584: y = 13
585: y = 12
586: y = 12
587: y = 43
588: y = 49
591: y = 21
592: y = 24
593: y = 24
594: y = 16
595: y = 45
596: y = 28
597: y = 3
598: y = 50
599: y = 18
600: y = 18
602: y = 27
603: y = 27
604: y = 27
605: y = 13
606: y = 0
607: y = 0
608: y = 17
609: y = 23
610: y = 23
611: y = 33
612: y = 1
613: y = 46
614: y = 7
615: y = 7
616: y = 7
617: y = 12
618: y = 18
619: y = 0
620: y = 38
623: y = 23
624: y = 14
625: y = 14
626: y = 14
627: y = 11
628: y = 27
630: y = 18
633: y = 41
634: y = 25
635: y = 29
636: y = 17
637: y = 31
638: y = 7
639: y = 8
641: y = 45
643: y = 48
644: y = 9
645: y = 43
646: y = 32
647: y = 20
648: y = 30
649: y = 18
652: y = 3
653: y = 3
654: y = 18
655: y = 18
657: y = 6
658: y = 40
659: y = 24
660: y = 16
661: y = 17
662: y = 39
663: y = 38
665: y = 6
666: y = 6
667: y = 35
668: y = 35
669: y = 35
672: y = 39
673: y = 17
674: y = 17
675: y = 48
676: y = 8
677: y = 34
679: y = 20
680: y = 43
681: y = 5
683: y = 0
684: y = 0
685: y = 0
686: y = 9
687: y = 41
688: y = 29
689: y = 29
690: y = 2
691: y = 19
692: y = 19
693: y = 16
694: y = 20
695: y = 18
696: y = 29
697: y = 35
698: y = 2
699: y = 14
700: y = 15
702: y = 27
703: y = 31
704: y = 27
706: y = 1
707: y = 39
709: y = 48
711: y = 47
712: y = 0
713: y = 0
714: y = 40
715: y = 43
716: y = 34
717: y = 34
718: y = 46
721: y = 48
723: y = 28
724: y = 28
725: y = 22
727: y = 18
728: y = 4
729: y = 46
730: y = 20
731: y = 6
732: y = 2
734: y = 18
735: y = 36
736: y = 21
737: y = 29
738: y = 46
741: y = 15
742: y = 29
743: y = 31
744: y = 34
745: y = 44
746: y = 3
747: y = 47
748: y = 47
749: y = 47
751: y = 24
752: y = 3
754: y = 10
755: y = 10
756: y = 50
758: y = 28
760: y = 32
762: y = 46
763: y = 46
764: y = 34
765: y = 36
766: y = 31
770: y = 42
771: y = 18
773: y = 8
775: y = 40
777: y = 24
779: y = 23
780: y = 36
782: y = 8
783: y = 31
784: y = 32
785: y = 23
786: y = 50
787: y = 10
788: y = 35
789: y = 35
790: y = 35
791: y = 31
792: y = 17
794: y = 22
796: y = 31
797: y = 43
798: y = 5
799: y = 45
800: y = 45
801: y = 27
803: y = 48
804: y = 44
805: y = 27
807: y = 11
808: y = 3
809: y = 3
812: y = 15
813: y = 8
815: y = 45
816: y = 24
819: y = 29
820: y = 29
821: y = 7
822: y = 34
823: y = 18
824: y = 6
825: y = 23
826: y = 23
827: y = 40
828: y = 22
830: y = 30
831: y = 40
832: y = 21
833: y = 22
834: y = 22
835: y = 42
836: y = 32
837: y = 3
838: y = 30
839: y = 13
840: y = 26
841: y = 15
842: y = 8
844: y = 20
845: y = 0
846: y = 13
847: y = 48
848: y = 19
850: y = 30
851: y = 45
852: y = 27
853: y = 27
856: y = 23
857: y = 25
858: y = 45
859: y = 7
860: y = 12
861: y = 40
862: y = 40
863: y = 16
864: y = 16
865: y = 36
866: y = 36
867: y = 20
868: y = 46
870: y = 45
871: y = 31
872: y = 7
874: y = 38
876: y = 49
877: y = 37
879: y = 35
880: y = 46
881: y = 35
882: y = 33
884: y = 1
885: y = 33
886: y = 27
887: y = 27
888: y = 42
890: y = 47
891: y = 5
892: y = 46
893: y = 38
894: y = 23
895: y = 24
896: y = 28
899: y = 35
900: y = 35
903: y = 33
904: y = 22
906: y = 40
907: y = 50
908: y = 29
909: y = 6
910: y = 6
911: y = 46
912: y = 49
913: y = 40
914: y = 40
915: y = 23
916: y = 6
917: y = 6
918: y = 44
919: y = 44
920: y = 39
921: y = 39
922: y = 8
923: y = 28
924: y = 2
927: y = 41
928: y = 16
929: y = 16
932: y = 31
933: y = 7
934: y = 7
935: y = 26
936: y = 3
937: y = 3
938: y = 14
939: y = 3
941: y = 37
944: y = 16
945: y = 36
948: y = 27
949: y = 5
950: y = 22
954: y = 50
955: y = 48
956: y = 48
957: y = 42
958: y = 40
959: y = 16
961: y = 7
962: y = 41
963: y = 11
964: y = 21
965: y = 0
966: y = 0
967: y = 9
968: y = 29
969: y = 42
970: y = 43
971: y = 43
973: y = 31
975: y = 27
976: y = 23
977: y = 1
978: y = 33
979: y = 48
980: y = 48
981: y = 24
982: y = 43
984: y = 32
986: y = 19
987: y = 10
988: y = 4
989: y = 4
990: y = 11
991: y = 11
992: y = 11
993: y = 34
994: y = 32
995: y = 24
996: y = 32
997: y = 42
999: y = 22
1000: y = 37
1001: y = 35
1002: y = 17
1003: y = 6
1004: y = 19
1005: y = 19
1006: y = 42
1007: y = 37
1008: y = 4
1009: y = 10
1010: y = 30
1011: y = 14
1013: y = 26
1014: y = 20
1015: y = 16
1016: y = 43
1017: y = 45
1018: y = 20
1019: y = 12
1021: y = 29
1022: y = 19
1023: y = 43
1024: y = 12
1025: y = 44
1026: y = 44
1028: y = 24
1029: y = 24
1031: y = 20
1033: y = 47
1034: y = 47
1035: y = 25
1036: y = 31
1037: y = 43
1039: y = 29
1040: y = 40
1041: y = 21
1042: y = 10
1043: y = 15
1044: y = 15
1045: y = 7
1046: y = 25
1047: y = 4
1048: y = 32
1050: y = 9
1051: y = 18
1052: y = 18
1053: y = 18
1055: y = 37
1056: y = 33
1058: y = 15
1060: y = 31
1061: y = 12
1063: y = 5
1064: y = 36
1065: y = 31
1066: y = 31
1067: y = 31
1068: y = 5
1069: y = 36
1070: y = 0
1071: y = 20
1073: y = 37
1075: y = 45
1078: y = 6
1080: y = 37
1081: y = 13
1083: y = 8
1084: y = 38
1085: y = 42
1086: y = 14
1088: y = 34
1089: y = 0
1090: y = 49
1091: y = 15
1092: y = 15
1093: y = 29
1094: y = 29
1095: y = 29
1096: y = 29
1097: y = 20
1098: y = 20
1099: y = 6
1101: y = 16
1102: y = 18
1103: y = 0
1104: y = 19
1105: y = 13
1107: y = 13
1108: y = 26
1109: y = 6
1111: y = 6
1112: y = 45
1113: y = 6
1114: y = 20
1115: y = 20
1116: y = 16
1117: y = 20
1118: y = 43
1119: y = 32
1120: y = 11
1121: y = 22
1122: y = 22
1123: y = 41
1124: y = 41
1125: y = 48
1127: y = 21
1128: y = 19
1129: y = 22
1130: y = 19
1131: y = 19
1132: y = 44
1134: y = 23
1135: y = 1
1136: y = 1
1137: y = 19
1138: y = 19
1139: y = 39
1140: y = 5
1141: y = 5
1142: y = 44
1143: y = 32
1144: y = 45
1146: y = 12
1147: y = 37
1149: y = 48
1150: y = 46
1151: y = 15
1152: y = 15
1153: y = 42
1154: y = 42
1156: y = 13
1157: y = 27
1158: y = 50
1159: y = 19
1160: y = 16
1161: y = 31
1162: y = 13
1163: y = 8
1164: y = 21
1165: y = 21
1166: y = 24
1167: y = 24
1168: y = 24
1169: y = 44
1171: y = 7
1172: y = 26
1173: y = 3
1174: y = 30
1175: y = 30
1176: y = 17
1178: y = 27
1179: y = 29
1180: y = 18
1181: y = 13
1183: y = 4
1184: y = 50
1185: y = 48
1186: y = 40
1187: y = 40
1188: y = 40
1189: y = 8
1190: y = 41
1192: y = 4
1193: y = 37
1196: y = 8
1197: y = 8
1199: y = 44
1200: y = 23
1202: y = 11
1204: y = 40
1205: y = 33
1206: y = 48
1207: y = 48
1208: y = 34
1209: y = 34
1210: y = 45
1211: y = 45
1212: y = 45
1213: y = 5
1214: y = 5
1215: y = 50
1216: y = 34
1217: y = 46
1218: y = 44
1220: y = 4
1221: y = 43
1222: y = 18
1223: y = 22
1224: y = 16
1226: y = 9
1227: y = 32
1228: y = 32
1229: y = 25
1231: y = 24
1234: y = 47
1235: y = 34
1236: y = 15
1237: y = 11
1239: y = 32
1240: y = 6
1242: y = 29
1243: y = 37
1244: y = 5
1245: y = 1
1246: y = 16
1247: y = 22
1248: y = 22
1250: y = 13
1252: y = 14
1253: y = 14
1255: y = 5
1256: y = 15
1257: y = 22
1258: y = 29
1259: y = 50
1260: y = 28
1261: y = 28
1262: y = 19
1267: y = 13
1269: y = 47
1270: y = 33
1271: y = 33
1272: y = 12
1273: y = 6
1274: y = 5
1275: y = 22
1276: y = 12
1277: y = 30
1278: y = 24
1279: y = 21
1280: y = 21
1281: y = 46
1282: y = 2
1283: y = 1
1286: y = 9
1287: y = 35
1288: y = 37
1289: y = 37
1290: y = 27
1291: y = 15
1292: y = 15
1293: y = 15
1295: y = 7
1296: y = 34
1297: y = 13
1298: y = 29
1300: y = 27
1301: y = 30
1302: y = 46
1303: y = 46
1306: y = 31
1307: y = 25
1308: y = 28
1309: y = 10
1310: y = 3
1311: y = 33
1312: y = 33
1313: y = 8
1314: y = 50
1316: y = 36
1317: y = 36
1318: y = 8
1319: y = 21
1321: y = 30
1322: y = 30
1323: y = 32
1325: y = 25
1327: y = 8
1328: y = 8
1329: y = 25
1330: y = 25
1331: y = 9
1332: y = 39
1334: y = 19
1335: y = 7
1336: y = 1
1338: y = 43
1339: y = 19
1340: y = 19
1343: y = 9
1345: y = 41
1346: y = 41
1347: y = 34
1348: y = 49
1349: y = 49
1350: y = 27
1351: y = 50
1352: y = 1
1353: y = 4
1354: y = 4
1355: y = 32
1357: y = 31
1358: y = 31
1359: y = 50
1360: y = 3
1362: y = 16
1363: y = 8
1365: y = 13
1366: y = 11
1367: y = 2
1368: y = 2
1369: y = 2
1370: y = 44
1371: y = 27
1372: y = 22
1373: y = 37
1374: y = 47
1375: y = 38
1376: y = 38
1377: y = 28
1378: y = 24
1379: y = 12
1380: y = 20
1381: y = 28
1382: y = 22
1383: y = 7
1384: y = 13
1385: y = 46
1386: y = 15
1387: y = 40
1389: y = 50
1390: y = 50
1391: y = 28
1394: y = 12
1395: y = 12
1396: y = 25
1398: y = 16
1399: y = 50
1400: y = 7
1401: y = 25
1402: y = 4
1403: y = 0
1404: y = 17
1405: y = 14
1406: y = 50
1409: y = 15
1410: y = 41
1413: y = 49
1414: y = 1
1415: y = 25
1417: y = 28
1419: y = 29
1420: y = 0
1421: y = 25
1422: y = 33
1423: y = 5
1424: y = 5
1427: y = 21
1428: y = 21
1429: y = 37
1430: y = 2
1431: y = 2
1433: y = 37
1435: y = 30
1436: y = 30
1437: y = 12
1438: y = 16
1439: y = 35
1441: y = 12
1442: y = 30
1443: y = 43
1445: y = 2
1446: y = 23
1447: y = 31
1448: y = 1
1449: y = 13
1451: y = 17
1452: y = 5
1453: y = 42
1454: y = 10
1455: y = 10
1456: y = 3
1457: y = 27
1459: y = 45
1460: y = 31
1461: y = 45
1462: y = 45
1463: y = 36
1464: y = 43
1467: y = 41
1468: y = 41
1469: y = 41
1471: y = 50
1472: y = 50
1473: y = 31
1474: y = 31
1475: y = 38
1476: y = 41
1477: y = 32
1478: y = 46
1479: y = 17
1480: y = 26
1481: y = 2
1482: y = 32
1483: y = 36
1485: y = 20
1486: y = 43
1487: y = 1
1488: y = 1
1489: y = 19
1490: y = 33
1491: y = 41
1492: y = 41
1494: y = 2
1495: y = 27
1496: y = 6
1497: y = 6
1498: y = 30
1499: y = 32
1500: y = 32
1501: y = 42
1502: y = 42
1503: y = 42
1504: y = 18
1505: y = 40
1506: y = 6
1508: y = 41
1510: y = 1
1511: y = 1
1512: y = 12
1513: y = 12
1514: y = 44
1515: y = 45
1516: y = 45
1517: y = 48
1518: y = 12
1519: y = 44
1521: y = 28
1522: y = 30
1523: y = 33
1524: y = 27
1525: y = 14
1528: y = 30
1529: y = 27
1531: y = 45
1532: y = 44
1533: y = 2
1534: y = 45
1535: y = 47
1536: y = 20
1537: y = 14
1538: y = 39
1539: y = 40
1540: y = 23
1541: y = 0
1542: y = 39
1543: y = 18
1545: y = 20
1546: y = 33
1547: y = 33
1549: y = 48
1550: y = 18
1551: y = 0
1552: y = 17
1554: y = 15
1555: y = 33
1556: y = 18
1557: y = 11
1559: y = 7
1560: y = 7
1561: y = 33
1564: y = 46
1565: y = 46
1567: y = 28
1568: y = 17
1569: y = 32
1570: y = 32
1571: y = 40
1572: y = 5
1573: y = 12
1575: y = 2
1578: y = 41
1579: y = 41
1580: y = 24
1581: y = 8
1582: y = 7
1583: y = 12
1584: y = 12
1585: y = 35
1586: y = 41
1587: y = 31
1589: y = 2
1590: y = 14
1591: y = 40
1593: y = 11
1595: y = 8
1596: y = 48
1598: y = 45
1600: y = 42
1601: y = 42
1602: y = 42
1603: y = 37
1604: y = 48
1605: y = 38
1606: y = 49
1607: y = 47
1609: y = 26
1610: y = 5
1611: y = 5
1612: y = 4
1613: y = 5
1614: y = 5
1615: y = 5
1616: y = 16
1617: y = 49
1619: y = 20
1620: y = 7
1621: y = 1
1624: y = 26
1625: y = 26
1626: y = 14
1628: y = 44
1629: y = 31
1630: y = 32
1632: y = 22
1633: y = 4
1634: y = 13
1636: y = 33
1637: y = 45
1638: y = 43
1639: y = 25
1641: y = 29
1642: y = 41
1643: y = 35
1644: y = 35
1646: y = 28
1647: y = 13
1648: y = 13
1649: y = 13
1650: y = 31
1651: y = 46
1652: y = 46
1653: y = 35
1654: y = 25
1655: y = 25
1656: y = 25
1658: y = 45
1659: y = 45
1660: y = 45
1661: y = 14
1662: y = 1
1663: y = 19
1664: y = 16
1665: y = 4
1666: y = 28
1667: y = 34
1668: y = 23
1669: y = 23
1670: y = 14
1671: y = 40
1672: y = 40
1673: y = 28
1675: y = 28
1676: y = 22
1679: y = 46
1680: y = 32
1682: y = 41
1684: y = 18
1685: y = 14
1686: y = 14
1687: y = 13
1688: y = 34
1689: y = 32
1690: y = 10
1691: y = 31
1692: y = 31
1694: y = 24
1695: y = 24
1697: y = 44
1698: y = 16
1699: y = 16
1700: y = 31
1702: y = 27
1703: y = 45
1704: y = 6
1705: y = 6
1706: y = 8
1707: y = 37
1708: y = 15
1710: y = 8
1712: y = 4
1713: y = 32
1714: y = 31
1715: y = 31
1716: y = 31
1717: y = 31
1718: y = 14
1720: y = 6
1721: y = 6
1723: y = 37
1726: y = 8
1727: y = 8
1728: y = 36
1729: y = 45
1732: y = 43
1733: y = 43
1735: y = 10
1736: y = 31
1737: y = 25
1739: y = 27
1740: y = 12
1741: y = 27
1742: y = 27
1743: y = 27
1744: y = 5
1745: y = 24
1746: y = 24
1747: y = 24
1748: y = 24
1749: y = 24
1750: y = 5
1752: y = 25
1753: y = 19
1754: y = 33
1755: y = 12
1756: y = 32
1757: y = 20
1758: y = 8
1759: y = 47
1761: y = 48
1762: y = 2
1764: y = 33
1767: y = 45
1768: y = 40
1769: y = 11
1771: y = 41
1772: y = 41
1773: y = 31
1775: y = 47
1776: y = 28
1778: y = 34
1779: y = 5
1781: y = 40
1782: y = 14
1783: y = 14
1784: y = 16
1785: y = 2
1786: y = 46
1787: y = 16
1788: y = 35
1790: y = 28
1791: y = 7
1792: y = 10
1793: y = 49
1794: y = 6
1796: y = 25
1797: y = 25
1798: y = 49
1799: y = 14
1800: y = 27
1801: y = 38
1803: y = 39
1804: y = 2
1805: y = 15
1806: y = 37
1807: y = 17
1810: y = 21
1812: y = 37
1814: y = 37
1815: y = 37
1816: y = 37
1817: y = 32
1819: y = 44
1820: y = 49
1822: y = 29
1823: y = 21
1825: y = 11
1826: y = 11
1828: y = 7
1831: y = 9
1832: y = 12
1833: y = 4
1834: y = 4
1835: y = 4
1836: y = 30
1837: y = 18
1838: y = 36
1839: y = 34
1840: y = 16
1841: y = 43
1842: y = 43
1843: y = 43
1844: y = 31
1846: y = 25
1847: y = 18
1848: y = 28
1849: y = 44
1850: y = 21
1851: y = 21
1852: y = 37
1853: y = 30
1854: y = 23
1855: y = 23
1856: y = 40
1857: y = 10
1858: y = 39
1860: y = 18
1861: y = 8
1862: y = 8
1863: y = 8
1864: y = 12
1865: y = 41
1867: y = 2
1869: y = 43
1870: y = 43
1871: y = 20
1872: y = 0
1873: y = 13
1874: y = 13
1875: y = 22
1876: y = 31
1877: y = 31
1878: y = 18
1880: y = 21
1881: y = 41
1882: y = 41
1883: y = 48
1884: y = 48
1885: y = 48
1886: y = 26
1888: y = 43
1889: y = 43
1890: y = 33
1891: y = 21
1893: y = 9
1896: y = 49
1897: y = 49
1898: y = 34
1899: y = 14
1900: y = 19
1901: y = 36
1902: y = 26
1903: y = 36
1904: y = 32
1905: y = 23
1906: y = 22
1908: y = 43
1909: y = 38
1910: y = 21
1911: y = 3
1912: y = 1
1913: y = 16
1914: y = 29
1915: y = 32
1916: y = 49
1918: y = 25
1919: y = 38
1920: y = 23
1921: y = 18
1922: y = 29
1923: y = 18
1924: y = 27
1926: y = 35
1927: y = 31
1929: y = 38
1930: y = 16
1931: y = 17
1932: y = 26
1933: y = 5
1934: y = 45
1935: y = 7
1937: y = 20
1938: y = 5
1939: y = 46
1940: y = 17
1941: y = 15
1943: y = 7
1944: y = 19
1945: y = 28
1946: y = 44
1947: y = 41
1948: y = 35
1949: y = 24
1952: y = 25
1953: y = 42
1954: y = 42
1955: y = 48
1956: y = 6
1957: y = 6
1958: y = 25
1959: y = 39
1960: y = 21
1961: y = 49
1962: y = 48
1963: y = 48
1967: y = 2
1969: y = 13
1970: y = 48
1972: y = 48
1974: y = 11
1975: y = 21
1976: y = 1
1977: y = 46
1978: y = 46
1979: y = 7
1980: y = 12
1981: y = 4
1982: y = 4
1983: y = 41
1985: y = 41
1986: y = 25
1987: y = 45
1988: y = 7
1989: y = 4
1990: y = 34
1991: y = 34
1992: y = 22
1994: y = 36
1995: y = 12
1996: y = 25
1997: y = 5
2000: y = 4
2001: y = 21
2002: y = 16
2003: y = 2
2004: y = 2
2005: y = 2
2006: y = 6
2007: y = 15
2009: y = 11
2010: y = 36
2011: y = 36
2012: y = 32
2014: y = 7
2015: y = 31
2016: y = 36
2017: y = 37
2018: y = 37
2019: y = 50
2021: y = 48
2022: y = 10
2023: y = 47
2025: y = 28
2026: y = 12
2027: y = 12
2028: y = 36
2029: y = 49
2030: y = 38
2031: y = 38
2032: y = 20
2033: y = 17
2037: y = 8
2038: y = 39
2039: y = 0
2040: y = 13
2041: y = 31
2042: y = 31
2043: y = 12
2044: y = 16
2045: y = 0
2047: y = 0
2048: y = 11
2049: y = 28
2050: y = 43
2055: y = 15
2058: y = 49
2059: y = 19
2060: y = 19
2061: y = 40
2062: y = 40
2064: y = 11
2065: y = 0
2066: y = 37
2067: y = 21
2068: y = 20
2069: y = 20
2070: y = 21
2071: y = 42
2072: y = 42
2073: y = 47
2074: y = 34
2075: y = 2
2076: y = 2
2077: y = 2
2078: y = 20
2079: y = 13
2080: y = 35
2081: y = 28
2082: y = 2
2083: y = 2
2084: y = 27
2085: y = 27
2088: y = 10
2089: y = 10
2090: y = 49
2091: y = 39
2092: y = 35
2093: y = 17
2095: y = 17
2096: y = 27
2097: y = 48
2098: y = 48
2099: y = 33
2100: y = 25
2101: y = 25
2102: y = 5
2103: y = 22
2104: y = 10
2105: y = 21
2106: y = 21
2108: y = 24
2110: y = 45
2111: y = 28
2114: y = 19
2115: y = 19
2116: y = 49
2117: y = 18
2118: y = 34
2119: y = 32
2120: y = 38
2121: y = 21
2123: y = 6
2124: y = 6
2125: y = 10
2127: y = 10
2129: y = 24
2130: y = 24
2131: y = 45
2132: y = 45
2133: y = 38
2134: y = 21
2135: y = 33
2136: y = 30
2137: y = 33
2138: y = 22
2139: y = 22
2142: y = 32
2143: y = 40
2144: y = 30
2145: y = 15
2150: y = 48
2152: y = 44
2153: y = 34
2154: y = 29
2155: y = 33
2156: y = 3
2157: y = 28
2159: y = 2
2161: y = 35
2162: y = 12
2163: y = 31
2164: y = 31
2165: y = 27
2166: y = 27
2168: y = 12
2169: y = 43
2170: y = 43
2171: y = 17
2172: y = 7
2174: y = 1
2175: y = 1
2178: y = 14
2179: y = 41
2180: y = 41
2183: y = 22
2184: y = 0
2185: y = 38
2186: y = 48
2187: y = 35
2188: y = 38
2189: y = 21
2190: y = 46
2191: y = 15
2192: y = 33
2194: y = 21
2195: y = 32
2196: y = 25
2197: y = 39
2198: y = 14
2199: y = 14
2201: y = 49
2202: y = 16
2203: y = 16
2204: y = 10
2205: y = 10
2206: y = 44
2207: y = 49
2208: y = 33
2209: y = 30
2210: y = 7
2211: y = 16
2213: y = 29
2215: y = 11
2217: y = 30
2219: y = 29
2220: y = 41
2221: y = 49
2223: y = 32
2224: y = 32
2225: y = 32
2228: y = 31
2229: y = 8
2231: y = 2
2232: y = 13
2236: y = 17
2238: y = 10
2239: y = 33
2240: y = 19
2241: y = 39
2243: y = 22
2244: y = 30
2245: y = 30
2246: y = 30
2247: y = 13
2248: y = 8
2249: y = 38
2250: y = 8
2251: y = 12
2252: y = 40
2253: y = 40
2254: y = 40
2257: y = 36
2258: y = 34
2259: y = 28
2260: y = 27
2261: y = 31
2263: y = 6
2264: y = 6
2265: y = 6
2266: y = 6
2267: y = 32
2268: y = 32
2269: y = 1
2270: y = 31
2271: y = 45
2272: y = 15
2273: y = 24
2274: y = 28
2276: y = 19
2277: y = 24
2279: y = 48
2280: y = 10
2281: y = 10
2282: y = 8
2284: y = 20
2285: y = 4
2286: y = 5
2287: y = 46
2288: y = 13
2289: y = 46
2290: y = 46
2291: y = 21
2294: y = 47
2295: y = 22
2296: y = 0
2297: y = 11
2298: y = 5
2299: y = 16
2300: y = 16
2301: y = 16
2302: y = 45
2303: y = 15
2304: y = 35
2305: y = 38
2306: y = 38
2308: y = 40
2309: y = 6
2310: y = 42
2311: y = 18
2313: y = 38
2314: y = 41
2315: y = 31
2316: y = 31
2317: y = 12
2319: y = 19
2320: y = 19
2321: y = 48
2322: y = 27
2324: y = 27
2325: y = 21
2326: y = 36
2327: y = 36
2329: y = 48
2330: y = 27
2333: y = 43
2334: y = 16
2336: y = 16
2337: y = 4
2339: y = 20
2340: y = 32
2342: y = 32
2343: y = 32
2344: y = 32
2345: y = 3
2346: y = 3
2347: y = 47
2348: y = 48
2349: y = 38
2350: y = 8
2351: y = 40
2352: y = 50
2353: y = 49
2354: y = 50
2355: y = 28
2356: y = 20
2357: y = 20
2358: y = 8
2359: y = 8
2362: y = 26
2363: y = 34
2365: y = 38
2366: y = 38
2367: y = 42
2368: y = 29
2370: y = 28
2371: y = 21
2372: y = 9
2374: y = 49
2375: y = 21
2376: y = 30
2377: y = 2
2378: y = 1
2379: y = 0
2380: y = 45
2381: y = 32
2382: y = 11
2383: y = 27
2384: y = 18
2385: y = 16
2386: y = 32
2387: y = 11
2388: y = 19
2390: y = 27
2392: y = 24
2393: y = 24
2394: y = 16
2395: y = 41
2396: y = 28
2397: y = 5
2400: y = 6
2401: y = 6
2402: y = 6
2403: y = 14
2405: y = 4
2406: y = 5
2407: y = 33
2408: y = 45
2409: y = 1
2411: y = 19
2412: y = 13
2413: y = 43
2414: y = 43
2415: y = 32
2417: y = 10
2418: y = 0
2419: y = 28
2420: y = 37
2421: y = 44
2422: y = 13
2423: y = 13
2424: y = 32
2426: y = 30
2427: y = 47
2428: y = 40
2429: y = 42
2430: y = 15
2431: y = 15
2432: y = 37
2433: y = 28
2434: y = 28
2435: y = 48
2436: y = 24
2437: y = 37
2438: y = 22
2439: y = 37
2440: y = 1
2441: y = 33
2442: y = 7
2443: y = 30
2444: y = 47
2445: y = 47
2446: y = 27
2447: y = 24
2448: y = 40
2449: y = 11
2450: y = 13
2451: y = 7
2452: y = 14
2453: y = 26
2454: y = 5
2455: y = 43
2456: y = 4
2457: y = 21
2458: y = 38
2459: y = 45
2461: y = 42
2463: y = 16
2465: y = 34
2466: y = 32
2467: y = 32
2469: y = 14
2470: y = 15
2471: y = 15
2472: y = 15
2473: y = 15
2476: y = 0
2477: y = 10
2478: y = 22
2479: y = 18
2480: y = 18
2481: y = 18
2482: y = 13
2484: y = 33
2486: y = 35
2487: y = 0
2489: y = 2
2490: y = 46
2491: y = 45
2492: y = 45
2493: y = 50
2494: y = 13
2498: y = 44
2499: y = 21
2500: y = 16
2501: y = 45
2502: y = 34
2503: y = 16
2504: y = 16
2505: y = 4
2507: y = 9
2508: y = 17
2510: y = 31
2511: y = 21
2512: y = 23
2513: y = 6
2514: y = 29
2515: y = 33
2516: y = 37
2517: y = 36
2519: y = 48
2522: y = 36
2523: y = 36
2524: y = 30
2527: y = 48
2528: y = 29
2529: y = 35
2530: y = 25
2531: y = 49
2532: y = 49
2533: y = 16
2534: y = 29
2535: y = 29
2536: y = 29
2538: y = 38
2539: y = 21
2540: y = 34
2542: y = 26
2545: y = 25
2546: y = 2
2547: y = 34
2548: y = 13
2550: y = 13
2551: y = 32
2552: y = 50
2553: y = 46
2554: y = 7
2555: y = 4
2556: y = 35
2557: y = 35
2558: y = 36
2559: y = 47
2561: y = 4
2562: y = 22
2564: y = 5
2565: y = 36
2566: y = 21
2567: y = 2
2568: y = 2
2569: y = 28
2570: y = 14
2571: y = 16
2572: y = 38
2573: y = 21
2574: y = 42
2575: y = 1
2576: y = 39
2578: y = 28
2579: y = 22
2580: y = 42
2581: y = 42
2582: y = 35
2584: y = 24
2585: y = 12
2586: y = 12
2587: y = 14
2588: y = 50
2589: y = 32
2590: y = 10
2593: y = 8
2594: y = 23
2595: y = 1
2596: y = 1
2597: y = 28
2598: y = 10
2599: y = 19
2600: y = 10
2601: y = 38
2604: y = 8
2605: y = 10
2607: y = 22
2608: y = 22
2609: y = 9
2610: y = 9
2611: y = 33
2612: y = 33
2613: y = 31
2614: y = 35
2615: y = 40
2616: y = 45
2617: y = 45
2618: y = 23
2619: y = 40
2621: y = 40
2622: y = 49
2624: y = 34
2625: y = 34
2626: y = 7
2627: y = 27
2628: y = 27
2629: y = 31
2630: y = 13
2631: y = 15
2632: y = 12
2633: y = 22
2634: y = 29
2635: y = 48
2637: y = 48
2638: y = 48
2639: y = 28
2643: y = 17
2644: y = 35
2645: y = 0
2646: y = 20
2648: y = 34
2649: y = 21
2650: y = 38
2651: y = 42
2652: y = 14
2654: y = 22
2655: y = 22
2657: y = 6
2658: y = 49
2659: y = 13
2660: y = 45
2661: y = 33
2662: y = 1
2663: y = 36
2664: y = 29
2665: y = 10
2666: y = 10
2668: y = 32
2669: y = 44
2670: y = 44
2671: y = 5
2672: y = 44
2673: y = 19
2674: y = 19
2675: y = 38
2676: y = 38
2678: y = 32
2679: y = 10
2680: y = 10
2681: y = 10
2682: y = 10
2683: y = 30
2685: y = 48
2688: y = 24
2689: y = 40
2690: y = 11
2691: y = 10
2692: y = 46
2693: y = 4
2694: y = 26
2695: y = 36
2696: y = 25
2697: y = 8
2698: y = 35
2699: y = 12
2700: y = 32
2701: y = 32
2703: y = 31
2704: y = 37
2705: y = 11
2706: y = 11
2707: y = 26
2710: y = 10
2711: y = 26
2712: y = 50
2713: y = 46
2714: y = 25
2715: y = 48
2717: y = 25
2718: y = 43
2719: y = 43
2720: y = 43
2721: y = 17
2722: y = 32
2723: y = 27
2725: y = 34
2726: y = 27
2727: y = 22
2729: y = 32
2730: y = 32
2731: y = 32
2732: y = 24
2733: y = 25
2734: y = 26
2735: y = 46
2736: y = 50
2737: y = 24
2738: y = 49
2739: y = 33
2740: y = 33
2742: y = 5
2744: y = 22
2745: y = 39
2746: y = 28
2747: y = 33
2748: y = 39
2749: y = 48
2751: y = 48
2752: y = 20
2753: y = 19
2754: y = 10
2756: y = 3
2757: y = 3
2758: y = 16
2759: y = 2
2760: y = 2
2761: y = 50
2762: y = 32
2764: y = 30
2766: y = 17
2768: y = 22
2769: y = 14
2770: y = 36
2771: y = 36
2772: y = 31
2773: y = 43
2774: y = 43
2775: y = 42
2776: y = 14
2777: y = 28
2778: y = 49
2780: y = 45
2781: y = 47
2783: y = 20
2784: y = 20
2785: y = 33
2786: y = 42
2787: y = 34
2788: y = 40
2791: y = 44
2792: y = 44
2793: y = 49
2794: y = 49
2795: y = 35
2796: y = 35
2797: y = 12
2798: y = 50
2799: y = 7
2800: y = 7
2801: y = 30
2802: y = 38
2803: y = 36
2804: y = 5
2805: y = 5
2806: y = 27
2807: y = 35
2808: y = 42
2809: y = 10
2810: y = 2
2811: y = 50
2812: y = 6
2813: y = 2
2814: y = 3
2815: y = 37
2816: y = 15
2817: y = 4
2818: y = 26
2819: y = 1
2820: y = 39
2822: y = 3
2823: y = 3
2824: y = 5
2825: y = 12
2826: y = 40
2829: y = 35
2830: y = 24
2831: y = 39
2832: y = 21
2833: y = 21
2834: y = 5
2835: y = 41
2836: y = 29
2837: y = 43
2838: y = 12
2839: y = 12
2840: y = 12
2841: y = 20
2842: y = 31
2843: y = 31
2844: y = 8
2845: y = 26
2846: y = 32
2847: y = 26
2848: y = 47
2850: y = 18
2851: y = 4
2852: y = 31
2853: y = 31
2855: y = 13
2856: y = 26
2857: y = 16
2858: y = 26
2859: y = 7
2860: y = 10
2861: y = 27
2863: y = 42
2864: y = 11
2865: y = 4
2866: y = 1
2867: y = 7
2868: y = 2
2869: y = 44
2870: y = 11
2871: y = 18
2872: y = 18
2873: y = 16
2874: y = 16
2875: y = 7
2876: y = 7
2877: y = 43
2879: y = 3
2880: y = 34
2881: y = 34
2882: y = 34
2883: y = 31
2884: y = 21
2885: y = 21
2886: y = 25
2888: y = 25
2889: y = 5
2892: y = 3
2893: y = 3
2894: y = 4
2895: y = 10
2896: y = 10
2898: y = 23
2899: y = 33
2900: y = 15
2902: y = 2
2904: y = 34
2905: y = 9
2906: y = 9
2907: y = 29
2909: y = 7
2910: y = 26
2911: y = 50
2912: y = 50
2914: y = 13
2916: y = 4
2917: y = 0
2918: y = 0
2919: y = 50
2920: y = 26
2921: y = 7
2922: y = 38
2923: y = 42
2924: y = 42
2925: y = 37
2926: y = 29
2927: y = 10
2930: y = 17
2931: y = 1
2932: y = 10
2933: y = 29
2934: y = 50
2936: y = 49
2938: y = 8
2939: y = 9
2940: y = 17
2941: y = 7
2942: y = 13
2943: y = 27
2944: y = 42
2945: y = 19
2946: y = 5
2947: y = 34
2948: y = 5
2949: y = 5
2950: y = 22
2951: y = 7
2952: y = 1
2953: y = 5
2954: y = 28
2955: y = 46
2956: y = 46
2958: y = 1
2959: y = 16
2960: y = 10
2961: y = 24
2963: y = 18
2964: y = 7
2965: y = 43
2966: y = 15
2967: y = 40
2968: y = 40
2970: y = 11
2972: y = 5
2973: y = 5
2974: y = 5
2975: y = 6
2977: y = 3
2979: y = 26
2981: y = 27
2982: y = 27
2983: y = 9
2984: y = 27
2985: y = 27
2986: y = 2
2987: y = 5
2988: y = 49
2990: y = 46
2991: y = 27
2992: y = 3
2993: y = 35
2994: y = 35
2995: y = 21
2996: y = 3
2999: y = 50
3000: y = 49
