1: y = 18
2: y = 49
4: y = 25
5: y = 13
6: y = 13
8: y = 45
9: y = 20
10: y = 40
11: y = 34
13: y = 41
17: y = 1
19: y = 8
20: y = 33
21: y = 16
22: y = 32
24: y = 49
25: y = 30
27: y = 21
28: y = 21
29: y = 21
31: y = 21
32: y = 21
33: y = 10
36: y = 29
37: y = 20
38: y = 30
39: y = 30
40: y = 50
41: y = 50
42: y = 50
43: y = 50
45: y = 12
47: y = 44
48: y = 26
49: y = 22
51: y = 0
55: y = 48
56: y = 49
58: y = 39
59: y = 2
60: y = 19
61: y = 40
63: y = 43
66: y = 30
71: y = 39
73: y = 39
77: y = 11
80: y = 6
81: y = 44
83: y = 20
85: y = 33
87: y = 31
89: y = 7
92: y = 11
97: y = 25
98: y = 1
99: y = 23
