7: y = 7
12: y = 12
24: y = 24
40: y = 40
47: y = 47
56: y = 56
78: y = 78
90: y = 90
