0: y = 0
13: y = 1
33: y = 2
41: y = 3
64: y = 4
69: y = 5
77: y = 6
