0: y = 0
1: y = 1
26: y = 2
39: y = 3
46: y = 4
60: y = 5
86: y = 6
90: y = 7
99: y = 8
117: y = 9
119: y = 10
123: y = 11
134: y = 12
137: y = 13
138: y = 14
149: y = 15
151: y = 16
174: y = 17
178: y = 18
181: y = 19
202: y = 20
226: y = 21
233: y = 22
237: y = 23
244: y = 24
276: y = 25
282: y = 26
283: y = 27
285: y = 28
287: y = 29
306: y = 30
309: y = 31
311: y = 32
319: y = 33
329: y = 34
345: y = 35
352: y = 36
361: y = 37
375: y = 38
386: y = 39
391: y = 40
393: y = 41
394: y = 42
396: y = 43
402: y = 44
479: y = 45
491: y = 46
492: y = 47
493: y = 48
495: y = 49
508: y = 50
518: y = 51
523: y = 52
548: y = 53
557: y = 54
558: y = 55
563: y = 56
574: y = 57
588: y = 58
590: y = 59
598: y = 60
620: y = 61
621: y = 62
628: y = 63
637: y = 64
640: y = 65
649: y = 66
656: y = 67
675: y = 68
676: y = 69
690: y = 70
705: y = 71
717: y = 72
723: y = 73
728: y = 74
729: y = 75
731: y = 76
741: y = 77
747: y = 78
748: y = 79
765: y = 80
781: y = 81
784: y = 82
804: y = 83
810: y = 84
826: y = 85
829: y = 86
835: y = 87
845: y = 88
854: y = 89
866: y = 90
887: y = 91
888: y = 92
927: y = 93
935: y = 94
953: y = 95
957: y = 96
983: y = 97
992: y = 98
999: y = 99
