2: y = 4
3: y = 4
7: y = 3
8: y = 27
14: y = 30
18: y = 50
21: y = 8
22: y = 22
23: y = 24
24: y = 24
28: y = 16
32: y = 23
34: y = 2
35: y = 28
36: y = 17
41: y = 6
42: y = 6
44: y = 49
45: y = 16
49: y = 4
52: y = 23
53: y = 19
55: y = 24
62: y = 24
74: y = 49
75: y = 13
80: y = 4
81: y = 48
82: y = 6
87: y = 10
89: y = 42
91: y = 24
95: y = 48
96: y = 12
99: y = 48
112: y = 38
113: y = 31
123: y = 43
125: y = 47
128: y = 14
130: y = 20
131: y = 29
134: y = 42
137: y = 41
140: y = 3
145: y = 50
147: y = 19
148: y = 15
153: y = 48
154: y = 48
157: y = 39
164: y = 9
171: y = 15
175: y = 18
178: y = 18
179: y = 37
183: y = 6
184: y = 34
186: y = 31
187: y = 23
188: y = 23
189: y = 12
190: y = 12
191: y = 12
192: y = 12
194: y = 42
202: y = 35
205: y = 11
216: y = 37
218: y = 17
219: y = 23
224: y = 46
228: y = 11
231: y = 15
234: y = 25
235: y = 23
237: y = 3
244: y = 41
246: y = 32
249: y = 27
255: y = 28
256: y = 28
259: y = 2
260: y = 43
261: y = 23
269: y = 49
274: y = 48
275: y = 48
276: y = 10
281: y = 9
289: y = 9
290: y = 12
294: y = 22
296: y = 22
297: y = 23
298: y = 23
301: y = 13
310: y = 16
317: y = 8
318: y = 8
326: y = 14
327: y = 17
329: y = 32
332: y = 42
339: y = 37
340: y = 43
342: y = 12
343: y = 43
347: y = 3
350: y = 12
352: y = 48
358: y = 12
360: y = 38
362: y = 36
364: y = 23
365: y = 32
370: y = 37
371: y = 45
376: y = 50
379: y = 44
383: y = 41
393: y = 31
396: y = 50
400: y = 13
405: y = 18
408: y = 27
410: y = 27
417: y = 21
418: y = 21
423: y = 23
426: y = 12
435: y = 18
436: y = 18
438: y = 46
441: y = 34
448: y = 12
451: y = 39
452: y = 27
455: y = 7
457: y = 22
470: y = 13
471: y = 43
472: y = 49
474: y = 44
475: y = 4
476: y = 5
489: y = 46
491: y = 25
493: y = 11
494: y = 48
497: y = 25
499: y = 6
501: y = 37
502: y = 47
507: y = 9
511: y = 44
514: y = 49
517: y = 10
518: y = 36
519: y = 30
520: y = 30
522: y = 30
523: y = 36
524: y = 23
525: y = 26
526: y = 36
530: y = 45
531: y = 14
532: y = 34
533: y = 26
543: y = 11
549: y = 33
550: y = 12
551: y = 5
552: y = 5
553: y = 23
555: y = 26
558: y = 27
559: y = 27
562: y = 15
565: y = 19
567: y = 50
568: y = 26
570: y = 17
578: y = 35
584: y = 15
587: y = 39
590: y = 18
594: y = 48
595: y = 48
596: y = 19
600: y = 47
603: y = 48
604: y = 48
605: y = 15
606: y = 15
612: y = 33
614: y = 34
616: y = 22
619: y = 17
621: y = 49
622: y = 49
627: y = 25
628: y = 25
635: y = 9
638: y = 11
641: y = 48
642: y = 20
647: y = 9
651: y = 19
652: y = 47
657: y = 48
659: y = 17
660: y = 18
662: y = 42
668: y = 9
679: y = 32
688: y = 36
698: y = 11
704: y = 26
705: y = 26
706: y = 35
709: y = 43
711: y = 6
717: y = 34
721: y = 7
724: y = 48
725: y = 27
727: y = 15
729: y = 47
731: y = 5
734: y = 49
736: y = 45
744: y = 38
745: y = 9
753: y = 39
760: y = 20
763: y = 14
764: y = 31
765: y = 31
772: y = 9
777: y = 44
789: y = 30
792: y = 14
794: y = 18
798: y = 16
804: y = 48
805: y = 45
807: y = 43
818: y = 44
820: y = 44
821: y = 21
822: y = 19
823: y = 49
825: y = 48
828: y = 20
830: y = 14
831: y = 14
834: y = 14
836: y = 45
844: y = 42
847: y = 7
848: y = 50
855: y = 49
856: y = 32
858: y = 32
860: y = 49
867: y = 11
868: y = 11
874: y = 48
877: y = 26
878: y = 16
879: y = 37
880: y = 13
887: y = 11
892: y = 7
899: y = 34
902: y = 3
903: y = 21
905: y = 1
910: y = 6
912: y = 6
917: y = 29
921: y = 34
927: y = 7
929: y = 45
930: y = 46
932: y = 38
934: y = 5
939: y = 10
943: y = 39
945: y = 21
952: y = 43
959: y = 15
960: y = 15
965: y = 39
966: y = 39
969: y = 24
974: y = 21
976: y = 32
985: y = 41
987: y = 28
994: y = 28
996: y = 15
997: y = 38
1003: y = 11
1009: y = 14
1023: y = 39
1024: y = 32
1027: y = 8
1028: y = 8
1031: y = 8
1032: y = 18
1034: y = 3
1039: y = 20
1041: y = 27
1042: y = 31
1043: y = 31
1046: y = 40
1050: y = 7
1053: y = 7
1055: y = 37
1056: y = 11
1061: y = 47
1070: y = 35
1072: y = 47
1074: y = 14
1077: y = 39
1084: y = 45
1091: y = 38
1093: y = 26
1097: y = 21
1098: y = 22
1103: y = 37
1108: y = 15
1112: y = 2
1122: y = 6
1123: y = 6
1124: y = 6
1128: y = 22
1129: y = 12
1130: y = 44
1132: y = 23
1140: y = 28
1142: y = 44
1144: y = 44
1149: y = 26
1151: y = 23
1158: y = 38
1160: y = 45
1162: y = 46
1169: y = 43
1170: y = 43
1182: y = 15
1186: y = 34
1196: y = 27
1198: y = 8
1212: y = 2
1213: y = 39
1222: y = 45
1224: y = 28
1229: y = 16
1231: y = 34
1232: y = 34
1234: y = 34
1235: y = 34
1240: y = 8
1241: y = 19
1244: y = 15
1245: y = 39
1246: y = 32
1248: y = 37
1251: y = 27
1254: y = 1
1258: y = 2
1260: y = 21
1262: y = 50
1267: y = 11
1268: y = 6
1273: y = 28
1277: y = 36
1279: y = 18
1284: y = 25
1285: y = 25
1292: y = 49
1294: y = 49
1295: y = 27
1296: y = 27
1298: y = 29
1301: y = 38
1308: y = 3
1309: y = 16
1313: y = 31
1314: y = 20
1319: y = 3
1320: y = 3
1324: y = 48
1326: y = 34
1332: y = 18
1337: y = 18
1340: y = 30
1343: y = 14
1344: y = 43
1359: y = 13
1366: y = 40
1369: y = 10
1374: y = 20
1377: y = 38
1380: y = 7
1384: y = 27
1386: y = 7
1387: y = 37
1397: y = 9
1398: y = 9
1399: y = 9
1404: y = 13
1410: y = 33
1413: y = 11
1414: y = 11
1415: y = 11
1416: y = 26
1419: y = 26
1420: y = 25
1435: y = 38
1437: y = 38
1438: y = 38
1442: y = 36
1443: y = 1
1449: y = 22
1450: y = 33
1451: y = 48
1454: y = 11
1461: y = 46
1463: y = 33
1464: y = 41
1465: y = 41
1467: y = 38
1468: y = 38
1473: y = 25
1475: y = 22
1476: y = 20
1487: y = 26
1489: y = 16
1496: y = 50
1498: y = 2
1499: y = 21
1510: y = 6
1516: y = 32
1520: y = 25
1524: y = 50
1525: y = 37
1528: y = 36
1530: y = 28
1531: y = 34
1532: y = 49
1533: y = 34
1535: y = 27
1539: y = 5
1541: y = 40
1542: y = 3
1545: y = 15
1551: y = 5
1555: y = 28
1565: y = 32
1568: y = 11
1569: y = 11
1574: y = 37
1576: y = 21
1577: y = 11
1578: y = 34
1579: y = 40
1586: y = 31
1587: y = 25
1589: y = 19
1590: y = 19
1594: y = 2
1596: y = 47
1597: y = 12
1601: y = 19
1602: y = 19
1608: y = 42
1610: y = 32
1612: y = 31
1614: y = 34
1617: y = 38
1618: y = 17
1619: y = 32
1621: y = 27
1622: y = 50
1625: y = 23
1626: y = 10
1628: y = 46
1631: y = 29
1632: y = 29
1633: y = 29
1634: y = 29
1635: y = 29
1637: y = 32
1640: y = 42
1642: y = 11
1644: y = 11
1646: y = 24
1648: y = 24
1651: y = 40
1653: y = 11
1656: y = 11
1658: y = 18
1663: y = 42
1669: y = 48
1673: y = 46
1674: y = 46
1677: y = 43
1678: y = 5
1680: y = 15
1692: y = 43
1696: y = 30
1697: y = 11
1698: y = 11
1705: y = 39
1706: y = 47
1712: y = 16
1718: y = 19
1720: y = 37
1723: y = 40
1724: y = 44
1727: y = 41
1728: y = 3
1737: y = 3
1739: y = 35
1740: y = 35
1742: y = 44
1743: y = 22
1754: y = 33
1759: y = 47
1762: y = 21
1764: y = 24
1767: y = 31
1773: y = 26
1775: y = 24
1779: y = 15
1781: y = 27
1782: y = 14
1783: y = 43
1787: y = 28
1793: y = 10
1796: y = 6
1798: y = 1
1804: y = 3
1806: y = 39
1815: y = 25
1817: y = 25
1818: y = 46
1820: y = 11
1825: y = 7
1829: y = 49
1830: y = 49
1833: y = 38
1838: y = 41
1839: y = 37
1842: y = 23
1845: y = 42
1846: y = 15
1849: y = 8
1852: y = 8
1854: y = 14
1856: y = 15
1858: y = 19
1859: y = 19
1861: y = 43
1862: y = 2
1863: y = 2
1870: y = 46
1872: y = 39
1874: y = 48
1879: y = 34
1882: y = 34
1886: y = 17
1891: y = 8
1895: y = 29
1896: y = 42
1900: y = 37
1904: y = 4
1907: y = 18
1910: y = 15
1911: y = 23
1913: y = 11
1914: y = 11
1915: y = 22
1917: y = 32
1918: y = 11
1921: y = 22
1925: y = 15
1926: y = 41
1929: y = 49
1931: y = 21
1932: y = 10
1933: y = 31
1940: y = 25
1941: y = 29
1943: y = 50
1945: y = 50
1949: y = 6
1950: y = 39
1953: y = 22
1959: y = 32
1961: y = 23
1964: y = 11
1965: y = 11
1966: y = 3
1969: y = 18
1970: y = 12
1971: y = 19
1973: y = 16
1979: y = 28
1980: y = 46
1981: y = 50
1987: y = 26
1993: y = 48
1995: y = 46
1996: y = 18
2000: y = 1
2003: y = 30
2010: y = 20
2011: y = 20
2012: y = 20
2015: y = 37
2019: y = 35
2021: y = 32
2022: y = 33
2024: y = 29
2025: y = 29
2027: y = 10
2028: y = 10
2031: y = 27
2034: y = 28
2035: y = 10
2039: y = 43
2040: y = 2
2042: y = 43
2050: y = 16
2051: y = 14
2054: y = 10
2058: y = 13
2059: y = 21
2062: y = 27
2064: y = 9
2068: y = 15
2069: y = 15
2071: y = 22
2076: y = 4
2080: y = 11
2085: y = 40
2086: y = 37
2091: y = 43
2092: y = 22
2094: y = 44
2096: y = 7
2099: y = 14
2101: y = 34
2102: y = 34
2108: y = 33
2110: y = 43
2112: y = 43
2113: y = 37
2119: y = 8
2122: y = 45
2125: y = 16
2126: y = 1
2134: y = 32
2135: y = 20
2138: y = 25
2139: y = 22
2142: y = 9
2149: y = 5
2158: y = 35
2159: y = 8
2162: y = 49
2164: y = 38
2166: y = 45
2168: y = 18
2175: y = 46
2176: y = 13
2177: y = 40
2179: y = 32
2181: y = 29
2183: y = 1
2185: y = 10
2190: y = 41
2191: y = 20
2193: y = 12
2194: y = 2
2201: y = 33
2205: y = 30
2209: y = 7
2216: y = 44
2218: y = 50
2228: y = 16
2232: y = 26
2235: y = 8
2239: y = 47
2241: y = 32
2247: y = 23
2253: y = 36
2257: y = 4
2261: y = 24
2262: y = 4
2263: y = 14
2265: y = 34
2268: y = 19
2270: y = 41
2271: y = 35
2272: y = 14
2279: y = 43
2280: y = 40
2284: y = 20
2287: y = 20
2293: y = 41
2296: y = 19
2297: y = 39
2298: y = 32
2301: y = 32
2304: y = 39
2305: y = 1
2309: y = 14
2313: y = 39
2316: y = 11
2318: y = 27
2322: y = 41
2324: y = 40
2325: y = 38
2343: y = 45
2344: y = 43
2347: y = 1
2349: y = 21
2352: y = 9
2354: y = 1
2355: y = 1
2360: y = 2
2364: y = 21
2366: y = 44
2367: y = 21
2373: y = 10
2375: y = 11
2378: y = 34
2379: y = 46
2382: y = 35
2383: y = 30
2388: y = 43
2395: y = 11
2397: y = 27
2406: y = 38
2409: y = 35
2410: y = 30
2413: y = 39
2423: y = 18
2424: y = 21
2428: y = 41
2429: y = 44
2430: y = 23
2437: y = 31
2441: y = 6
2447: y = 43
2450: y = 6
2451: y = 19
2452: y = 25
2459: y = 16
2462: y = 49
2469: y = 33
2476: y = 1
2477: y = 1
2480: y = 42
2486: y = 15
2488: y = 46
2492: y = 31
2493: y = 31
2500: y = 34
2501: y = 34
2508: y = 4
2510: y = 4
2512: y = 30
2520: y = 35
2527: y = 47
2530: y = 3
2535: y = 35
2537: y = 42
2540: y = 48
2544: y = 12
2545: y = 27
2547: y = 17
2549: y = 30
2556: y = 25
2558: y = 15
2562: y = 50
2565: y = 50
2566: y = 7
2569: y = 43
2574: y = 41
2576: y = 24
2581: y = 24
2587: y = 49
2590: y = 32
2592: y = 22
2596: y = 11
2597: y = 32
2598: y = 3
2600: y = 17
2601: y = 45
2602: y = 8
2610: y = 1
2613: y = 36
2616: y = 38
2621: y = 39
2625: y = 36
2629: y = 9
2631: y = 30
2635: y = 26
2637: y = 46
2639: y = 50
2641: y = 24
2644: y = 18
2655: y = 10
2662: y = 23
2663: y = 5
2664: y = 1
2669: y = 41
2671: y = 22
2678: y = 19
2683: y = 8
2687: y = 21
2689: y = 19
2691: y = 27
2693: y = 26
2694: y = 26
2696: y = 50
2697: y = 50
2698: y = 2
2702: y = 3
2705: y = 4
2708: y = 1
2709: y = 10
2714: y = 22
2716: y = 31
2720: y = 7
2723: y = 38
2727: y = 40
2730: y = 30
2732: y = 4
2735: y = 31
2736: y = 39
2739: y = 10
2748: y = 2
2751: y = 38
2754: y = 29
2755: y = 36
2756: y = 11
2759: y = 50
2760: y = 50
2762: y = 37
2765: y = 49
2769: y = 40
2772: y = 42
2773: y = 26
2774: y = 47
2776: y = 23
2777: y = 23
2783: y = 44
2791: y = 39
2796: y = 7
2799: y = 48
2804: y = 29
2808: y = 45
2809: y = 24
2813: y = 39
2819: y = 9
2820: y = 9
2824: y = 43
2830: y = 48
2840: y = 31
2841: y = 31
2842: y = 24
2843: y = 5
2845: y = 43
2846: y = 10
2851: y = 32
2852: y = 45
2855: y = 8
2859: y = 28
2864: y = 29
2866: y = 43
2867: y = 20
2871: y = 17
2872: y = 3
2873: y = 45
2874: y = 15
2877: y = 33
2883: y = 17
2884: y = 16
2895: y = 50
2896: y = 50
2902: y = 17
2912: y = 4
2915: y = 26
2925: y = 41
2926: y = 37
2927: y = 3
2928: y = 26
2931: y = 10
2932: y = 29
2934: y = 29
2941: y = 7
2946: y = 36
2947: y = 44
2951: y = 24
2957: y = 33
2958: y = 24
2959: y = 15
2961: y = 41
2962: y = 41
2965: y = 30
2967: y = 20
2977: y = 19
2980: y = 35
2984: y = 24
2987: y = 26
2990: y = 43
2997: y = 36
2999: y = 43
3004: y = 20
3012: y = 42
3015: y = 26
3018: y = 26
3031: y = 17
3035: y = 34
3036: y = 34
3037: y = 34
3042: y = 36
3043: y = 50
3048: y = 33
3049: y = 33
3050: y = 47
3055: y = 12
3056: y = 15
3061: y = 23
3063: y = 4
3065: y = 4
3066: y = 6
3077: y = 28
3078: y = 9
3079: y = 36
3081: y = 32
3082: y = 38
3088: y = 5
3089: y = 5
3091: y = 5
3096: y = 13
3098: y = 6
3099: y = 3
3101: y = 42
3104: y = 24
3106: y = 49
3109: y = 8
3113: y = 11
3114: y = 34
3115: y = 48
3120: y = 2
3123: y = 2
3124: y = 50
3128: y = 33
3132: y = 3
3137: y = 9
3142: y = 39
3147: y = 40
3152: y = 49
3154: y = 31
3158: y = 20
3159: y = 20
3160: y = 20
3162: y = 13
3167: y = 9
3171: y = 15
3172: y = 25
3174: y = 12
3176: y = 20
3180: y = 40
3182: y = 6
3183: y = 43
3186: y = 47
3192: y = 22
3197: y = 10
3199: y = 1
3201: y = 49
3212: y = 33
3214: y = 32
3218: y = 15
3220: y = 15
3223: y = 21
3229: y = 27
3233: y = 24
3237: y = 42
3243: y = 20
3245: y = 28
3246: y = 22
3250: y = 21
3258: y = 6
3261: y = 22
3263: y = 1
3265: y = 33
3267: y = 10
3269: y = 32
3270: y = 15
3275: y = 11
3277: y = 27
3279: y = 46
3290: y = 37
3299: y = 11
3302: y = 46
3303: y = 23
3312: y = 42
3321: y = 35
3326: y = 30
3334: y = 49
3342: y = 1
3349: y = 35
3353: y = 30
3357: y = 12
3358: y = 12
3359: y = 11
3362: y = 24
3366: y = 14
3368: y = 14
3373: y = 43
3375: y = 16
3377: y = 48
3379: y = 30
3382: y = 35
3386: y = 21
3387: y = 19
3388: y = 48
3389: y = 4
3393: y = 49
3396: y = 17
3401: y = 23
3406: y = 17
3408: y = 31
3412: y = 24
3414: y = 2
3416: y = 3
3423: y = 15
3424: y = 15
3431: y = 11
3436: y = 49
3440: y = 26
3444: y = 50
3448: y = 44
3456: y = 11
3460: y = 38
3465: y = 39
3468: y = 48
3475: y = 45
3478: y = 2
3482: y = 10
3486: y = 17
3488: y = 32
3492: y = 1
3493: y = 29
3495: y = 23
3497: y = 8
3504: y = 17
3506: y = 21
3509: y = 37
3510: y = 9
3515: y = 4
3520: y = 40
3521: y = 33
3523: y = 41
3526: y = 40
3528: y = 11
3529: y = 38
3534: y = 22
3535: y = 26
3552: y = 3
3559: y = 5
3564: y = 40
3571: y = 12
3573: y = 35
3576: y = 3
3577: y = 5
3578: y = 36
3579: y = 24
3581: y = 6
3583: y = 47
3584: y = 26
3586: y = 37
3587: y = 26
3588: y = 5
3589: y = 24
3591: y = 2
3593: y = 22
3595: y = 43
3596: y = 43
3598: y = 28
3603: y = 8
3604: y = 35
3606: y = 16
3607: y = 25
3613: y = 13
3617: y = 38
3619: y = 39
3628: y = 21
3633: y = 12
3642: y = 44
3644: y = 4
3645: y = 4
3647: y = 3
3649: y = 36
3653: y = 19
3654: y = 19
3658: y = 5
3659: y = 5
3660: y = 25
3663: y = 44
3664: y = 44
3665: y = 1
3671: y = 36
3672: y = 33
3675: y = 41
3677: y = 14
3681: y = 47
3689: y = 42
3696: y = 34
3700: y = 20
3701: y = 36
3706: y = 1
3712: y = 3
3713: y = 40
3718: y = 14
3721: y = 10
3724: y = 4
3736: y = 15
3742: y = 28
3745: y = 14
3750: y = 21
3751: y = 15
3755: y = 36
3760: y = 41
3762: y = 48
3766: y = 49
3770: y = 44
3773: y = 43
3775: y = 15
3778: y = 16
3782: y = 20
3788: y = 12
3791: y = 38
3792: y = 46
3796: y = 46
3797: y = 46
3805: y = 38
3806: y = 31
3807: y = 31
3814: y = 17
3815: y = 45
3817: y = 30
3818: y = 30
3821: y = 13
3824: y = 33
3830: y = 8
3832: y = 25
3838: y = 20
3839: y = 20
3842: y = 38
3845: y = 49
3848: y = 17
3850: y = 37
3851: y = 11
3855: y = 12
3857: y = 50
3858: y = 38
3864: y = 25
3868: y = 37
3875: y = 6
3884: y = 20
3885: y = 20
3893: y = 6
3898: y = 2
3899: y = 34
3905: y = 12
3911: y = 44
3913: y = 22
3915: y = 36
3917: y = 21
3919: y = 33
3922: y = 9
3924: y = 25
3926: y = 22
3929: y = 12
3934: y = 43
3938: y = 10
3939: y = 10
3940: y = 3
3943: y = 37
3945: y = 35
3947: y = 7
3948: y = 30
3949: y = 30
3950: y = 44
3952: y = 5
3953: y = 23
3957: y = 47
3958: y = 23
3961: y = 30
3972: y = 33
3974: y = 48
3975: y = 48
3976: y = 48
3978: y = 49
3981: y = 1
3983: y = 30
3987: y = 31
3991: y = 42
3996: y = 24
3999: y = 41
4000: y = 27
4003: y = 33
4004: y = 28
4005: y = 28
4006: y = 8
4013: y = 29
4015: y = 40
4016: y = 15
4025: y = 29
4026: y = 36
4027: y = 36
4028: y = 19
4031: y = 47
4033: y = 47
4034: y = 12
4036: y = 35
4038: y = 23
4040: y = 49
4041: y = 1
4045: y = 33
4046: y = 33
4047: y = 22
4051: y = 17
4052: y = 17
4054: y = 33
4057: y = 20
4059: y = 49
4065: y = 16
4069: y = 19
4070: y = 25
4072: y = 50
4077: y = 32
4078: y = 37
4079: y = 20
4083: y = 22
4085: y = 46
4086: y = 50
4088: y = 32
4091: y = 44
4092: y = 34
4104: y = 14
4106: y = 2
4108: y = 24
4110: y = 46
4116: y = 25
4122: y = 45
4123: y = 35
4125: y = 35
4127: y = 18
4133: y = 23
4134: y = 35
4135: y = 35
4137: y = 36
4138: y = 32
4139: y = 31
4140: y = 27
4143: y = 13
4148: y = 29
4152: y = 22
4159: y = 7
4161: y = 44
4165: y = 13
4169: y = 22
4176: y = 2
4180: y = 44
4181: y = 44
4183: y = 17
4187: y = 9
4189: y = 9
4198: y = 34
4206: y = 3
4207: y = 9
4209: y = 28
4216: y = 46
4219: y = 5
4220: y = 5
4229: y = 20
4231: y = 11
4233: y = 11
4237: y = 8
4238: y = 27
4239: y = 38
4242: y = 38
4250: y = 38
4251: y = 41
4257: y = 46
4262: y = 1
4263: y = 1
4264: y = 1
4265: y = 36
4266: y = 36
4267: y = 36
4274: y = 47
4278: y = 14
4290: y = 13
4292: y = 43
4295: y = 19
4298: y = 2
4301: y = 30
4316: y = 26
4320: y = 23
4322: y = 42
4323: y = 42
4325: y = 5
4332: y = 41
4336: y = 2
4346: y = 49
4347: y = 49
4349: y = 4
4362: y = 8
4363: y = 31
4364: y = 31
4365: y = 6
4368: y = 27
4369: y = 27
4370: y = 40
4375: y = 33
4376: y = 33
4388: y = 39
4390: y = 34
4391: y = 32
4394: y = 16
4401: y = 21
4404: y = 17
4408: y = 35
4409: y = 7
4410: y = 7
4412: y = 7
4413: y = 28
4416: y = 35
4427: y = 39
4432: y = 2
4433: y = 3
4436: y = 14
4437: y = 43
4440: y = 36
4441: y = 41
4454: y = 14
4458: y = 41
4461: y = 18
4467: y = 10
4474: y = 46
4484: y = 18
4485: y = 21
4489: y = 46
4491: y = 30
4497: y = 41
4506: y = 44
4509: y = 25
4510: y = 8
4511: y = 26
4513: y = 9
4514: y = 8
4520: y = 28
4523: y = 14
4525: y = 8
4528: y = 26
4530: y = 32
4536: y = 22
4537: y = 37
4540: y = 37
4544: y = 43
4547: y = 7
4548: y = 40
4554: y = 12
4555: y = 36
4557: y = 47
4558: y = 19
4560: y = 37
4566: y = 32
4571: y = 11
4573: y = 11
4575: y = 41
4576: y = 36
4579: y = 36
4581: y = 3
4590: y = 26
4591: y = 31
4595: y = 37
4601: y = 39
4611: y = 4
4614: y = 6
4623: y = 42
4625: y = 42
4627: y = 9
4628: y = 9
4630: y = 36
4632: y = 29
4634: y = 41
4642: y = 49
4645: y = 40
4648: y = 30
4649: y = 30
4653: y = 35
4654: y = 18
4657: y = 44
4658: y = 39
4660: y = 25
4661: y = 35
4663: y = 37
4667: y = 8
4669: y = 15
4670: y = 49
4676: y = 16
4678: y = 8
4682: y = 13
4683: y = 17
4685: y = 11
4688: y = 13
4699: y = 27
4700: y = 27
4701: y = 27
4715: y = 37
4721: y = 4
4727: y = 9
4731: y = 32
4732: y = 23
4735: y = 5
4747: y = 34
4748: y = 38
4749: y = 37
4760: y = 27
4761: y = 28
4762: y = 28
4765: y = 47
4768: y = 1
4770: y = 18
4772: y = 18
4775: y = 1
4776: y = 28
4778: y = 27
4779: y = 30
4781: y = 34
4782: y = 34
4783: y = 10
4784: y = 10
4785: y = 46
4786: y = 21
4787: y = 48
4789: y = 48
4794: y = 8
4797: y = 28
4798: y = 47
4800: y = 47
4809: y = 46
4813: y = 10
4826: y = 28
4833: y = 39
4837: y = 43
4838: y = 2
4840: y = 49
4843: y = 21
4845: y = 12
4847: y = 8
4848: y = 8
4849: y = 50
4850: y = 50
4855: y = 36
4856: y = 17
4860: y = 14
4865: y = 41
4867: y = 11
4870: y = 43
4873: y = 9
4881: y = 12
4888: y = 34
4889: y = 32
4896: y = 49
4898: y = 49
4905: y = 2
4909: y = 12
4911: y = 12
4912: y = 45
4913: y = 45
4914: y = 45
4920: y = 4
4927: y = 26
4929: y = 32
4931: y = 3
4933: y = 21
4934: y = 21
4947: y = 40
4949: y = 27
4956: y = 8
4957: y = 15
4958: y = 24
4959: y = 4
4960: y = 34
4967: y = 32
4971: y = 36
4973: y = 46
4981: y = 4
4982: y = 4
4984: y = 4
4996: y = 18
4999: y = 18
5002: y = 50
5006: y = 30
5007: y = 1
5010: y = 39
5011: y = 39
5013: y = 29
5014: y = 29
5015: y = 33
5017: y = 17
5018: y = 17
5024: y = 26
5026: y = 26
5027: y = 26
5030: y = 31
5035: y = 9
5038: y = 24
5044: y = 17
5047: y = 31
5048: y = 38
5052: y = 35
5056: y = 32
5063: y = 33
5064: y = 33
5065: y = 39
5069: y = 48
5070: y = 40
5072: y = 48
5073: y = 48
5074: y = 48
5078: y = 35
5095: y = 30
5099: y = 9
5104: y = 34
5105: y = 24
5106: y = 33
5108: y = 37
5109: y = 37
5110: y = 3
5113: y = 16
5115: y = 4
5121: y = 25
5129: y = 15
5137: y = 13
5142: y = 8
5144: y = 10
5146: y = 38
5149: y = 22
5152: y = 32
5158: y = 30
5164: y = 50
5166: y = 8
5168: y = 9
5172: y = 13
5179: y = 48
5181: y = 31
5187: y = 49
5190: y = 7
5196: y = 22
5199: y = 20
5201: y = 6
5203: y = 25
5206: y = 5
5207: y = 34
5208: y = 36
5212: y = 13
5215: y = 46
5216: y = 46
5217: y = 11
5223: y = 21
5231: y = 50
5232: y = 23
5236: y = 21
5237: y = 21
5244: y = 43
5250: y = 48
5255: y = 42
5262: y = 42
5264: y = 16
5268: y = 44
5269: y = 35
5279: y = 24
5282: y = 37
5283: y = 23
5284: y = 46
5285: y = 46
5290: y = 38
5291: y = 20
5295: y = 8
5298: y = 8
5305: y = 49
5309: y = 7
5313: y = 11
5314: y = 11
5329: y = 6
5332: y = 44
5341: y = 13
5343: y = 32
5347: y = 37
5350: y = 9
5351: y = 48
5354: y = 23
5355: y = 46
5367: y = 11
5369: y = 33
5372: y = 1
5376: y = 10
5378: y = 14
5380: y = 17
5382: y = 2
5384: y = 4
5386: y = 27
5388: y = 11
5389: y = 40
5390: y = 18
5391: y = 18
5393: y = 32
5396: y = 32
5397: y = 12
5400: y = 48
5402: y = 33
5403: y = 35
5406: y = 22
5407: y = 23
5408: y = 5
5409: y = 38
5411: y = 3
5414: y = 7
5420: y = 50
5421: y = 50
5423: y = 41
5425: y = 48
5431: y = 6
5435: y = 49
5438: y = 21
5442: y = 23
5443: y = 23
5444: y = 32
5445: y = 32
5446: y = 28
5457: y = 49
5458: y = 33
5460: y = 33
5465: y = 49
5466: y = 49
5471: y = 39
5476: y = 4
5477: y = 37
5478: y = 46
5484: y = 23
5488: y = 38
5489: y = 38
5490: y = 19
5491: y = 20
5493: y = 15
5500: y = 22
5501: y = 22
5502: y = 15
5505: y = 39
5508: y = 3
5510: y = 18
5511: y = 30
5513: y = 4
5516: y = 44
5517: y = 42
5518: y = 42
5524: y = 24
5527: y = 50
5538: y = 16
5541: y = 7
5548: y = 11
5549: y = 27
5557: y = 9
5558: y = 49
5561: y = 39
5565: y = 19
5570: y = 24
5576: y = 29
5578: y = 21
5584: y = 15
5585: y = 15
5586: y = 15
5587: y = 22
5589: y = 27
5590: y = 27
5593: y = 38
5595: y = 44
5599: y = 7
5605: y = 49
5608: y = 28
5621: y = 23
5627: y = 15
5630: y = 30
5632: y = 45
5636: y = 22
5637: y = 33
5639: y = 35
5641: y = 39
5643: y = 7
5644: y = 31
5646: y = 31
5647: y = 2
5649: y = 49
5650: y = 49
5653: y = 33
5654: y = 13
5655: y = 13
5660: y = 33
5666: y = 1
5668: y = 8
5675: y = 1
5677: y = 22
5680: y = 20
5681: y = 20
5682: y = 20
5683: y = 25
5684: y = 25
5685: y = 46
5686: y = 22
5687: y = 8
5689: y = 16
5690: y = 16
5692: y = 2
5694: y = 16
5695: y = 16
5697: y = 26
5700: y = 47
5701: y = 40
5702: y = 11
5706: y = 14
5711: y = 12
5712: y = 34
5715: y = 38
5717: y = 36
5719: y = 18
5722: y = 33
5723: y = 33
5730: y = 48
5732: y = 13
5733: y = 31
5735: y = 45
5740: y = 45
5746: y = 44
5750: y = 21
5751: y = 44
5752: y = 25
5758: y = 3
5760: y = 21
5762: y = 46
5763: y = 23
5767: y = 34
5772: y = 47
5776: y = 15
5780: y = 7
5785: y = 50
5788: y = 33
5792: y = 27
5793: y = 1
5800: y = 42
5815: y = 40
5817: y = 33
5818: y = 33
5820: y = 50
5823: y = 15
5827: y = 49
5828: y = 49
5829: y = 31
5831: y = 12
5833: y = 12
5840: y = 12
5846: y = 5
5851: y = 26
5852: y = 9
5853: y = 2
5866: y = 32
5869: y = 12
5871: y = 32
5873: y = 43
5881: y = 1
5882: y = 1
5884: y = 1
5885: y = 8
5888: y = 35
5893: y = 33
5900: y = 23
5901: y = 23
5902: y = 26
5910: y = 45
5912: y = 38
5914: y = 7
5916: y = 38
5918: y = 32
5920: y = 21
5923: y = 25
5925: y = 25
5943: y = 36
5947: y = 48
5948: y = 48
5949: y = 25
5950: y = 18
5953: y = 44
5955: y = 17
5960: y = 35
5961: y = 3
5963: y = 12
5968: y = 26
5969: y = 47
5974: y = 41
5977: y = 15
5978: y = 47
5980: y = 5
5982: y = 5
5983: y = 35
5984: y = 10
5995: y = 20
5996: y = 20
5999: y = 42
6000: y = 42
6006: y = 31
6009: y = 38
6011: y = 29
6012: y = 15
6014: y = 31
6017: y = 46
6019: y = 44
6020: y = 46
6021: y = 46
6027: y = 1
6029: y = 11
6030: y = 50
6032: y = 18
6033: y = 15
6035: y = 34
6036: y = 48
6037: y = 36
6045: y = 3
6047: y = 33
6051: y = 48
6053: y = 13
6056: y = 35
6057: y = 50
6058: y = 50
6063: y = 31
6064: y = 22
6065: y = 39
6071: y = 2
6075: y = 21
6082: y = 33
6083: y = 50
6089: y = 7
6091: y = 34
6093: y = 18
6099: y = 20
6109: y = 42
6112: y = 41
6113: y = 23
6123: y = 2
6127: y = 28
6128: y = 23
6135: y = 47
6136: y = 47
6142: y = 38
6145: y = 8
6150: y = 25
6160: y = 49
6162: y = 14
6164: y = 20
6167: y = 5
6168: y = 5
6170: y = 24
6171: y = 36
6172: y = 9
6178: y = 9
6183: y = 48
6187: y = 3
6191: y = 25
6195: y = 5
6200: y = 8
6202: y = 1
6206: y = 28
6210: y = 8
6214: y = 12
6220: y = 38
6223: y = 21
6226: y = 8
6228: y = 19
6230: y = 26
6233: y = 21
6234: y = 10
6235: y = 10
6236: y = 22
6237: y = 45
6238: y = 11
6239: y = 19
6240: y = 40
6247: y = 40
6249: y = 40
6250: y = 40
6257: y = 33
6264: y = 45
6270: y = 26
6275: y = 15
6276: y = 15
6278: y = 32
6279: y = 18
6281: y = 31
6284: y = 18
6285: y = 11
6286: y = 39
6287: y = 39
6292: y = 1
6293: y = 24
6294: y = 24
6302: y = 17
6306: y = 5
6309: y = 8
6313: y = 39
6315: y = 10
6317: y = 40
6327: y = 20
6329: y = 11
6335: y = 32
6336: y = 5
6337: y = 29
6344: y = 33
6347: y = 29
6349: y = 20
6357: y = 19
6360: y = 44
6367: y = 7
6370: y = 9
6371: y = 16
6374: y = 15
6375: y = 40
6376: y = 20
6377: y = 22
6381: y = 25
6384: y = 14
6388: y = 30
6399: y = 3
6403: y = 32
6405: y = 38
6412: y = 30
6413: y = 30
6416: y = 21
6420: y = 10
6425: y = 42
6428: y = 26
6432: y = 17
6433: y = 17
6441: y = 4
6442: y = 19
6446: y = 31
6449: y = 47
6455: y = 47
6456: y = 1
6467: y = 25
6471: y = 33
6473: y = 27
6474: y = 33
6475: y = 6
6476: y = 6
6480: y = 5
6482: y = 23
6484: y = 39
6491: y = 8
6492: y = 8
6503: y = 50
6509: y = 4
6512: y = 15
6513: y = 15
6518: y = 5
6522: y = 43
6523: y = 43
6525: y = 50
6529: y = 38
6534: y = 34
6535: y = 3
6545: y = 25
6548: y = 29
6549: y = 22
6553: y = 40
6554: y = 20
6559: y = 32
6567: y = 29
6572: y = 48
6573: y = 33
6578: y = 4
6579: y = 22
6581: y = 32
6582: y = 32
6584: y = 12
6586: y = 16
6591: y = 34
6601: y = 49
6603: y = 4
6609: y = 48
6615: y = 17
6616: y = 33
6620: y = 45
6624: y = 18
6625: y = 47
6626: y = 47
6627: y = 47
6632: y = 15
6641: y = 21
6642: y = 35
6647: y = 29
6650: y = 32
6656: y = 46
6660: y = 16
6666: y = 1
6667: y = 1
6672: y = 37
6675: y = 37
6676: y = 19
6677: y = 44
6678: y = 19
6679: y = 19
6684: y = 47
6685: y = 41
6686: y = 4
6687: y = 31
6689: y = 10
6691: y = 12
6692: y = 39
6694: y = 25
6696: y = 38
6700: y = 33
6706: y = 28
6712: y = 46
6713: y = 46
6714: y = 44
6718: y = 28
6720: y = 42
6723: y = 16
6729: y = 26
6730: y = 12
6732: y = 47
6733: y = 47
6735: y = 4
6744: y = 6
6748: y = 31
6749: y = 41
6757: y = 50
6759: y = 46
6761: y = 31
6767: y = 7
6768: y = 32
6773: y = 37
6783: y = 35
6785: y = 24
6786: y = 44
6787: y = 7
6793: y = 19
6794: y = 19
6795: y = 3
6799: y = 23
6802: y = 21
6806: y = 15
6811: y = 6
6814: y = 17
6816: y = 1
6826: y = 45
6827: y = 45
6833: y = 14
6835: y = 28
6841: y = 47
6842: y = 37
6843: y = 28
6844: y = 18
6845: y = 48
6847: y = 32
6850: y = 46
6854: y = 35
6869: y = 2
6872: y = 3
6876: y = 43
6884: y = 27
6887: y = 2
6891: y = 18
6892: y = 18
6900: y = 44
6902: y = 6
6904: y = 6
6905: y = 47
6906: y = 1
6911: y = 31
6914: y = 31
6915: y = 50
6920: y = 5
6923: y = 44
6925: y = 16
6928: y = 40
6930: y = 22
6932: y = 45
6933: y = 45
6936: y = 14
6937: y = 14
6938: y = 50
6939: y = 50
6943: y = 19
6944: y = 37
6947: y = 18
6951: y = 43
6958: y = 4
6966: y = 38
6972: y = 29
6973: y = 29
6974: y = 47
6980: y = 37
6985: y = 41
6987: y = 18
6990: y = 35
6991: y = 24
6995: y = 19
6997: y = 28
6999: y = 28
7000: y = 28
7002: y = 13
7003: y = 18
7011: y = 30
7012: y = 2
7014: y = 2
7016: y = 32
7017: y = 44
7022: y = 14
7023: y = 14
7026: y = 31
7030: y = 48
7033: y = 34
7034: y = 34
7039: y = 19
7040: y = 34
7042: y = 26
7045: y = 35
7052: y = 39
7053: y = 28
7056: y = 5
7062: y = 19
7068: y = 1
7078: y = 8
7085: y = 44
7089: y = 32
7092: y = 17
7093: y = 35
7096: y = 23
7098: y = 23
7099: y = 23
7101: y = 2
7106: y = 15
7107: y = 9
7116: y = 45
7119: y = 43
7121: y = 26
7127: y = 45
7133: y = 45
7136: y = 37
7138: y = 38
7142: y = 7
7143: y = 29
7144: y = 28
7153: y = 35
7156: y = 6
7157: y = 5
7158: y = 11
7160: y = 37
7163: y = 45
7164: y = 29
7167: y = 18
7168: y = 50
7173: y = 22
7180: y = 47
7192: y = 13
7198: y = 24
7199: y = 36
7202: y = 31
7203: y = 32
7204: y = 8
7205: y = 47
7206: y = 14
7216: y = 40
7217: y = 20
7218: y = 40
7221: y = 2
7226: y = 22
7231: y = 21
7236: y = 50
7239: y = 3
7241: y = 22
7247: y = 32
7250: y = 50
7255: y = 35
7261: y = 16
7264: y = 2
7265: y = 50
7267: y = 46
7268: y = 34
7271: y = 13
7275: y = 10
7281: y = 36
7283: y = 31
7285: y = 16
7288: y = 25
7290: y = 4
7292: y = 25
7294: y = 22
7297: y = 24
7300: y = 40
7306: y = 2
7309: y = 14
7317: y = 16
7320: y = 26
7325: y = 29
7330: y = 10
7332: y = 10
7335: y = 48
7337: y = 2
7339: y = 39
7342: y = 7
7348: y = 4
7349: y = 14
7350: y = 25
7355: y = 22
7365: y = 46
7366: y = 46
7367: y = 20
7368: y = 38
7374: y = 17
7375: y = 50
7377: y = 38
7381: y = 6
7384: y = 7
7385: y = 31
7386: y = 9
7388: y = 9
7393: y = 17
7397: y = 5
7400: y = 5
7406: y = 5
7408: y = 39
7409: y = 26
7411: y = 26
7413: y = 20
7416: y = 50
7420: y = 41
7424: y = 16
7438: y = 47
7440: y = 21
7444: y = 43
7445: y = 46
7448: y = 20
7449: y = 20
7454: y = 21
7460: y = 11
7462: y = 30
7466: y = 15
7471: y = 44
7473: y = 45
7480: y = 7
7481: y = 7
7485: y = 33
7488: y = 47
7489: y = 47
7490: y = 48
7492: y = 38
7494: y = 35
7500: y = 11
7501: y = 42
7504: y = 49
7505: y = 5
7513: y = 22
7516: y = 39
7519: y = 45
7520: y = 45
7524: y = 44
7527: y = 21
7531: y = 11
7532: y = 33
7536: y = 19
7538: y = 19
7541: y = 32
7544: y = 35
7545: y = 35
7549: y = 23
7553: y = 6
7555: y = 16
7556: y = 16
7557: y = 30
7560: y = 49
7562: y = 49
7565: y = 32
7566: y = 5
7567: y = 6
7568: y = 10
7569: y = 10
7570: y = 22
7573: y = 35
7579: y = 29
7584: y = 7
7588: y = 34
7591: y = 40
7593: y = 47
7595: y = 19
7598: y = 39
7605: y = 35
7611: y = 43
7612: y = 11
7613: y = 29
7619: y = 32
7627: y = 16
7629: y = 47
7631: y = 36
7633: y = 14
7636: y = 26
7637: y = 45
7640: y = 41
7644: y = 19
7646: y = 19
7648: y = 33
7649: y = 30
7650: y = 30
7652: y = 2
7658: y = 33
7660: y = 36
7664: y = 41
7665: y = 46
7667: y = 12
7669: y = 47
7671: y = 7
7679: y = 16
7683: y = 2
7685: y = 37
7694: y = 37
7698: y = 17
7699: y = 48
7706: y = 48
7711: y = 6
7715: y = 36
7716: y = 36
7717: y = 25
7724: y = 16
7726: y = 23
7727: y = 23
7728: y = 23
7729: y = 23
7730: y = 21
7732: y = 18
7736: y = 29
7741: y = 29
7746: y = 44
7747: y = 40
7753: y = 43
7759: y = 29
7768: y = 33
7769: y = 1
7774: y = 48
7778: y = 45
7780: y = 16
7781: y = 16
7782: y = 19
7783: y = 19
7788: y = 16
7790: y = 14
7800: y = 45
7803: y = 45
7809: y = 38
7810: y = 39
7814: y = 38
7815: y = 20
7817: y = 14
7819: y = 27
7820: y = 27
7821: y = 4
7823: y = 1
7827: y = 2
7832: y = 26
7834: y = 45
7837: y = 48
7838: y = 48
7839: y = 16
7841: y = 27
7842: y = 34
7849: y = 3
7855: y = 16
7859: y = 30
7861: y = 24
7863: y = 38
7866: y = 46
7867: y = 21
7868: y = 34
7869: y = 46
7870: y = 34
7877: y = 6
7885: y = 49
7891: y = 11
7904: y = 9
7906: y = 26
7907: y = 36
7908: y = 33
7910: y = 24
7912: y = 42
7916: y = 23
7918: y = 5
7921: y = 33
7922: y = 40
7926: y = 17
7928: y = 29
7931: y = 26
7932: y = 26
7934: y = 34
7936: y = 11
7945: y = 47
7946: y = 16
7947: y = 16
7949: y = 20
7955: y = 31
7956: y = 20
7958: y = 30
7959: y = 25
7960: y = 25
7963: y = 19
7970: y = 38
7974: y = 34
7975: y = 13
7978: y = 11
7979: y = 11
7981: y = 37
7982: y = 37
7984: y = 23
7991: y = 21
7992: y = 40
7995: y = 44
7996: y = 27
7997: y = 20
8000: y = 2
8001: y = 2
8004: y = 3
8006: y = 22
8012: y = 29
8015: y = 7
8019: y = 38
8021: y = 6
8023: y = 18
8024: y = 42
8026: y = 13
8027: y = 38
8029: y = 14
8033: y = 22
8034: y = 22
8036: y = 37
8037: y = 21
8046: y = 16
8048: y = 8
8050: y = 49
8052: y = 47
8054: y = 19
8057: y = 17
8059: y = 32
8064: y = 29
8070: y = 46
8072: y = 29
8074: y = 5
8075: y = 5
8076: y = 15
8078: y = 24
8082: y = 30
8092: y = 13
8093: y = 49
8100: y = 3
8106: y = 47
8107: y = 41
8111: y = 23
8112: y = 23
8113: y = 23
8115: y = 8
8117: y = 50
8118: y = 41
8120: y = 30
8130: y = 12
8137: y = 15
8138: y = 3
8143: y = 6
8144: y = 5
8163: y = 7
8164: y = 36
8167: y = 22
8169: y = 22
8171: y = 38
8173: y = 30
8174: y = 30
8177: y = 5
8178: y = 38
8185: y = 1
8186: y = 1
8187: y = 28
8196: y = 24
8198: y = 37
8203: y = 18
8204: y = 18
8211: y = 34
8212: y = 34
8214: y = 32
8223: y = 29
8232: y = 13
8234: y = 5
8235: y = 22
8237: y = 45
8238: y = 14
8239: y = 27
8243: y = 27
8250: y = 38
8253: y = 36
8256: y = 40
8257: y = 26
8259: y = 22
8265: y = 15
8274: y = 13
8275: y = 48
8278: y = 42
8279: y = 42
8281: y = 35
8282: y = 14
8284: y = 45
8287: y = 23
8292: y = 37
8295: y = 45
8300: y = 45
8302: y = 33
8305: y = 10
8320: y = 13
8321: y = 29
8325: y = 34
8327: y = 18
8334: y = 21
8337: y = 42
8338: y = 16
8339: y = 16
8343: y = 20
8347: y = 27
8353: y = 1
8362: y = 27
8363: y = 16
8364: y = 16
8367: y = 42
8368: y = 5
8369: y = 6
8370: y = 31
8379: y = 30
8384: y = 39
8389: y = 36
8399: y = 46
8404: y = 40
8408: y = 37
8412: y = 18
8417: y = 26
8418: y = 26
8420: y = 4
8422: y = 16
8423: y = 22
8424: y = 41
8426: y = 6
8427: y = 19
8429: y = 23
8434: y = 46
8443: y = 32
8447: y = 40
8450: y = 18
8453: y = 23
8454: y = 23
8455: y = 23
8456: y = 42
8461: y = 23
8464: y = 21
8465: y = 10
8468: y = 46
8475: y = 29
8478: y = 6
8479: y = 6
8481: y = 26
8482: y = 39
8487: y = 35
8488: y = 42
8491: y = 4
8493: y = 14
8497: y = 47
8498: y = 28
8501: y = 27
8506: y = 24
8510: y = 45
8512: y = 47
8514: y = 31
8515: y = 31
8521: y = 26
8522: y = 49
8523: y = 49
8527: y = 38
8532: y = 18
8536: y = 1
8538: y = 1
8540: y = 42
8544: y = 26
8557: y = 2
8559: y = 2
8563: y = 17
8565: y = 16
8570: y = 33
8572: y = 6
8586: y = 50
8589: y = 6
8591: y = 6
8595: y = 11
8597: y = 33
8598: y = 6
8603: y = 16
8609: y = 16
8612: y = 36
8616: y = 1
8625: y = 42
8628: y = 9
8630: y = 19
8635: y = 11
8636: y = 11
8637: y = 4
8638: y = 4
8640: y = 27
8645: y = 47
8646: y = 47
8650: y = 16
8653: y = 19
8656: y = 8
8659: y = 27
8660: y = 34
8665: y = 15
8666: y = 18
8668: y = 10
8674: y = 42
8676: y = 42
8679: y = 17
8680: y = 40
8684: y = 6
8686: y = 45
8691: y = 22
8702: y = 31
8703: y = 48
8704: y = 48
8708: y = 29
8712: y = 20
8713: y = 38
8716: y = 17
8719: y = 17
8720: y = 23
8723: y = 35
8727: y = 32
8730: y = 18
8735: y = 41
8741: y = 37
8744: y = 5
8746: y = 35
8750: y = 32
8751: y = 47
8752: y = 21
8757: y = 25
8760: y = 5
8763: y = 43
8765: y = 50
8773: y = 49
8775: y = 49
8776: y = 40
8777: y = 10
8778: y = 13
8779: y = 15
8781: y = 14
8782: y = 1
8788: y = 11
8797: y = 48
8798: y = 46
8803: y = 41
8810: y = 32
8812: y = 32
8816: y = 28
8817: y = 14
8820: y = 23
8821: y = 26
8822: y = 26
8823: y = 12
8824: y = 35
8827: y = 42
8828: y = 42
8829: y = 44
8833: y = 38
8838: y = 18
8842: y = 31
8847: y = 44
8857: y = 15
8860: y = 27
8862: y = 48
8864: y = 11
8868: y = 12
8869: y = 24
8872: y = 21
8876: y = 28
8877: y = 36
8880: y = 44
8889: y = 43
8892: y = 46
8894: y = 46
8895: y = 46
8896: y = 49
8902: y = 37
8903: y = 37
8909: y = 1
8912: y = 44
8922: y = 33
8923: y = 3
8924: y = 3
8932: y = 43
8936: y = 8
8939: y = 14
8941: y = 1
8942: y = 1
8944: y = 2
8946: y = 14
8947: y = 31
8961: y = 16
8963: y = 2
8967: y = 20
8971: y = 14
8973: y = 5
8975: y = 24
8979: y = 43
8981: y = 21
8986: y = 8
8987: y = 8
8998: y = 18
8999: y = 30
9002: y = 20
9004: y = 28
9005: y = 28
9006: y = 42
9007: y = 2
9010: y = 9
9014: y = 45
9023: y = 10
9026: y = 41
9029: y = 22
9031: y = 6
9035: y = 34
9037: y = 7
9042: y = 20
9043: y = 32
9044: y = 37
9046: y = 43
9051: y = 34
9053: y = 32
9054: y = 31
9060: y = 23
9061: y = 23
9069: y = 21
9071: y = 21
9074: y = 25
9075: y = 7
9076: y = 28
9078: y = 13
9081: y = 38
9086: y = 31
9087: y = 40
9088: y = 40
9098: y = 27
9099: y = 38
9100: y = 38
9101: y = 32
9102: y = 32
9104: y = 47
9107: y = 20
9108: y = 40
9114: y = 23
9117: y = 27
9123: y = 9
9127: y = 13
9134: y = 23
9137: y = 25
9138: y = 18
9144: y = 18
9145: y = 18
9148: y = 37
9150: y = 1
9154: y = 10
9157: y = 28
9158: y = 50
9163: y = 9
9164: y = 9
9166: y = 23
9167: y = 50
9168: y = 3
9169: y = 19
9170: y = 23
9171: y = 29
9174: y = 35
9175: y = 25
9176: y = 25
9177: y = 20
9178: y = 21
9179: y = 8
9180: y = 8
9188: y = 49
9189: y = 49
9193: y = 22
9196: y = 9
9199: y = 1
9200: y = 12
9203: y = 23
9207: y = 5
9209: y = 6
9211: y = 7
9212: y = 21
9214: y = 46
9219: y = 20
9221: y = 19
9226: y = 29
9237: y = 9
9239: y = 15
9240: y = 49
9246: y = 10
9248: y = 27
9249: y = 35
9253: y = 47
9260: y = 30
9262: y = 50
9263: y = 8
9269: y = 22
9271: y = 8
9272: y = 31
9276: y = 27
9279: y = 47
9280: y = 48
9282: y = 8
9283: y = 15
9289: y = 44
9292: y = 10
9299: y = 25
9301: y = 30
9304: y = 46
9308: y = 46
9309: y = 46
9310: y = 46
9312: y = 33
9313: y = 33
9314: y = 38
9315: y = 24
9316: y = 32
9318: y = 23
9320: y = 48
9321: y = 20
9322: y = 47
9325: y = 2
9326: y = 31
9330: y = 44
9333: y = 27
9334: y = 25
9336: y = 4
9339: y = 26
9343: y = 12
9347: y = 35
9348: y = 29
9349: y = 32
9353: y = 7
9354: y = 7
9355: y = 6
9356: y = 40
9357: y = 40
9361: y = 40
9363: y = 2
9365: y = 4
9371: y = 2
9372: y = 50
9374: y = 43
9385: y = 10
9387: y = 3
9388: y = 29
9391: y = 40
9394: y = 9
9395: y = 26
9396: y = 5
9401: y = 36
9410: y = 23
9414: y = 23
9416: y = 13
9417: y = 13
9420: y = 38
9426: y = 27
9428: y = 15
9435: y = 9
9440: y = 38
9441: y = 41
9442: y = 41
9443: y = 7
9447: y = 17
9450: y = 12
9451: y = 12
9460: y = 47
9465: y = 12
9467: y = 1
9473: y = 44
9481: y = 5
9482: y = 5
9485: y = 35
9489: y = 46
9499: y = 46
9501: y = 42
9507: y = 39
9509: y = 9
9519: y = 39
9528: y = 44
9531: y = 44
9532: y = 2
9533: y = 10
9540: y = 8
9541: y = 14
9543: y = 46
9546: y = 26
9547: y = 2
9553: y = 17
9557: y = 23
9559: y = 12
9560: y = 12
9561: y = 1
9566: y = 29
9571: y = 32
9575: y = 14
9576: y = 14
9580: y = 33
9591: y = 35
9593: y = 15
9601: y = 49
9602: y = 49
9603: y = 19
9605: y = 8
9606: y = 1
9607: y = 10
9615: y = 32
9617: y = 28
9626: y = 23
9627: y = 8
9630: y = 1
9632: y = 43
9637: y = 39
9645: y = 3
9646: y = 22
9651: y = 32
9654: y = 29
9658: y = 34
9665: y = 47
9666: y = 47
9667: y = 50
9672: y = 1
9675: y = 41
9677: y = 17
9682: y = 18
9689: y = 13
9691: y = 40
9693: y = 16
9701: y = 26
9705: y = 14
9707: y = 37
9720: y = 3
9722: y = 4
9728: y = 27
9729: y = 27
9730: y = 38
9731: y = 26
9732: y = 7
9733: y = 27
9736: y = 14
9739: y = 14
9744: y = 1
9747: y = 13
9749: y = 43
9750: y = 27
9751: y = 27
9752: y = 27
9754: y = 8
9755: y = 46
9760: y = 40
9767: y = 33
9772: y = 40
9779: y = 42
9780: y = 42
9781: y = 20
9784: y = 39
9792: y = 37
9793: y = 46
9795: y = 31
9802: y = 35
9804: y = 32
9810: y = 14
9811: y = 14
9815: y = 24
9818: y = 39
9819: y = 39
9829: y = 34
9830: y = 16
9832: y = 31
9834: y = 27
9841: y = 23
9844: y = 39
9845: y = 14
9850: y = 10
9851: y = 10
9855: y = 23
9857: y = 33
9858: y = 9
9859: y = 38
9872: y = 38
9874: y = 42
9879: y = 23
9881: y = 20
9885: y = 48
9887: y = 36
9888: y = 8
9892: y = 40
9894: y = 22
9895: y = 22
9907: y = 49
9918: y = 39
9928: y = 50
9930: y = 18
9931: y = 18
9933: y = 24
9935: y = 42
9936: y = 12
9946: y = 47
9959: y = 39
9960: y = 32
9962: y = 9
9963: y = 49
9964: y = 28
9965: y = 48
9973: y = 4
9974: y = 4
9984: y = 17
9989: y = 30
9992: y = 25
9996: y = 30
9999: y = 6
