5: x = 1080
6: x = 1692
8: x = 1316
9: x = 420
10: x = 896
12: x = 1764
13: x = 576
14: x = 60
16: x = 1617
18: x = 2009
19: x = 49
20: x = 544
22: x = 143
23: x = 39
24: x = 20
25: x = 182
26: x = 216
27: x = 64
28: x = 736
29: x = 400
30: x = 50
32: x = 1250
33: x = 550
34: x = 77
36: x = 209
37: x = 133
38: x = 273
40: x = 702
41: x = 36
42: x = 768
43: x = 1920
44: x = 200
45: x = 600
46: x = 720
47: x = 1518
48: x = 1702
50: x = 888
51: x = 1702
54: x = 592
62: x = 259
63: x = 432
64: x = 384
65: x = 304
66: x = 580
67: x = 459
68: x = 513
69: x = 140
70: x = 128
71: x = 80
74: x = 52
75: x = 2
76: x = 11
77: x = 150
78: x = 702
79: x = 130
80: x = 210
81: x = 95
82: x = 160
83: x = 448
84: x = 704
86: x = 351
88: x = 1170
89: x = 546
91: x = 1092
92: x = 364
93: x = 216
95: x = 1081
96: x = 1372
98: x = 481
100: x = 520
101: x = 624
102: x = 576
103: x = 120
104: x = 264
105: x = 455
106: x = 210
107: x = 84
108: x = 1813
109: x = 1218
111: x = 234
112: x = 792
113: x = 1804
114: x = 1144
115: x = 308
116: x = 1628
117: x = 836
120: x = 220
122: x = 350
124: x = 1056
125: x = 24
126: x = 4
127: x = 47
128: x = 75
129: x = 250
132: x = 1840
133: x = 200
134: x = 1280
135: x = 1800
136: x = 2025
138: x = 1540
140: x = 1892
141: x = 1591
142: x = 609
143: x = 1334
144: x = 551
146: x = 329
147: x = 56
148: x = 154
149: x = 528
150: x = 1032
151: x = 1512
152: x = 126
153: x = 117
155: x = 78
156: x = 2000
157: x = 1750
158: x = 200
159: x = 80
160: x = 592
161: x = 32
162: x = 24
163: x = 282
164: x = 1833
168: x = 468
169: x = 936
170: x = 1450
172: x = 76
173: x = 38
175: x = 665
176: x = 315
177: x = 1225
178: x = 175
179: x = 315
180: x = 108
181: x = 405
182: x = 48
183: x = 516
185: x = 520
186: x = 94
187: x = 84
189: x = 792
190: x = 324
191: x = 198
192: x = 198
194: x = 297
195: x = 1452
196: x = 224
197: x = 1295
199: x = 50
200: x = 400
201: x = 2100
202: x = 50
203: x = 2200
204: x = 777
206: x = 30
208: x = 44
209: x = 216
212: x = 288
213: x = 209
214: x = 55
216: x = 253
217: x = 121
218: x = 88
219: x = 154
220: x = 126
222: x = 72
223: x = 660
224: x = 100
226: x = 432
227: x = 324
228: x = 999
229: x = 1323
230: x = 270
231: x = 230
232: x = 490
233: x = 392
234: x = 168
235: x = 966
238: x = 1426
239: x = 1748
240: x = 798
241: x = 861
242: x = 147
243: x = 63
244: x = 735
245: x = 294
246: x = 70
248: x = 754
249: x = 130
250: x = 460
251: x = 1978
253: x = 1892
254: x = 860
255: x = 296
256: x = 256
257: x = 360
258: x = 270
259: x = 84
260: x = 384
262: x = 372
263: x = 240
264: x = 108
265: x = 164
266: x = 1656
267: x = 840
268: x = 340
269: x = 1242
270: x = 378
271: x = 378
272: x = 756
273: x = 328
274: x = 287
275: x = 119
276: x = 252
277: x = 1116
278: x = 806
279: x = 1066
281: x = 280
282: x = 615
283: x = 720
284: x = 112
286: x = 196
287: x = 112
288: x = 336
289: x = 602
290: x = 420
291: x = 660
294: x = 420
296: x = 350
298: x = 312
299: x = 112
300: x = 75
301: x = 375
302: x = 539
303: x = 390
304: x = 187
305: x = 2156
306: x = 1911
309: x = 2352
310: x = 1078
311: x = 2254
313: x = 1794
317: x = 351
318: x = 92
321: x = 736
324: x = 1316
325: x = 1288
329: x = 448
330: x = 480
331: x = 1050
332: x = 1015
333: x = 87
334: x = 120
335: x = 81
336: x = 288
338: x = 960
339: x = 1872
341: x = 912
342: x = 1598
344: x = 1080
345: x = 1980
348: x = 1890
350: x = 1305
351: x = 754
352: x = 638
353: x = 210
354: x = 1215
356: x = 1125
357: x = 550
358: x = 975
359: x = 1000
360: x = 840
361: x = 1176
362: x = 46
364: x = 24
366: x = 180
367: x = 324
368: x = 369
369: x = 405
370: x = 99
371: x = 308
373: x = 11
374: x = 36
375: x = 47
376: x = 392
378: x = 672
379: x = 135
381: x = 255
383: x = 680
384: x = 425
386: x = 375
388: x = 375
391: x = 1000
393: x = 48
394: x = 216
395: x = 456
396: x = 1128
398: x = 406
399: x = 56
401: x = 84
404: x = 567
405: x = 459
407: x = 1053
408: x = 567
409: x = 1242
410: x = 1150
414: x = 1500
415: x = 2350
416: x = 98
418: x = 546
420: x = 702
421: x = 1050
422: x = 1680
425: x = 253
426: x = 756
427: x = 564
428: x = 752
429: x = 560
431: x = 736
432: x = 230
433: x = 72
434: x = 76
435: x = 1392
437: x = 1160
438: x = 123
439: x = 90
441: x = 105
444: x = 805
445: x = 1260
446: x = 1320
449: x = 640
450: x = 25
451: x = 100
452: x = 64
454: x = 1024
455: x = 1184
456: x = 1568
457: x = 1258
458: x = 735
459: x = 595
461: x = 1394
462: x = 943
463: x = 1025
464: x = 396
466: x = 36
467: x = 480
468: x = 24
470: x = 72
474: x = 1176
475: x = 456
476: x = 589
477: x = 1333
478: x = 817
481: x = 344
482: x = 152
483: x = 80
484: x = 442
485: x = 272
487: x = 299
488: x = 690
489: x = 60
490: x = 84
491: x = 360
492: x = 576
493: x = 1488
494: x = 576
495: x = 552
496: x = 989
499: x = 903
500: x = 1927
501: x = 564
502: x = 588
503: x = 49
505: x = 10
506: x = 23
507: x = 32
510: x = 21
511: x = 78
512: x = 432
513: x = 18
516: x = 72
519: x = 154
520: x = 55
521: x = 110
522: x = 385
523: x = 280
525: x = 2350
526: x = 1050
527: x = 1332
528: x = 26
531: x = 496
532: x = 736
533: x = 16
534: x = 962
535: x = 494
536: x = 806
538: x = 434
539: x = 196
540: x = 266
541: x = 588
543: x = 96
544: x = 216
545: x = 1368
546: x = 585
547: x = 95
548: x = 891
549: x = 836
551: x = 722
552: x = 480
554: x = 672
555: x = 196
558: x = 84
560: x = 72
561: x = 141
562: x = 32
564: x = 150
567: x = 420
569: x = 200
571: x = 270
573: x = 430
574: x = 731
576: x = 476
577: x = 112
578: x = 560
579: x = 700
580: x = 1800
582: x = 468
583: x = 860
584: x = 40
585: x = 620
587: x = 897
589: x = 1560
591: x = 1716
592: x = 384
593: x = 1280
594: x = 880
595: x = 1040
598: x = 640
599: x = 800
600: x = 280
601: x = 1715
602: x = 35
603: x = 34
604: x = 45
605: x = 990
606: x = 855
607: x = 2070
608: x = 1404
609: x = 777
610: x = 189
611: x = 828
612: x = 230
614: x = 330
615: x = 627
616: x = 210
617: x = 770
618: x = 1435
620: x = 1155
621: x = 35
622: x = 100
624: x = 315
627: x = 270
628: x = 1710
629: x = 357
631: x = 588
633: x = 609
636: x = 145
637: x = 235
638: x = 48
639: x = 72
640: x = 216
641: x = 180
642: x = 252
643: x = 54
644: x = 45
645: x = 1813
647: x = 1421
648: x = 2205
650: x = 238
651: x = 238
652: x = 86
653: x = 96
654: x = 42
656: x = 300
657: x = 30
658: x = 420
659: x = 840
661: x = 1400
662: x = 594
663: x = 720
664: x = 738
665: x = 306
666: x = 245
667: x = 1110
668: x = 330
669: x = 1452
670: x = 1452
671: x = 1540
672: x = 240
673: x = 80
676: x = 700
677: x = 1330
678: x = 1394
679: x = 902
680: x = 250
681: x = 25
683: x = 140
684: x = 420
686: x = 1400
689: x = 630
690: x = 840
691: x = 476
692: x = 728
693: x = 152
695: x = 722
696: x = 190
697: x = 75
698: x = 936
699: x = 1300
700: x = 1500
702: x = 768
705: x = 240
707: x = 480
708: x = 300
709: x = 2
711: x = 8
714: x = 16
715: x = 782
719: x = 828
720: x = 342
721: x = 252
722: x = 162
723: x = 45
726: x = 155
730: x = 95
731: x = 266
732: x = 228
733: x = 836
734: x = 2200
736: x = 50
737: x = 24
738: x = 230
739: x = 25
740: x = 15
742: x = 135
743: x = 480
745: x = 384
746: x = 1200
747: x = 900
751: x = 612
752: x = 63
753: x = 126
754: x = 168
756: x = 576
757: x = 624
759: x = 585
760: x = 675
761: x = 17
762: x = 19
763: x = 475
764: x = 275
765: x = 300
766: x = 280
770: x = 234
771: x = 261
772: x = 270
773: x = 22
774: x = 385
775: x = 275
780: x = 110
781: x = 253
782: x = 1012
785: x = 598
786: x = 1104
787: x = 480
788: x = 130
789: x = 360
791: x = 1548
792: x = 224
794: x = 768
796: x = 475
798: x = 475
799: x = 950
800: x = 736
802: x = 529
803: x = 141
804: x = 96
806: x = 272
807: x = 78
808: x = 235
809: x = 90
811: x = 215
812: x = 215
813: x = 980
815: x = 1015
816: x = 1242
817: x = 2070
818: x = 92
819: x = 920
820: x = 880
821: x = 1672
822: x = 1292
824: x = 238
825: x = 374
827: x = 680
828: x = 640
829: x = 72
832: x = 57
833: x = 285
835: x = 705
837: x = 1155
838: x = 1353
841: x = 528
843: x = 561
846: x = 595
847: x = 1200
849: x = 950
850: x = 350
851: x = 1845
852: x = 1312
853: x = 800
855: x = 350
856: x = 462
857: x = 1428
859: x = 1638
862: x = 1722
863: x = 20
865: x = 135
866: x = 405
870: x = 720
871: x = 924
872: x = 1505
873: x = 473
874: x = 253
875: x = 385
878: x = 805
879: x = 1600
880: x = 144
882: x = 176
884: x = 506
885: x = 196
889: x = 387
890: x = 54
891: x = 252
892: x = 1218
893: x = 319
894: x = 352
896: x = 442
900: x = 533
901: x = 49
902: x = 6
903: x = 258
904: x = 209
905: x = 77
906: x = 286
908: x = 1040
910: x = 80
911: x = 520
912: x = 1960
913: x = 2009
914: x = 615
915: x = 615
916: x = 1804
917: x = 779
918: x = 684
919: x = 864
921: x = 504
922: x = 924
923: x = 693
926: x = 861
927: x = 246
928: x = 126
929: x = 78
932: x = 240
933: x = 640
934: x = 128
935: x = 70
936: x = 196
937: x = 126
938: x = 154
939: x = 684
940: x = 792
941: x = 1920
942: x = 880
943: x = 616
944: x = 952
945: x = 56
946: x = 784
947: x = 330
948: x = 54
950: x = 198
951: x = 833
952: x = 2156
953: x = 1421
955: x = 180
956: x = 150
957: x = 105
958: x = 252
960: x = 544
961: x = 128
962: x = 216
963: x = 630
965: x = 1665
966: x = 2025
968: x = 225
969: x = 165
971: x = 957
972: x = 363
973: x = 506
974: x = 242
975: x = 517
976: x = 924
977: x = 880
978: x = 520
979: x = 1144
980: x = 1056
983: x = 1443
985: x = 546
986: x = 1677
987: x = 172
988: x = 108
989: x = 891
990: x = 1485
991: x = 693
992: x = 1968
993: x = 624
995: x = 1728
996: x = 1044
997: x = 702
998: x = 1161
999: x = 756
