543: y = ()
1072: y = ()
1255: y = ()
1473: y = ()
2578: y = ()
2652: y = ()
3257: y = ()
3458: y = ()
3487: y = ()
3512: y = ()
4640: y = ()
5300: y = ()
5310: y = ()
5483: y = ()
6235: y = ()
6571: y = ()
6631: y = ()
6651: y = ()
7107: y = ()
7290: y = ()
9456: y = ()
9497: y = ()
10034: y = ()
10044: y = ()
10540: y = ()
10758: y = ()
11597: y = ()
11972: y = ()
12074: y = ()
13655: y = ()
14524: y = ()
15310: y = ()
15624: y = ()
16140: y = ()
16735: y = ()
17294: y = ()
18170: y = ()
18361: y = ()
19574: y = ()
19816: y = ()
20285: y = ()
20892: y = ()
21046: y = ()
22198: y = ()
23115: y = ()
23593: y = ()
23641: y = ()
24650: y = ()
25085: y = ()
25127: y = ()
25299: y = ()
25423: y = ()
25814: y = ()
26013: y = ()
26386: y = ()
26914: y = ()
28075: y = ()
29182: y = ()
29459: y = ()
29590: y = ()
29899: y = ()
29914: y = ()
30722: y = ()
31360: y = ()
31822: y = ()
32584: y = ()
33132: y = ()
33181: y = ()
33267: y = ()
33314: y = ()
33352: y = ()
33493: y = ()
33508: y = ()
33664: y = ()
34139: y = ()
34173: y = ()
34226: y = ()
34547: y = ()
34842: y = ()
35044: y = ()
35291: y = ()
35419: y = ()
35587: y = ()
35590: y = ()
35888: y = ()
36288: y = ()
36543: y = ()
36880: y = ()
37360: y = ()
38073: y = ()
38398: y = ()
39021: y = ()
39142: y = ()
39402: y = ()
39818: y = ()
40467: y = ()
40742: y = ()
40995: y = ()
42159: y = ()
42306: y = ()
43638: y = ()
43951: y = ()
44782: y = ()
46134: y = ()
46662: y = ()
47109: y = ()
47158: y = ()
47260: y = ()
47876: y = ()
48214: y = ()
48227: y = ()
48690: y = ()
49819: y = ()
50534: y = ()
51549: y = ()
51999: y = ()
52338: y = ()
52423: y = ()
52930: y = ()
53887: y = ()
54576: y = ()
54594: y = ()
55217: y = ()
55509: y = ()
55618: y = ()
55719: y = ()
56002: y = ()
56020: y = ()
56643: y = ()
57645: y = ()
58420: y = ()
59118: y = ()
59333: y = ()
59349: y = ()
59374: y = ()
59728: y = ()
60480: y = ()
60590: y = ()
60615: y = ()
60791: y = ()
60903: y = ()
61228: y = ()
62492: y = ()
62844: y = ()
63145: y = ()
63442: y = ()
64518: y = ()
65125: y = ()
66720: y = ()
67925: y = ()
68190: y = ()
69871: y = ()
70016: y = ()
70570: y = ()
70603: y = ()
71970: y = ()
73772: y = ()
73981: y = ()
74687: y = ()
75510: y = ()
75805: y = ()
78521: y = ()
78896: y = ()
79240: y = ()
79359: y = ()
79547: y = ()
80057: y = ()
80463: y = ()
80962: y = ()
81092: y = ()
81114: y = ()
81228: y = ()
81641: y = ()
83752: y = ()
83831: y = ()
85845: y = ()
86149: y = ()
87523: y = ()
87619: y = ()
88736: y = ()
89877: y = ()
89889: y = ()
90600: y = ()
90746: y = ()
92130: y = ()
92778: y = ()
93131: y = ()
96478: y = ()
96852: y = ()
96990: y = ()
97194: y = ()
97556: y = ()
97656: y = ()
97724: y = ()
98092: y = ()
98348: y = ()
98529: y = ()
99415: y = ()
99801: y = ()
