5: x = 13
6: x = -11
8: x = -19
9: x = 13
10: x = -4
12: x = -13
13: x = 20
14: x = -17
16: x = -16
18: x = -8
19: x = -48
20: x = -18
22: x = -2
23: x = -10
24: x = 8
25: x = -19
26: x = -30
27: x = 12
28: x = -30
29: x = -9
30: x = -23
32: x = 25
33: x = 39
34: x = -4
36: x = 8
37: x = 12
38: x = 32
40: x = 21
41: x = -16
42: x = 32
43: x = 8
44: x = -35
45: x = -25
46: x = -33
47: x = -13
48: x = -9
50: x = 13
51: x = -9
54: x = 21
62: x = 30
63: x = -24
64: x = 8
65: x = 3
66: x = -9
67: x = -10
68: x = -8
69: x = 31
70: x = 28
71: x = 38
74: x = 24
75: x = -1
76: x = -10
77: x = 19
78: x = -1
79: x = 21
80: x = 37
81: x = 14
82: x = 27
83: x = 18
84: x = 10
86: x = 30
88: x = 9
89: x = 25
91: x = -11
92: x = 15
93: x = -19
95: x = -24
96: x = -21
98: x = -24
100: x = -27
101: x = -35
102: x = -36
103: x = 2
104: x = -10
105: x = 22
106: x = 29
107: x = 8
108: x = 12
109: x = -13
111: x = 5
112: x = -26
113: x = -3
114: x = -18
115: x = -37
116: x = -7
117: x = 16
120: x = -12
122: x = -25
124: x = 20
125: x = -23
126: x = -3
127: x = -46
128: x = 10
129: x = 45
132: x = 6
133: x = -35
134: x = -8
135: x = 5
136: x = 0
138: x = -9
140: x = -1
141: x = 6
142: x = -8
143: x = 17
144: x = -10
146: x = 40
147: x = 1
148: x = 15
149: x = -2
150: x = 19
151: x = 6
152: x = 39
153: x = 36
155: x = 37
156: x = 10
157: x = 15
158: x = -35
159: x = -11
160: x = 21
161: x = -14
162: x = -10
163: x = -41
164: x = -8
168: x = -23
169: x = -10
170: x = -21
172: x = -15
173: x = -17
175: x = 16
176: x = 26
177: x = 0
178: x = 30
179: x = 26
180: x = 3
181: x = 36
182: x = 8
183: x = -31
185: x = 27
186: x = -45
187: x = 8
189: x = 14
190: x = 27
191: x = 13
192: x = 13
194: x = 24
195: x = -11
196: x = 20
197: x = -2
199: x = -49
200: x = -42
201: x = -8
202: x = -49
203: x = -6
204: x = -16
206: x = -13
208: x = -20
209: x = -30
212: x = -28
213: x = -8
214: x = 6
216: x = -12
217: x = 0
218: x = 3
219: x = -3
220: x = -5
222: x = 1
223: x = 29
224: x = -15
226: x = -11
227: x = -15
228: x = 10
229: x = 22
230: x = -17
231: x = -13
232: x = -39
233: x = -41
234: x = -13
235: x = 25
238: x = 15
239: x = 8
240: x = -17
241: x = -20
242: x = 14
243: x = 18
244: x = -14
245: x = 7
246: x = -9
248: x = 3
249: x = 3
250: x = 36
251: x = 3
253: x = 1
254: x = -23
255: x = -29
256: x = -24
257: x = 9
258: x = 3
259: x = -5
260: x = 20
262: x = 19
263: x = 8
264: x = 33
265: x = 37
266: x = -10
267: x = 22
268: x = -3
269: x = 19
270: x = -13
271: x = -13
272: x = 1
273: x = -33
274: x = -34
275: x = -10
276: x = -29
277: x = -5
278: x = 5
279: x = 15
281: x = 6
282: x = 26
283: x = -16
284: x = 24
286: x = 21
287: x = 6
288: x = -10
289: x = -29
290: x = -16
291: x = 8
294: x = 16
296: x = 25
298: x = -31
299: x = -6
300: x = -22
301: x = -10
302: x = 38
303: x = 11
304: x = -6
305: x = 5
306: x = 10
309: x = 1
310: x = 27
311: x = 3
313: x = -7
317: x = -30
318: x = 44
321: x = 30
324: x = -19
325: x = 18
329: x = -12
330: x = -14
331: x = 5
332: x = 6
333: x = -26
334: x = -37
335: x = -24
336: x = -42
338: x = -28
339: x = -9
341: x = -29
342: x = -13
344: x = -21
345: x = -1
348: x = -3
350: x = -16
351: x = 3
352: x = 7
353: x = -23
354: x = -18
356: x = -20
357: x = 3
358: x = -14
359: x = -30
360: x = 22
361: x = 14
362: x = -21
364: x = -23
366: x = 31
367: x = 27
368: x = 32
369: x = 36
370: x = 2
371: x = -17
373: x = 10
374: x = 35
375: x = 46
376: x = 14
378: x = 4
379: x = -6
381: x = 2
383: x = -23
384: x = -8
386: x = 10
388: x = 10
391: x = -15
393: x = 2
394: x = -15
395: x = -5
396: x = -23
398: x = -15
399: x = 10
401: x = 17
404: x = -6
405: x = -10
407: x = 12
408: x = -6
409: x = 19
410: x = 21
414: x = 20
415: x = 3
416: x = -7
418: x = 25
420: x = 21
421: x = -5
422: x = 13
425: x = 12
426: x = -1
427: x = 35
428: x = 31
429: x = 19
431: x = 30
432: x = 41
433: x = 34
434: x = 36
435: x = 19
437: x = 11
438: x = 38
439: x = 27
441: x = 32
444: x = 12
445: x = -1
446: x = 7
449: x = 24
450: x = 24
451: x = 21
452: x = -30
454: x = 0
455: x = 5
456: x = 17
457: x = 3
458: x = -14
459: x = -18
461: x = -7
462: x = -18
463: x = -16
464: x = -21
466: x = 9
467: x = -28
468: x = 10
470: x = 6
474: x = 25
475: x = -5
476: x = -12
477: x = 12
478: x = 24
481: x = 35
482: x = 11
483: x = 2
484: x = -9
485: x = 1
487: x = 10
488: x = -7
489: x = -28
490: x = -40
491: x = 37
492: x = -36
493: x = -17
494: x = -36
495: x = -34
496: x = -20
499: x = -22
500: x = -6
501: x = -35
502: x = -37
503: x = -48
505: x = -9
506: x = -22
507: x = -31
510: x = -4
511: x = -23
512: x = -39
513: x = 7
516: x = 34
519: x = 15
520: x = -6
521: x = -1
522: x = 24
523: x = 27
525: x = -3
526: x = -29
527: x = -1
528: x = 11
531: x = 15
532: x = 30
533: x = -15
534: x = 11
535: x = -7
536: x = 5
538: x = 17
539: x = 0
540: x = -5
541: x = -28
543: x = 4
544: x = 19
545: x = 2
546: x = 24
547: x = 14
548: x = 6
549: x = 25
551: x = 19
552: x = 28
554: x = 4
555: x = 21
558: x = -40
560: x = -34
561: x = -44
562: x = 14
564: x = 5
567: x = 32
569: x = 10
571: x = 17
573: x = 33
574: x = 26
576: x = 11
577: x = 24
578: x = 8
579: x = 3
580: x = -14
582: x = 23
583: x = -23
584: x = 18
585: x = -11
587: x = 16
589: x = -1
591: x = -5
592: x = 20
593: x = -8
594: x = -18
595: x = -14
598: x = -24
599: x = -34
600: x = 27
601: x = -14
602: x = 34
603: x = 33
604: x = 44
605: x = 23
606: x = 26
607: x = -1
608: x = -3
609: x = -16
610: x = 12
611: x = -13
612: x = 13
614: x = 23
615: x = 14
616: x = -29
617: x = -13
618: x = 6
620: x = -2
621: x = -34
622: x = -48
624: x = 38
627: x = 39
628: x = 7
629: x = -4
631: x = 7
633: x = 8
636: x = 24
637: x = 42
638: x = 2
639: x = 6
640: x = 30
641: x = 24
642: x = 36
643: x = 3
644: x = 4
645: x = 12
647: x = 20
648: x = 4
650: x = 3
651: x = 3
652: x = 41
653: x = 46
654: x = 1
656: x = -20
657: x = -29
658: x = -16
659: x = -2
661: x = -22
662: x = 15
663: x = 22
664: x = 23
665: x = -1
666: x = -44
667: x = 7
668: x = -19
669: x = 11
670: x = 11
671: x = 9
672: x = 8
673: x = 16
676: x = -15
677: x = 3
678: x = -7
679: x = -19
680: x = 45
681: x = 0
683: x = 23
684: x = 13
686: x = -5
689: x = 17
690: x = 11
691: x = 11
692: x = 2
693: x = 34
695: x = 19
696: x = 33
697: x = 10
698: x = -10
699: x = -24
700: x = -20
702: x = 32
705: x = -1
707: x = 14
708: x = 20
709: x = -1
711: x = -7
714: x = -6
715: x = 29
719: x = 28
720: x = 1
721: x = -4
722: x = 9
723: x = -4
726: x = -26
730: x = -14
731: x = -5
732: x = -7
733: x = 25
734: x = -6
736: x = -49
737: x = -23
738: x = -41
739: x = 0
740: x = -2
742: x = 22
743: x = 14
745: x = 8
746: x = -26
747: x = -32
751: x = -16
752: x = -18
753: x = -11
754: x = -17
756: x = 0
757: x = -35
759: x = -32
760: x = -30
761: x = -16
762: x = -18
763: x = 6
764: x = 14
765: x = 13
766: x = 6
770: x = 17
771: x = 20
772: x = 21
773: x = 9
774: x = -24
775: x = -14
780: x = 1
781: x = -12
782: x = 21
785: x = 3
786: x = 25
787: x = 38
788: x = 3
789: x = 26
791: x = -7
792: x = -2
794: x = 32
796: x = -6
798: x = -6
799: x = -31
800: x = -9
802: x = 0
803: x = 44
804: x = -10
806: x = 1
807: x = -7
808: x = 42
809: x = 13
811: x = 38
812: x = 38
813: x = 7
815: x = 6
816: x = 19
817: x = 1
818: x = 44
819: x = 26
820: x = 24
821: x = 6
822: x = -4
824: x = 27
825: x = 23
827: x = 14
828: x = 12
829: x = 21
832: x = 16
833: x = 4
835: x = 32
837: x = 2
838: x = 8
841: x = -2
843: x = 16
846: x = 18
847: x = 26
849: x = 31
850: x = 43
851: x = 4
852: x = -9
853: x = 7
855: x = -11
856: x = 31
857: x = 8
859: x = 3
862: x = 1
863: x = -1
865: x = 22
866: x = 12
870: x = 33
871: x = -23
872: x = 8
873: x = 32
874: x = 12
875: x = 24
878: x = 12
879: x = 18
880: x = -7
882: x = -5
884: x = -35
885: x = 0
889: x = 34
890: x = 3
891: x = 36
892: x = 13
893: x = -18
894: x = -21
896: x = 21
900: x = 28
901: x = 48
902: x = 5
903: x = -37
904: x = -8
905: x = 4
906: x = -15
908: x = 14
910: x = 38
911: x = 27
912: x = -9
913: x = -8
914: x = -26
915: x = -26
916: x = 3
917: x = -22
918: x = -17
919: x = -12
921: x = 3
922: x = 23
923: x = 12
926: x = 20
927: x = 35
928: x = 15
929: x = -7
932: x = -34
933: x = -24
934: x = 8
935: x = -9
936: x = 0
937: x = -5
938: x = -3
939: x = -17
940: x = -14
941: x = 8
942: x = -18
943: x = -6
944: x = 6
945: x = -26
946: x = 0
947: x = 19
948: x = -15
950: x = -7
951: x = -32
952: x = -5
953: x = -20
955: x = -31
956: x = -25
957: x = -16
958: x = -9
960: x = 18
961: x = -8
962: x = -19
963: x = -31
965: x = -8
966: x = 0
968: x = -40
969: x = -28
971: x = -4
972: x = -22
973: x = -35
974: x = -11
975: x = -36
976: x = 23
977: x = 24
978: x = 6
979: x = -18
980: x = -20
983: x = 2
985: x = 25
986: x = -4
987: x = -39
988: x = -23
989: x = 6
990: x = -12
991: x = 12
992: x = -7
993: x = -35
995: x = -12
996: x = 7
997: x = -1
998: x = 16
999: x = 1
