0: x = 43
1: x = 25
2: x = 49
3: x = 27
4: x = 29
5: x = 8
6: x = 14
7: x = 2
8: x = 17
9: x = 1
11: x = 6
12: x = 24
13: x = 25
14: x = 9
15: x = 11
16: x = 25
17: x = 41
18: x = 50
19: x = 24
20: x = 26
21: x = 9
23: x = 16
24: x = 37
25: x = 49
27: x = 37
29: x = 47
31: x = 31
32: x = 44
33: x = 13
34: x = 41
35: x = 39
36: x = 13
37: x = 33
38: x = 50
39: x = 25
40: x = 27
41: x = 47
45: x = 48
46: x = 8
48: x = 29
49: x = 20
50: x = 20
53: x = 43
54: x = 49
55: x = 41
56: x = 33
57: x = 1
58: x = 42
59: x = 44
60: x = 20
61: x = 17
63: x = 46
66: x = 29
68: x = 49
69: x = 18
71: x = 31
72: x = 47
73: x = 13
74: x = 38
75: x = 3
77: x = 32
78: x = 43
79: x = 21
80: x = 7
81: x = 38
82: x = 26
85: x = 38
87: x = 17
89: x = 42
90: x = 38
91: x = 33
94: x = 28
95: x = 21
96: x = 2
97: x = 37
98: x = 41
99: x = 33
100: x = 42
101: x = 35
103: x = 40
104: x = 43
106: x = 48
107: x = 20
108: x = 33
110: x = 3
112: x = 45
113: x = 17
114: x = 20
115: x = 45
116: x = 27
120: x = 33
121: x = 48
122: x = 13
123: x = 18
125: x = 38
126: x = 43
127: x = 14
128: x = 11
132: x = 4
133: x = 36
134: x = 23
135: x = 49
137: x = 14
138: x = 11
139: x = 48
140: x = 48
141: x = 10
142: x = 1
143: x = 5
144: x = 41
145: x = 33
149: x = 34
150: x = 18
151: x = 25
152: x = 24
153: x = 7
154: x = 33
155: x = 4
156: x = 29
157: x = 5
158: x = 5
160: x = 48
161: x = 10
162: x = 13
165: x = 15
168: x = 48
169: x = 16
170: x = 26
171: x = 21
172: x = 20
173: x = 19
174: x = 32
175: x = 47
176: x = 4
177: x = 7
178: x = 4
179: x = 47
180: x = 32
181: x = 14
182: x = 36
183: x = 15
184: x = 50
186: x = 5
187: x = 13
188: x = 44
191: x = 17
193: x = 38
194: x = 29
195: x = 36
197: x = 3
198: x = 31
199: x = 13
200: x = 4
201: x = 39
203: x = 46
205: x = 23
207: x = 40
209: x = 35
211: x = 4
213: x = 18
214: x = 25
215: x = 30
216: x = 6
217: x = 12
218: x = 29
219: x = 45
220: x = 14
221: x = 35
223: x = 9
224: x = 14
226: x = 7
229: x = 22
230: x = 17
231: x = 2
232: x = 27
233: x = 1
234: x = 9
235: x = 11
236: x = 39
237: x = 35
238: x = 30
239: x = 41
240: x = 41
242: x = 9
243: x = 26
244: x = 9
246: x = 40
247: x = 21
249: x = 16
250: x = 40
251: x = 3
253: x = 9
254: x = 43
257: x = 2
259: x = 30
260: x = 5
261: x = 38
262: x = 13
263: x = 6
264: x = 36
265: x = 34
266: x = 23
267: x = 30
268: x = 6
269: x = 49
270: x = 14
271: x = 10
272: x = 29
273: x = 19
274: x = 36
276: x = 4
278: x = 45
280: x = 28
281: x = 42
283: x = 11
284: x = 1
285: x = 8
286: x = 30
288: x = 43
289: x = 50
290: x = 12
291: x = 28
293: x = 24
294: x = 50
295: x = 34
296: x = 16
297: x = 5
298: x = 23
299: x = 18
300: x = 30
301: x = 48
302: x = 32
304: x = 23
305: x = 12
306: x = 39
309: x = 20
310: x = 50
312: x = 46
313: x = 35
314: x = 19
317: x = 13
318: x = 8
319: x = 12
320: x = 9
321: x = 2
323: x = 32
324: x = 29
325: x = 2
326: x = 29
327: x = 50
328: x = 37
329: x = 20
330: x = 13
331: x = 33
332: x = 19
333: x = 17
334: x = 37
335: x = 40
337: x = 44
338: x = 23
339: x = 27
340: x = 4
341: x = 7
342: x = 14
344: x = 25
345: x = 3
346: x = 26
347: x = 19
348: x = 48
349: x = 30
350: x = 48
351: x = 26
352: x = 22
354: x = 13
355: x = 7
359: x = 33
360: x = 42
361: x = 5
362: x = 48
364: x = 21
365: x = 34
366: x = 3
367: x = 48
369: x = 4
370: x = 12
373: x = 29
374: x = 45
375: x = 42
376: x = 49
377: x = 23
378: x = 4
380: x = 4
381: x = 4
382: x = 5
384: x = 48
385: x = 2
386: x = 42
387: x = 29
388: x = 31
389: x = 39
390: x = 36
391: x = 24
392: x = 23
393: x = 38
394: x = 15
395: x = 17
396: x = 17
398: x = 25
399: x = 32
401: x = 50
403: x = 15
404: x = 11
405: x = 7
406: x = 22
407: x = 44
408: x = 45
409: x = 19
411: x = 36
412: x = 8
413: x = 22
415: x = 15
419: x = 13
420: x = 25
421: x = 18
422: x = 10
425: x = 28
428: x = 28
429: x = 5
430: x = 48
431: x = 29
432: x = 8
434: x = 21
435: x = 31
436: x = 23
438: x = 37
439: x = 13
440: x = 49
441: x = 11
442: x = 46
443: x = 13
444: x = 4
445: x = 27
446: x = 27
447: x = 41
449: x = 45
450: x = 1
451: x = 11
452: x = 40
453: x = 20
454: x = 15
455: x = 17
456: x = 4
457: x = 35
460: x = 5
461: x = 12
462: x = 37
463: x = 46
466: x = 40
467: x = 21
468: x = 34
469: x = 24
470: x = 40
471: x = 6
472: x = 12
473: x = 12
474: x = 50
475: x = 19
476: x = 6
477: x = 22
478: x = 13
480: x = 16
481: x = 42
482: x = 14
485: x = 22
486: x = 38
487: x = 27
488: x = 49
490: x = 36
491: x = 41
493: x = 37
494: x = 41
495: x = 21
496: x = 28
497: x = 22
503: x = 40
504: x = 47
505: x = 15
506: x = 20
507: x = 21
508: x = 3
510: x = 17
511: x = 12
512: x = 39
513: x = 37
514: x = 4
515: x = 15
516: x = 5
519: x = 18
520: x = 3
521: x = 32
524: x = 8
526: x = 44
527: x = 46
528: x = 28
531: x = 46
532: x = 25
533: x = 19
534: x = 4
535: x = 14
536: x = 19
537: x = 18
538: x = 44
540: x = 7
541: x = 9
542: x = 18
543: x = 39
544: x = 34
546: x = 7
547: x = 30
548: x = 38
549: x = 11
550: x = 4
551: x = 49
552: x = 5
553: x = 4
554: x = 16
555: x = 12
557: x = 4
560: x = 48
561: x = 42
562: x = 25
563: x = 11
564: x = 13
565: x = 7
566: x = 27
567: x = 43
569: x = 50
571: x = 25
572: x = 10
573: x = 25
574: x = 25
575: x = 10
576: x = 10
577: x = 46
578: x = 34
579: x = 32
580: x = 34
581: x = 26
582: x = 38
584: x = 5
585: x = 47
587: x = 31
588: x = 16
589: x = 20
591: x = 5
592: x = 50
593: x = 12
594: x = 36
595: x = 13
596: x = 28
597: x = 9
598: x = 18
599: x = 12
600: x = 49
602: x = 33
604: x = 13
606: x = 4
607: x = 49
609: x = 15
610: x = 24
611: x = 46
612: x = 12
613: x = 10
615: x = 1
617: x = 2
620: x = 30
621: x = 17
623: x = 25
624: x = 40
625: x = 41
626: x = 6
627: x = 47
628: x = 3
629: x = 35
631: x = 6
633: x = 46
634: x = 50
635: x = 29
636: x = 44
638: x = 38
639: x = 43
640: x = 24
641: x = 6
642: x = 19
643: x = 28
644: x = 42
645: x = 16
649: x = 16
650: x = 14
651: x = 3
652: x = 43
654: x = 28
655: x = 11
657: x = 21
659: x = 47
660: x = 15
664: x = 31
665: x = 11
667: x = 38
668: x = 7
669: x = 37
670: x = 4
673: x = 7
674: x = 30
677: x = 43
678: x = 40
679: x = 26
680: x = 16
681: x = 28
683: x = 24
684: x = 17
685: x = 5
687: x = 17
688: x = 9
689: x = 28
690: x = 21
691: x = 21
693: x = 9
695: x = 35
696: x = 2
697: x = 49
698: x = 42
699: x = 7
700: x = 33
701: x = 18
702: x = 12
703: x = 43
704: x = 16
705: x = 13
706: x = 6
707: x = 8
708: x = 26
709: x = 33
710: x = 35
711: x = 5
712: x = 20
713: x = 29
714: x = 4
715: x = 31
716: x = 13
718: x = 24
719: x = 10
720: x = 3
722: x = 39
723: x = 18
724: x = 33
725: x = 8
726: x = 31
727: x = 30
728: x = 11
729: x = 24
730: x = 48
731: x = 48
732: x = 2
734: x = 42
735: x = 15
737: x = 36
738: x = 35
739: x = 49
740: x = 13
741: x = 24
742: x = 48
743: x = 44
744: x = 16
745: x = 21
747: x = 17
748: x = 3
749: x = 38
750: x = 6
751: x = 4
753: x = 11
754: x = 38
756: x = 8
757: x = 49
758: x = 28
759: x = 8
760: x = 35
762: x = 21
763: x = 15
764: x = 13
766: x = 5
767: x = 50
768: x = 27
769: x = 10
770: x = 44
772: x = 7
773: x = 27
774: x = 6
775: x = 17
776: x = 25
777: x = 31
778: x = 42
780: x = 6
782: x = 44
784: x = 37
787: x = 49
788: x = 24
789: x = 15
791: x = 30
793: x = 40
794: x = 35
795: x = 47
796: x = 22
797: x = 37
798: x = 36
799: x = 41
801: x = 2
802: x = 28
803: x = 42
804: x = 35
805: x = 35
807: x = 50
808: x = 30
809: x = 8
812: x = 22
815: x = 45
816: x = 15
817: x = 25
818: x = 35
819: x = 5
820: x = 36
821: x = 49
822: x = 18
823: x = 43
825: x = 34
826: x = 9
827: x = 40
829: x = 10
830: x = 7
831: x = 3
832: x = 41
833: x = 18
834: x = 37
835: x = 25
836: x = 20
840: x = 14
841: x = 15
842: x = 29
843: x = 22
844: x = 44
845: x = 4
846: x = 23
849: x = 1
850: x = 35
851: x = 26
852: x = 45
853: x = 6
854: x = 45
855: x = 36
856: x = 28
857: x = 32
858: x = 49
860: x = 8
861: x = 47
862: x = 33
863: x = 41
864: x = 25
865: x = 33
866: x = 13
867: x = 11
868: x = 24
871: x = 43
872: x = 15
873: x = 24
874: x = 28
875: x = 30
876: x = 34
877: x = 35
878: x = 20
880: x = 10
882: x = 8
883: x = 1
884: x = 2
885: x = 24
887: x = 37
888: x = 18
889: x = 3
890: x = 2
893: x = 33
894: x = 49
896: x = 50
898: x = 4
899: x = 49
900: x = 47
901: x = 17
903: x = 38
904: x = 14
906: x = 6
907: x = 1
908: x = 3
909: x = 23
911: x = 14
912: x = 21
914: x = 31
917: x = 38
918: x = 8
919: x = 30
921: x = 34
922: x = 42
925: x = 23
926: x = 1
927: x = 44
928: x = 40
929: x = 20
930: x = 48
931: x = 8
933: x = 15
935: x = 36
937: x = 20
938: x = 36
939: x = 26
940: x = 22
941: x = 15
943: x = 38
944: x = 43
945: x = 48
946: x = 2
947: x = 49
948: x = 30
949: x = 21
950: x = 20
952: x = 43
953: x = 29
955: x = 38
957: x = 43
960: x = 10
962: x = 26
963: x = 24
964: x = 3
965: x = 48
966: x = 43
968: x = 45
973: x = 23
974: x = 2
975: x = 15
976: x = 36
978: x = 17
980: x = 18
981: x = 31
982: x = 10
983: x = 9
984: x = 42
987: x = 10
988: x = 10
990: x = 8
991: x = 42
992: x = 16
993: x = 2
994: x = 47
995: x = 34
1000: x = 20
