7: y = 7
10: y = 10
27: y = 27
52: y = 52
65: y = 65
69: y = 69
71: y = 71
84: y = 84
104: y = 104
108: y = 108
124: y = 124
129: y = 129
149: y = 149
157: y = 157
203: y = 203
228: y = 228
236: y = 236
237: y = 237
244: y = 244
245: y = 245
290: y = 290
291: y = 291
312: y = 312
320: y = 320
375: y = 375
386: y = 386
402: y = 402
410: y = 410
416: y = 416
430: y = 430
445: y = 445
447: y = 447
459: y = 459
461: y = 461
468: y = 468
472: y = 472
479: y = 479
480: y = 480
484: y = 484
494: y = 494
499: y = 499
502: y = 502
504: y = 504
517: y = 517
518: y = 518
548: y = 548
559: y = 559
568: y = 568
572: y = 572
580: y = 580
593: y = 593
616: y = 616
621: y = 621
633: y = 633
658: y = 658
673: y = 673
674: y = 674
677: y = 677
681: y = 681
692: y = 692
696: y = 696
702: y = 702
706: y = 706
715: y = 715
739: y = 739
758: y = 758
760: y = 760
777: y = 777
789: y = 789
793: y = 793
830: y = 830
833: y = 833
867: y = 867
870: y = 870
872: y = 872
890: y = 890
897: y = 897
902: y = 902
907: y = 907
919: y = 919
945: y = 945
953: y = 953
968: y = 968
972: y = 972
974: y = 974
975: y = 975
987: y = 987
1014: y = 1014
1039: y = 1039
1056: y = 1056
1071: y = 1071
1094: y = 1094
1099: y = 1099
1115: y = 1115
1129: y = 1129
1130: y = 1130
1133: y = 1133
1134: y = 1134
1179: y = 1179
1188: y = 1188
1189: y = 1189
1193: y = 1193
1202: y = 1202
1213: y = 1213
1220: y = 1220
1233: y = 1233
1234: y = 1234
1245: y = 1245
1304: y = 1304
1312: y = 1312
1316: y = 1316
1318: y = 1318
1321: y = 1321
1332: y = 1332
1348: y = 1348
1352: y = 1352
1355: y = 1355
1366: y = 1366
1387: y = 1387
1400: y = 1400
1412: y = 1412
1415: y = 1415
1419: y = 1419
1420: y = 1420
1440: y = 1440
1455: y = 1455
1463: y = 1463
1464: y = 1464
1471: y = 1471
1472: y = 1472
1476: y = 1476
1501: y = 1501
1502: y = 1502
1503: y = 1503
1506: y = 1506
1508: y = 1508
1516: y = 1516
1543: y = 1543
1579: y = 1579
1580: y = 1580
1587: y = 1587
1599: y = 1599
1602: y = 1602
1605: y = 1605
1637: y = 1637
1647: y = 1647
1648: y = 1648
1655: y = 1655
1667: y = 1667
1686: y = 1686
1706: y = 1706
1728: y = 1728
1730: y = 1730
1734: y = 1734
1737: y = 1737
1758: y = 1758
1763: y = 1763
1781: y = 1781
1803: y = 1803
1805: y = 1805
1841: y = 1841
1858: y = 1858
1865: y = 1865
1866: y = 1866
1878: y = 1878
1879: y = 1879
1896: y = 1896
1899: y = 1899
1905: y = 1905
1914: y = 1914
1920: y = 1920
1939: y = 1939
1950: y = 1950
1955: y = 1955
1958: y = 1958
1965: y = 1965
1990: y = 1990
2009: y = 2009
2032: y = 2032
2039: y = 2039
2048: y = 2048
2054: y = 2054
2055: y = 2055
2081: y = 2081
2084: y = 2084
2142: y = 2142
2162: y = 2162
2166: y = 2166
2168: y = 2168
2181: y = 2181
2197: y = 2197
2209: y = 2209
2212: y = 2212
2213: y = 2213
2231: y = 2231
2237: y = 2237
2247: y = 2247
2253: y = 2253
2259: y = 2259
2260: y = 2260
2279: y = 2279
2281: y = 2281
2298: y = 2298
2299: y = 2299
2329: y = 2329
2333: y = 2333
2343: y = 2343
2348: y = 2348
2349: y = 2349
2352: y = 2352
2358: y = 2358
2364: y = 2364
2374: y = 2374
2381: y = 2381
2382: y = 2382
2384: y = 2384
2392: y = 2392
2405: y = 2405
2408: y = 2408
2445: y = 2445
2447: y = 2447
2455: y = 2455
2458: y = 2458
2459: y = 2459
2460: y = 2460
2477: y = 2477
2483: y = 2483
2493: y = 2493
2495: y = 2495
2497: y = 2497
2506: y = 2506
2508: y = 2508
2512: y = 2512
2523: y = 2523
2532: y = 2532
2535: y = 2535
2536: y = 2536
2538: y = 2538
2539: y = 2539
2544: y = 2544
2553: y = 2553
2566: y = 2566
2580: y = 2580
2591: y = 2591
2632: y = 2632
2664: y = 2664
2668: y = 2668
2671: y = 2671
2673: y = 2673
2681: y = 2681
2714: y = 2714
2715: y = 2715
2738: y = 2738
2747: y = 2747
2752: y = 2752
2755: y = 2755
2764: y = 2764
2781: y = 2781
2785: y = 2785
2797: y = 2797
2814: y = 2814
2819: y = 2819
2820: y = 2820
2844: y = 2844
2850: y = 2850
2886: y = 2886
2895: y = 2895
2912: y = 2912
2919: y = 2919
2941: y = 2941
2946: y = 2946
2967: y = 2967
2974: y = 2974
2993: y = 2993
2994: y = 2994
2998: y = 2998
2999: y = 2999
3001: y = 3001
3011: y = 3011
3023: y = 3023
3027: y = 3027
3034: y = 3034
3042: y = 3042
3050: y = 3050
3064: y = 3064
3080: y = 3080
3085: y = 3085
3099: y = 3099
3121: y = 3121
3130: y = 3130
3140: y = 3140
3147: y = 3147
3149: y = 3149
3150: y = 3150
3160: y = 3160
3162: y = 3162
3167: y = 3167
3191: y = 3191
3192: y = 3192
3213: y = 3213
3214: y = 3214
3225: y = 3225
3236: y = 3236
3239: y = 3239
3240: y = 3240
3244: y = 3244
3254: y = 3254
3262: y = 3262
3266: y = 3266
3271: y = 3271
3279: y = 3279
3280: y = 3280
3286: y = 3286
3307: y = 3307
3336: y = 3336
3343: y = 3343
3358: y = 3358
3377: y = 3377
3384: y = 3384
3386: y = 3386
3390: y = 3390
3391: y = 3391
3398: y = 3398
3399: y = 3399
3401: y = 3401
3434: y = 3434
3444: y = 3444
3469: y = 3469
3490: y = 3490
3508: y = 3508
3513: y = 3513
3514: y = 3514
3523: y = 3523
3526: y = 3526
3532: y = 3532
3535: y = 3535
3546: y = 3546
3554: y = 3554
3567: y = 3567
3568: y = 3568
3575: y = 3575
3584: y = 3584
3587: y = 3587
3601: y = 3601
3614: y = 3614
3621: y = 3621
3629: y = 3629
3636: y = 3636
3642: y = 3642
3647: y = 3647
3655: y = 3655
3667: y = 3667
3670: y = 3670
3687: y = 3687
3695: y = 3695
3701: y = 3701
3712: y = 3712
3718: y = 3718
3720: y = 3720
3738: y = 3738
3762: y = 3762
3792: y = 3792
3800: y = 3800
3803: y = 3803
3807: y = 3807
3816: y = 3816
3833: y = 3833
3850: y = 3850
3896: y = 3896
3897: y = 3897
3898: y = 3898
3905: y = 3905
3929: y = 3929
3946: y = 3946
3948: y = 3948
3956: y = 3956
3957: y = 3957
3962: y = 3962
3967: y = 3967
3970: y = 3970
3971: y = 3971
3973: y = 3973
3974: y = 3974
3993: y = 3993
3994: y = 3994
4015: y = 4015
4025: y = 4025
4032: y = 4032
4041: y = 4041
4054: y = 4054
4075: y = 4075
4078: y = 4078
4080: y = 4080
4086: y = 4086
4104: y = 4104
4136: y = 4136
4140: y = 4140
4151: y = 4151
4152: y = 4152
4191: y = 4191
4204: y = 4204
4210: y = 4210
4211: y = 4211
4220: y = 4220
4222: y = 4222
4242: y = 4242
4254: y = 4254
4258: y = 4258
4289: y = 4289
4292: y = 4292
4296: y = 4296
4300: y = 4300
4307: y = 4307
4339: y = 4339
4352: y = 4352
4357: y = 4357
4402: y = 4402
4405: y = 4405
4406: y = 4406
4418: y = 4418
4433: y = 4433
4436: y = 4436
4477: y = 4477
4492: y = 4492
4515: y = 4515
4526: y = 4526
4530: y = 4530
4555: y = 4555
4572: y = 4572
4577: y = 4577
4600: y = 4600
4605: y = 4605
4612: y = 4612
4616: y = 4616
4617: y = 4617
4635: y = 4635
4646: y = 4646
4660: y = 4660
4666: y = 4666
4669: y = 4669
4671: y = 4671
4678: y = 4678
4695: y = 4695
4708: y = 4708
4709: y = 4709
4713: y = 4713
4717: y = 4717
4721: y = 4721
4722: y = 4722
4728: y = 4728
4748: y = 4748
4758: y = 4758
4759: y = 4759
4761: y = 4761
4762: y = 4762
4773: y = 4773
4775: y = 4775
4780: y = 4780
4781: y = 4781
4788: y = 4788
4793: y = 4793
4804: y = 4804
4813: y = 4813
4815: y = 4815
4820: y = 4820
4852: y = 4852
4874: y = 4874
4878: y = 4878
4886: y = 4886
4890: y = 4890
4916: y = 4916
4921: y = 4921
4923: y = 4923
4926: y = 4926
4939: y = 4939
4940: y = 4940
4941: y = 4941
4943: y = 4943
4947: y = 4947
4950: y = 4950
4961: y = 4961
4976: y = 4976
4988: y = 4988
5000: y = 5000
5002: y = 5002
5005: y = 5005
5008: y = 5008
5010: y = 5010
5012: y = 5012
5044: y = 5044
5077: y = 5077
5102: y = 5102
5118: y = 5118
5123: y = 5123
5125: y = 5125
5130: y = 5130
5149: y = 5149
5157: y = 5157
5158: y = 5158
5198: y = 5198
5201: y = 5201
5219: y = 5219
5228: y = 5228
5235: y = 5235
5257: y = 5257
5271: y = 5271
5331: y = 5331
5341: y = 5341
5365: y = 5365
5373: y = 5373
5381: y = 5381
5382: y = 5382
5387: y = 5387
5390: y = 5390
5396: y = 5396
5409: y = 5409
5442: y = 5442
5445: y = 5445
5461: y = 5461
5479: y = 5479
5483: y = 5483
5485: y = 5485
5486: y = 5486
5495: y = 5495
5499: y = 5499
5501: y = 5501
5527: y = 5527
5536: y = 5536
5547: y = 5547
5550: y = 5550
5551: y = 5551
5552: y = 5552
5555: y = 5555
5562: y = 5562
5583: y = 5583
5585: y = 5585
5591: y = 5591
5628: y = 5628
5639: y = 5639
5640: y = 5640
5644: y = 5644
5667: y = 5667
5669: y = 5669
5671: y = 5671
5682: y = 5682
5683: y = 5683
5703: y = 5703
5705: y = 5705
5710: y = 5710
5713: y = 5713
5717: y = 5717
5724: y = 5724
5745: y = 5745
5759: y = 5759
5781: y = 5781
5808: y = 5808
5811: y = 5811
5816: y = 5816
5824: y = 5824
5861: y = 5861
5873: y = 5873
5879: y = 5879
5883: y = 5883
5899: y = 5899
5914: y = 5914
5922: y = 5922
5929: y = 5929
5943: y = 5943
5950: y = 5950
5974: y = 5974
5981: y = 5981
5985: y = 5985
5991: y = 5991
5994: y = 5994
5995: y = 5995
5996: y = 5996
6030: y = 6030
6037: y = 6037
6044: y = 6044
6046: y = 6046
6074: y = 6074
6088: y = 6088
6089: y = 6089
6131: y = 6131
6132: y = 6132
6168: y = 6168
6169: y = 6169
6194: y = 6194
6195: y = 6195
6204: y = 6204
6208: y = 6208
6220: y = 6220
6222: y = 6222
6248: y = 6248
6257: y = 6257
6276: y = 6276
6286: y = 6286
6288: y = 6288
6292: y = 6292
6314: y = 6314
6322: y = 6322
6331: y = 6331
6336: y = 6336
6360: y = 6360
6362: y = 6362
6367: y = 6367
6371: y = 6371
6378: y = 6378
6394: y = 6394
6398: y = 6398
6420: y = 6420
6437: y = 6437
6455: y = 6455
6481: y = 6481
6498: y = 6498
6499: y = 6499
6509: y = 6509
6514: y = 6514
6523: y = 6523
6526: y = 6526
6534: y = 6534
6543: y = 6543
6552: y = 6552
6572: y = 6572
6583: y = 6583
6616: y = 6616
6620: y = 6620
6621: y = 6621
6636: y = 6636
6670: y = 6670
6709: y = 6709
6722: y = 6722
6733: y = 6733
6742: y = 6742
6754: y = 6754
6755: y = 6755
6758: y = 6758
6763: y = 6763
6765: y = 6765
6778: y = 6778
6794: y = 6794
6802: y = 6802
6808: y = 6808
6810: y = 6810
6814: y = 6814
6815: y = 6815
6833: y = 6833
6834: y = 6834
6835: y = 6835
6841: y = 6841
6854: y = 6854
6863: y = 6863
6889: y = 6889
6890: y = 6890
6892: y = 6892
6915: y = 6915
6922: y = 6922
6931: y = 6931
6935: y = 6935
6941: y = 6941
6945: y = 6945
6950: y = 6950
6951: y = 6951
6955: y = 6955
6965: y = 6965
6966: y = 6966
6975: y = 6975
6986: y = 6986
6987: y = 6987
6989: y = 6989
6996: y = 6996
7023: y = 7023
7030: y = 7030
7033: y = 7033
7055: y = 7055
7061: y = 7061
7070: y = 7070
7097: y = 7097
7106: y = 7106
7154: y = 7154
7155: y = 7155
7179: y = 7179
7183: y = 7183
7215: y = 7215
7223: y = 7223
7247: y = 7247
7257: y = 7257
7272: y = 7272
7282: y = 7282
7291: y = 7291
7293: y = 7293
7319: y = 7319
7338: y = 7338
7343: y = 7343
7355: y = 7355
7363: y = 7363
7364: y = 7364
7374: y = 7374
7382: y = 7382
7405: y = 7405
7411: y = 7411
7415: y = 7415
7416: y = 7416
7428: y = 7428
7445: y = 7445
7459: y = 7459
7473: y = 7473
7492: y = 7492
7499: y = 7499
7520: y = 7520
7560: y = 7560
7566: y = 7566
7576: y = 7576
7590: y = 7590
7597: y = 7597
7600: y = 7600
7602: y = 7602
7612: y = 7612
7616: y = 7616
7632: y = 7632
7636: y = 7636
7661: y = 7661
7670: y = 7670
7675: y = 7675
7676: y = 7676
7689: y = 7689
7693: y = 7693
7701: y = 7701
7702: y = 7702
7707: y = 7707
7717: y = 7717
7725: y = 7725
7726: y = 7726
7729: y = 7729
7753: y = 7753
7766: y = 7766
7775: y = 7775
7776: y = 7776
7780: y = 7780
7781: y = 7781
7783: y = 7783
7792: y = 7792
7797: y = 7797
7801: y = 7801
7805: y = 7805
7812: y = 7812
7813: y = 7813
7820: y = 7820
7840: y = 7840
7841: y = 7841
7851: y = 7851
7856: y = 7856
7859: y = 7859
7884: y = 7884
7902: y = 7902
7907: y = 7907
7909: y = 7909
7946: y = 7946
7948: y = 7948
7960: y = 7960
7963: y = 7963
7967: y = 7967
7972: y = 7972
7973: y = 7973
7977: y = 7977
7979: y = 7979
8002: y = 8002
8008: y = 8008
8009: y = 8009
8013: y = 8013
8020: y = 8020
8026: y = 8026
8028: y = 8028
8035: y = 8035
8036: y = 8036
8045: y = 8045
8050: y = 8050
8053: y = 8053
8074: y = 8074
8076: y = 8076
8083: y = 8083
8086: y = 8086
8087: y = 8087
8094: y = 8094
8110: y = 8110
8121: y = 8121
8123: y = 8123
8139: y = 8139
8155: y = 8155
8188: y = 8188
8191: y = 8191
8201: y = 8201
8209: y = 8209
8213: y = 8213
8223: y = 8223
8226: y = 8226
8252: y = 8252
8265: y = 8265
8275: y = 8275
8282: y = 8282
8291: y = 8291
8292: y = 8292
8293: y = 8293
8297: y = 8297
8311: y = 8311
8323: y = 8323
8328: y = 8328
8350: y = 8350
8356: y = 8356
8366: y = 8366
8379: y = 8379
8391: y = 8391
8422: y = 8422
8426: y = 8426
8436: y = 8436
8447: y = 8447
8449: y = 8449
8450: y = 8450
8489: y = 8489
8497: y = 8497
8500: y = 8500
8501: y = 8501
8518: y = 8518
8522: y = 8522
8526: y = 8526
8531: y = 8531
8542: y = 8542
8553: y = 8553
8558: y = 8558
8568: y = 8568
8579: y = 8579
8580: y = 8580
8607: y = 8607
8614: y = 8614
8620: y = 8620
8637: y = 8637
8649: y = 8649
8673: y = 8673
8680: y = 8680
8688: y = 8688
8698: y = 8698
8706: y = 8706
8717: y = 8717
8727: y = 8727
8747: y = 8747
8757: y = 8757
8769: y = 8769
8788: y = 8788
8802: y = 8802
8811: y = 8811
8820: y = 8820
8851: y = 8851
8866: y = 8866
8879: y = 8879
8882: y = 8882
8884: y = 8884
8904: y = 8904
8908: y = 8908
8936: y = 8936
8947: y = 8947
8961: y = 8961
8962: y = 8962
8964: y = 8964
8969: y = 8969
9020: y = 9020
9048: y = 9048
9051: y = 9051
9054: y = 9054
9056: y = 9056
9076: y = 9076
9086: y = 9086
9091: y = 9091
9101: y = 9101
9103: y = 9103
9105: y = 9105
9107: y = 9107
9158: y = 9158
9164: y = 9164
9170: y = 9170
9175: y = 9175
9176: y = 9176
9187: y = 9187
9197: y = 9197
9201: y = 9201
9219: y = 9219
9224: y = 9224
9236: y = 9236
9237: y = 9237
9246: y = 9246
9260: y = 9260
9261: y = 9261
9265: y = 9265
9267: y = 9267
9270: y = 9270
9303: y = 9303
9318: y = 9318
9321: y = 9321
9331: y = 9331
9333: y = 9333
9344: y = 9344
9354: y = 9354
9355: y = 9355
9367: y = 9367
9376: y = 9376
9379: y = 9379
9391: y = 9391
9393: y = 9393
9402: y = 9402
9406: y = 9406
9408: y = 9408
9415: y = 9415
9440: y = 9440
9443: y = 9443
9449: y = 9449
9450: y = 9450
9457: y = 9457
9478: y = 9478
9486: y = 9486
9503: y = 9503
9507: y = 9507
9514: y = 9514
9533: y = 9533
9545: y = 9545
9546: y = 9546
9550: y = 9550
9551: y = 9551
9559: y = 9559
9570: y = 9570
9580: y = 9580
9588: y = 9588
9598: y = 9598
9608: y = 9608
9610: y = 9610
9667: y = 9667
9675: y = 9675
9687: y = 9687
9693: y = 9693
9694: y = 9694
9705: y = 9705
9706: y = 9706
9725: y = 9725
9742: y = 9742
9743: y = 9743
9755: y = 9755
9759: y = 9759
9783: y = 9783
9787: y = 9787
9807: y = 9807
9812: y = 9812
9820: y = 9820
9848: y = 9848
9858: y = 9858
9864: y = 9864
9875: y = 9875
9882: y = 9882
9890: y = 9890
9928: y = 9928
9940: y = 9940
9957: y = 9957
9964: y = 9964
9966: y = 9966
9978: y = 9978
9980: y = 9980
9987: y = 9987
