47: y = ()
790: y = ()
2253: y = ()
2786: y = ()
2988: y = ()
3499: y = ()
3688: y = ()
4011: y = ()
4467: y = ()
4685: y = ()
5329: y = ()
5803: y = ()
6470: y = ()
6771: y = ()
7670: y = ()
7922: y = ()
8071: y = ()
8198: y = ()
8577: y = ()
8894: y = ()
9565: y = ()
9721: y = ()
10575: y = ()
10904: y = ()
11096: y = ()
11456: y = ()
11795: y = ()
11980: y = ()
12296: y = ()
13054: y = ()
13391: y = ()
13476: y = ()
13650: y = ()
14231: y = ()
14994: y = ()
15079: y = ()
15500: y = ()
15675: y = ()
15831: y = ()
15981: y = ()
16644: y = ()
16699: y = ()
16947: y = ()
17251: y = ()
17867: y = ()
18446: y = ()
18929: y = ()
19854: y = ()
20092: y = ()
20232: y = ()
20299: y = ()
20606: y = ()
21193: y = ()
22381: y = ()
23439: y = ()
23452: y = ()
23508: y = ()
24243: y = ()
24946: y = ()
25268: y = ()
25710: y = ()
26390: y = ()
26892: y = ()
27035: y = ()
27788: y = ()
28195: y = ()
28959: y = ()
29241: y = ()
30398: y = ()
30683: y = ()
31358: y = ()
32424: y = ()
32456: y = ()
32788: y = ()
32915: y = ()
33478: y = ()
35448: y = ()
35945: y = ()
36759: y = ()
37076: y = ()
37163: y = ()
37269: y = ()
37328: y = ()
38489: y = ()
38748: y = ()
38932: y = ()
39020: y = ()
39887: y = ()
39904: y = ()
39908: y = ()
40283: y = ()
40306: y = ()
40584: y = ()
41152: y = ()
41431: y = ()
41501: y = ()
42751: y = ()
43407: y = ()
44366: y = ()
44909: y = ()
44921: y = ()
44931: y = ()
44951: y = ()
45444: y = ()
45928: y = ()
46248: y = ()
46365: y = ()
46474: y = ()
46852: y = ()
47353: y = ()
48822: y = ()
48825: y = ()
49148: y = ()
49620: y = ()
49634: y = ()
50037: y = ()
50339: y = ()
51185: y = ()
51277: y = ()
51493: y = ()
51885: y = ()
52913: y = ()
53327: y = ()
54485: y = ()
57809: y = ()
58242: y = ()
58528: y = ()
58791: y = ()
59346: y = ()
60961: y = ()
60970: y = ()
62884: y = ()
63177: y = ()
63244: y = ()
63469: y = ()
64224: y = ()
64749: y = ()
65698: y = ()
66031: y = ()
66095: y = ()
66144: y = ()
67717: y = ()
68423: y = ()
68843: y = ()
68901: y = ()
69732: y = ()
70082: y = ()
70130: y = ()
70145: y = ()
70986: y = ()
71774: y = ()
71813: y = ()
71895: y = ()
72361: y = ()
72564: y = ()
72605: y = ()
72698: y = ()
73376: y = ()
73629: y = ()
73703: y = ()
74616: y = ()
74978: y = ()
75028: y = ()
75356: y = ()
75743: y = ()
76056: y = ()
76061: y = ()
76419: y = ()
76477: y = ()
76511: y = ()
77536: y = ()
77634: y = ()
77773: y = ()
78564: y = ()
78630: y = ()
79793: y = ()
80073: y = ()
82481: y = ()
83417: y = ()
83615: y = ()
84246: y = ()
84284: y = ()
85306: y = ()
86164: y = ()
86782: y = ()
87864: y = ()
88198: y = ()
88558: y = ()
88563: y = ()
88771: y = ()
89199: y = ()
89377: y = ()
89594: y = ()
91246: y = ()
91439: y = ()
92172: y = ()
92404: y = ()
92754: y = ()
94001: y = ()
94295: y = ()
95051: y = ()
96162: y = ()
96176: y = ()
96763: y = ()
97527: y = ()
98152: y = ()
98223: y = ()
98616: y = ()
99537: y = ()
99993: y = ()
100975: y = ()
101259: y = ()
101352: y = ()
101689: y = ()
101718: y = ()
102446: y = ()
103024: y = ()
103202: y = ()
103282: y = ()
103501: y = ()
105107: y = ()
106002: y = ()
106767: y = ()
109032: y = ()
109182: y = ()
109580: y = ()
110230: y = ()
110535: y = ()
110610: y = ()
110642: y = ()
111050: y = ()
111706: y = ()
111868: y = ()
112546: y = ()
112789: y = ()
113258: y = ()
113873: y = ()
114101: y = ()
115307: y = ()
115961: y = ()
116687: y = ()
117058: y = ()
117464: y = ()
117950: y = ()
118154: y = ()
118162: y = ()
118529: y = ()
118682: y = ()
119331: y = ()
119413: y = ()
119418: y = ()
119519: y = ()
119655: y = ()
119967: y = ()
121117: y = ()
122233: y = ()
122600: y = ()
123407: y = ()
124238: y = ()
124633: y = ()
124883: y = ()
125564: y = ()
125858: y = ()
125939: y = ()
126523: y = ()
126789: y = ()
127150: y = ()
127419: y = ()
127476: y = ()
129179: y = ()
129246: y = ()
129560: y = ()
129927: y = ()
130162: y = ()
130450: y = ()
130551: y = ()
131085: y = ()
131585: y = ()
132499: y = ()
133507: y = ()
133738: y = ()
133853: y = ()
134671: y = ()
134868: y = ()
135669: y = ()
136043: y = ()
136242: y = ()
136840: y = ()
137102: y = ()
137498: y = ()
137824: y = ()
138094: y = ()
138916: y = ()
139556: y = ()
140436: y = ()
141409: y = ()
141433: y = ()
141649: y = ()
141821: y = ()
142069: y = ()
142635: y = ()
143448: y = ()
143631: y = ()
143946: y = ()
144222: y = ()
144937: y = ()
145550: y = ()
145576: y = ()
145775: y = ()
146530: y = ()
147520: y = ()
147721: y = ()
148044: y = ()
148078: y = ()
148398: y = ()
149917: y = ()
150740: y = ()
150892: y = ()
151989: y = ()
152085: y = ()
152488: y = ()
153417: y = ()
155438: y = ()
158426: y = ()
158433: y = ()
158571: y = ()
160322: y = ()
160622: y = ()
162085: y = ()
162365: y = ()
162979: y = ()
163248: y = ()
163436: y = ()
163658: y = ()
163681: y = ()
163728: y = ()
164571: y = ()
164997: y = ()
165037: y = ()
165067: y = ()
165158: y = ()
165166: y = ()
165267: y = ()
165330: y = ()
165910: y = ()
166561: y = ()
167806: y = ()
167912: y = ()
168158: y = ()
168257: y = ()
168898: y = ()
169648: y = ()
169705: y = ()
169725: y = ()
170426: y = ()
170577: y = ()
170595: y = ()
171203: y = ()
171218: y = ()
173619: y = ()
174010: y = ()
174879: y = ()
174963: y = ()
175272: y = ()
175697: y = ()
177481: y = ()
178587: y = ()
179227: y = ()
179242: y = ()
179264: y = ()
179844: y = ()
180454: y = ()
181666: y = ()
182253: y = ()
182348: y = ()
182561: y = ()
183575: y = ()
184077: y = ()
184200: y = ()
184700: y = ()
184831: y = ()
185183: y = ()
185682: y = ()
185905: y = ()
186019: y = ()
186851: y = ()
187136: y = ()
187213: y = ()
187561: y = ()
187698: y = ()
188631: y = ()
188763: y = ()
189793: y = ()
191213: y = ()
191740: y = ()
191792: y = ()
191927: y = ()
192367: y = ()
192516: y = ()
192891: y = ()
193538: y = ()
193608: y = ()
195331: y = ()
195427: y = ()
195499: y = ()
195899: y = ()
196044: y = ()
196996: y = ()
198151: y = ()
199272: y = ()
199502: y = ()
200304: y = ()
200395: y = ()
200709: y = ()
201836: y = ()
202185: y = ()
203441: y = ()
203540: y = ()
204694: y = ()
206191: y = ()
206953: y = ()
207149: y = ()
208324: y = ()
208943: y = ()
209140: y = ()
209315: y = ()
209373: y = ()
209480: y = ()
210632: y = ()
210851: y = ()
212414: y = ()
213330: y = ()
213869: y = ()
214737: y = ()
214869: y = ()
215111: y = ()
215644: y = ()
215907: y = ()
216281: y = ()
217103: y = ()
217835: y = ()
218088: y = ()
219928: y = ()
220371: y = ()
220676: y = ()
220705: y = ()
220874: y = ()
221863: y = ()
222230: y = ()
222352: y = ()
222401: y = ()
222514: y = ()
223040: y = ()
224141: y = ()
224199: y = ()
224885: y = ()
224957: y = ()
225917: y = ()
226375: y = ()
226787: y = ()
227525: y = ()
227621: y = ()
227640: y = ()
227719: y = ()
227876: y = ()
227877: y = ()
228205: y = ()
229276: y = ()
229435: y = ()
229919: y = ()
231188: y = ()
232897: y = ()
233192: y = ()
233335: y = ()
233431: y = ()
233447: y = ()
233921: y = ()
234678: y = ()
234719: y = ()
235317: y = ()
236818: y = ()
237029: y = ()
237438: y = ()
238003: y = ()
238987: y = ()
239454: y = ()
239458: y = ()
240406: y = ()
240468: y = ()
240775: y = ()
240936: y = ()
240994: y = ()
241470: y = ()
241537: y = ()
242749: y = ()
243118: y = ()
243597: y = ()
244334: y = ()
245450: y = ()
245592: y = ()
245846: y = ()
247312: y = ()
248614: y = ()
249042: y = ()
249906: y = ()
250136: y = ()
250670: y = ()
251397: y = ()
252398: y = ()
253124: y = ()
253423: y = ()
253767: y = ()
254736: y = ()
254915: y = ()
255189: y = ()
255302: y = ()
256161: y = ()
256210: y = ()
256446: y = ()
256492: y = ()
256599: y = ()
257233: y = ()
257628: y = ()
257716: y = ()
257752: y = ()
258367: y = ()
258977: y = ()
259026: y = ()
259293: y = ()
260344: y = ()
260566: y = ()
260797: y = ()
262649: y = ()
262993: y = ()
263053: y = ()
263540: y = ()
264169: y = ()
264237: y = ()
265237: y = ()
265821: y = ()
266214: y = ()
266275: y = ()
266278: y = ()
267962: y = ()
268116: y = ()
268300: y = ()
268363: y = ()
268403: y = ()
268918: y = ()
269639: y = ()
269655: y = ()
269990: y = ()
270320: y = ()
271280: y = ()
271294: y = ()
271329: y = ()
271355: y = ()
271393: y = ()
272838: y = ()
272929: y = ()
273050: y = ()
273956: y = ()
274270: y = ()
274302: y = ()
274468: y = ()
274477: y = ()
274802: y = ()
274835: y = ()
276808: y = ()
277008: y = ()
277227: y = ()
277425: y = ()
277789: y = ()
277895: y = ()
278987: y = ()
279171: y = ()
280489: y = ()
281205: y = ()
282299: y = ()
282607: y = ()
282643: y = ()
283187: y = ()
283210: y = ()
284206: y = ()
284332: y = ()
285042: y = ()
286725: y = ()
287121: y = ()
287856: y = ()
287988: y = ()
289567: y = ()
289692: y = ()
290135: y = ()
291064: y = ()
291777: y = ()
292067: y = ()
294831: y = ()
295751: y = ()
296301: y = ()
297342: y = ()
297520: y = ()
297928: y = ()
298446: y = ()
299018: y = ()
299949: y = ()
300085: y = ()
300336: y = ()
301673: y = ()
302127: y = ()
302523: y = ()
303110: y = ()
303240: y = ()
303387: y = ()
303412: y = ()
303480: y = ()
303814: y = ()
305533: y = ()
307379: y = ()
307714: y = ()
308488: y = ()
308885: y = ()
308915: y = ()
308951: y = ()
309789: y = ()
310361: y = ()
310689: y = ()
311599: y = ()
312028: y = ()
314003: y = ()
314286: y = ()
314636: y = ()
314817: y = ()
314830: y = ()
315520: y = ()
315741: y = ()
315842: y = ()
316101: y = ()
317279: y = ()
318045: y = ()
319442: y = ()
319534: y = ()
319581: y = ()
320066: y = ()
320395: y = ()
320766: y = ()
320840: y = ()
322701: y = ()
323447: y = ()
323621: y = ()
323921: y = ()
323922: y = ()
324512: y = ()
324798: y = ()
325342: y = ()
325933: y = ()
326679: y = ()
327333: y = ()
328536: y = ()
328551: y = ()
328595: y = ()
328618: y = ()
328647: y = ()
328743: y = ()
328911: y = ()
328983: y = ()
329594: y = ()
329731: y = ()
330612: y = ()
331062: y = ()
331899: y = ()
332019: y = ()
332170: y = ()
333190: y = ()
333428: y = ()
333549: y = ()
334786: y = ()
334800: y = ()
335459: y = ()
335643: y = ()
336193: y = ()
336387: y = ()
336697: y = ()
336862: y = ()
336908: y = ()
338127: y = ()
338675: y = ()
339200: y = ()
339456: y = ()
339654: y = ()
340080: y = ()
340647: y = ()
340975: y = ()
342703: y = ()
343180: y = ()
343331: y = ()
344314: y = ()
344666: y = ()
345705: y = ()
345761: y = ()
346926: y = ()
347086: y = ()
348791: y = ()
348879: y = ()
349284: y = ()
349311: y = ()
349363: y = ()
349489: y = ()
349584: y = ()
349819: y = ()
350546: y = ()
351518: y = ()
351607: y = ()
351672: y = ()
353051: y = ()
354360: y = ()
355371: y = ()
355874: y = ()
356354: y = ()
356616: y = ()
357137: y = ()
357374: y = ()
358964: y = ()
359132: y = ()
359438: y = ()
359519: y = ()
359697: y = ()
361322: y = ()
361423: y = ()
361614: y = ()
361709: y = ()
361940: y = ()
362684: y = ()
362788: y = ()
363053: y = ()
363143: y = ()
363179: y = ()
364584: y = ()
364670: y = ()
364834: y = ()
364866: y = ()
365051: y = ()
365482: y = ()
365832: y = ()
365889: y = ()
365935: y = ()
366665: y = ()
366835: y = ()
367006: y = ()
367267: y = ()
367457: y = ()
367889: y = ()
368090: y = ()
369005: y = ()
369686: y = ()
369999: y = ()
371278: y = ()
371292: y = ()
371764: y = ()
373254: y = ()
373558: y = ()
373682: y = ()
374650: y = ()
375552: y = ()
375885: y = ()
376351: y = ()
376378: y = ()
376782: y = ()
376802: y = ()
377014: y = ()
377239: y = ()
377787: y = ()
379024: y = ()
379230: y = ()
379286: y = ()
379493: y = ()
380184: y = ()
380519: y = ()
380687: y = ()
381001: y = ()
381257: y = ()
381372: y = ()
382780: y = ()
384308: y = ()
384827: y = ()
385397: y = ()
385632: y = ()
385817: y = ()
386387: y = ()
386454: y = ()
386671: y = ()
387002: y = ()
387314: y = ()
387324: y = ()
387511: y = ()
387885: y = ()
388150: y = ()
388182: y = ()
388609: y = ()
388818: y = ()
388943: y = ()
389122: y = ()
389303: y = ()
389520: y = ()
389899: y = ()
390055: y = ()
390589: y = ()
391915: y = ()
392026: y = ()
392298: y = ()
392342: y = ()
393260: y = ()
393596: y = ()
395365: y = ()
395751: y = ()
395903: y = ()
396849: y = ()
397406: y = ()
397820: y = ()
399171: y = ()
399784: y = ()
399821: y = ()
399895: y = ()
399936: y = ()
400035: y = ()
400382: y = ()
400907: y = ()
402139: y = ()
402279: y = ()
402623: y = ()
402681: y = ()
402705: y = ()
403455: y = ()
403751: y = ()
403879: y = ()
403950: y = ()
404474: y = ()
406049: y = ()
406548: y = ()
406869: y = ()
407208: y = ()
407583: y = ()
407684: y = ()
407713: y = ()
408581: y = ()
409163: y = ()
409362: y = ()
409511: y = ()
409587: y = ()
409787: y = ()
410504: y = ()
410780: y = ()
411364: y = ()
411479: y = ()
412193: y = ()
412377: y = ()
413164: y = ()
413331: y = ()
414450: y = ()
414625: y = ()
414898: y = ()
415509: y = ()
416183: y = ()
416706: y = ()
416959: y = ()
418878: y = ()
419257: y = ()
419542: y = ()
420446: y = ()
420508: y = ()
421483: y = ()
422507: y = ()
422831: y = ()
423254: y = ()
424378: y = ()
425239: y = ()
425388: y = ()
425784: y = ()
425866: y = ()
426642: y = ()
427266: y = ()
427429: y = ()
427550: y = ()
428473: y = ()
428623: y = ()
429712: y = ()
430901: y = ()
431228: y = ()
431264: y = ()
431369: y = ()
431468: y = ()
432015: y = ()
432187: y = ()
432253: y = ()
434595: y = ()
435553: y = ()
435819: y = ()
435895: y = ()
436213: y = ()
436240: y = ()
436409: y = ()
437306: y = ()
437539: y = ()
437988: y = ()
438936: y = ()
439465: y = ()
440481: y = ()
440841: y = ()
441472: y = ()
442657: y = ()
443120: y = ()
443158: y = ()
443267: y = ()
443312: y = ()
443720: y = ()
444668: y = ()
445292: y = ()
445582: y = ()
445608: y = ()
445660: y = ()
446284: y = ()
446726: y = ()
447451: y = ()
447744: y = ()
447897: y = ()
448868: y = ()
448927: y = ()
449055: y = ()
450118: y = ()
450144: y = ()
450402: y = ()
450527: y = ()
450706: y = ()
450775: y = ()
451347: y = ()
451458: y = ()
451465: y = ()
451644: y = ()
451697: y = ()
452487: y = ()
453639: y = ()
454021: y = ()
454045: y = ()
454204: y = ()
454232: y = ()
454670: y = ()
454817: y = ()
455335: y = ()
456319: y = ()
456474: y = ()
456547: y = ()
457424: y = ()
457662: y = ()
457782: y = ()
458218: y = ()
458817: y = ()
459342: y = ()
459372: y = ()
459454: y = ()
459508: y = ()
460548: y = ()
461383: y = ()
461846: y = ()
462765: y = ()
462839: y = ()
463414: y = ()
463797: y = ()
463875: y = ()
463908: y = ()
464861: y = ()
465311: y = ()
466196: y = ()
466963: y = ()
467517: y = ()
468823: y = ()
469122: y = ()
469486: y = ()
470654: y = ()
470892: y = ()
471494: y = ()
472025: y = ()
473172: y = ()
473854: y = ()
474046: y = ()
475148: y = ()
475763: y = ()
476062: y = ()
476212: y = ()
476263: y = ()
477536: y = ()
477926: y = ()
478581: y = ()
479757: y = ()
481477: y = ()
481961: y = ()
481995: y = ()
482197: y = ()
482339: y = ()
482395: y = ()
483120: y = ()
483457: y = ()
483828: y = ()
484202: y = ()
484386: y = ()
484649: y = ()
485182: y = ()
485266: y = ()
485670: y = ()
486457: y = ()
486950: y = ()
488200: y = ()
488867: y = ()
488917: y = ()
489148: y = ()
489559: y = ()
489796: y = ()
490580: y = ()
490612: y = ()
490927: y = ()
491022: y = ()
491500: y = ()
491810: y = ()
491915: y = ()
492137: y = ()
493221: y = ()
494378: y = ()
494686: y = ()
494731: y = ()
495019: y = ()
495621: y = ()
495694: y = ()
495710: y = ()
496310: y = ()
496665: y = ()
497384: y = ()
497539: y = ()
498654: y = ()
498723: y = ()
498820: y = ()
499139: y = ()
499566: y = ()
500100: y = ()
500325: y = ()
500394: y = ()
500488: y = ()
500545: y = ()
500589: y = ()
501123: y = ()
501207: y = ()
501435: y = ()
501638: y = ()
501933: y = ()
502282: y = ()
502420: y = ()
502579: y = ()
503818: y = ()
504505: y = ()
504725: y = ()
505380: y = ()
505845: y = ()
506806: y = ()
507862: y = ()
507958: y = ()
507964: y = ()
508212: y = ()
509396: y = ()
509659: y = ()
510191: y = ()
511854: y = ()
512506: y = ()
513457: y = ()
513681: y = ()
514063: y = ()
514493: y = ()
514686: y = ()
514841: y = ()
514859: y = ()
515242: y = ()
515337: y = ()
515528: y = ()
516138: y = ()
516959: y = ()
517052: y = ()
517453: y = ()
517826: y = ()
517852: y = ()
518724: y = ()
519677: y = ()
519918: y = ()
521018: y = ()
521269: y = ()
522998: y = ()
523123: y = ()
523869: y = ()
524314: y = ()
524600: y = ()
524816: y = ()
524839: y = ()
525156: y = ()
525655: y = ()
526020: y = ()
526078: y = ()
526144: y = ()
526836: y = ()
527435: y = ()
527697: y = ()
527961: y = ()
529474: y = ()
529873: y = ()
530045: y = ()
530131: y = ()
530322: y = ()
530792: y = ()
531318: y = ()
531944: y = ()
531964: y = ()
534673: y = ()
534813: y = ()
534921: y = ()
535024: y = ()
536137: y = ()
536824: y = ()
536945: y = ()
537198: y = ()
537222: y = ()
537408: y = ()
537953: y = ()
538148: y = ()
538350: y = ()
538839: y = ()
538989: y = ()
540970: y = ()
541189: y = ()
541464: y = ()
541658: y = ()
541869: y = ()
542352: y = ()
542467: y = ()
542625: y = ()
542694: y = ()
542765: y = ()
542953: y = ()
542967: y = ()
543612: y = ()
543713: y = ()
544106: y = ()
544518: y = ()
544558: y = ()
544755: y = ()
544757: y = ()
545395: y = ()
545733: y = ()
546321: y = ()
546577: y = ()
547468: y = ()
547615: y = ()
547726: y = ()
548632: y = ()
548962: y = ()
549923: y = ()
551091: y = ()
551916: y = ()
553499: y = ()
554016: y = ()
554196: y = ()
554451: y = ()
554725: y = ()
555104: y = ()
555418: y = ()
556910: y = ()
557419: y = ()
558430: y = ()
558757: y = ()
558924: y = ()
558941: y = ()
559277: y = ()
559389: y = ()
559620: y = ()
560002: y = ()
560437: y = ()
561060: y = ()
561089: y = ()
561756: y = ()
562568: y = ()
562700: y = ()
562810: y = ()
563530: y = ()
563804: y = ()
565984: y = ()
566205: y = ()
566540: y = ()
566548: y = ()
566982: y = ()
567612: y = ()
568059: y = ()
568143: y = ()
568308: y = ()
568450: y = ()
568508: y = ()
568753: y = ()
569180: y = ()
570990: y = ()
571195: y = ()
571203: y = ()
571750: y = ()
571895: y = ()
572714: y = ()
573160: y = ()
573228: y = ()
573283: y = ()
573375: y = ()
573427: y = ()
573538: y = ()
573776: y = ()
574018: y = ()
575542: y = ()
575652: y = ()
576199: y = ()
576693: y = ()
576897: y = ()
577727: y = ()
578397: y = ()
578532: y = ()
578710: y = ()
578786: y = ()
579356: y = ()
579827: y = ()
580865: y = ()
581345: y = ()
581929: y = ()
582087: y = ()
582352: y = ()
582823: y = ()
583386: y = ()
583555: y = ()
584032: y = ()
584286: y = ()
584436: y = ()
584578: y = ()
584711: y = ()
585970: y = ()
587300: y = ()
587405: y = ()
588183: y = ()
588971: y = ()
590295: y = ()
590701: y = ()
590781: y = ()
590852: y = ()
591414: y = ()
591791: y = ()
591999: y = ()
592159: y = ()
592206: y = ()
592370: y = ()
592821: y = ()
593366: y = ()
594587: y = ()
595085: y = ()
595511: y = ()
596434: y = ()
596478: y = ()
597512: y = ()
597965: y = ()
598085: y = ()
598219: y = ()
598763: y = ()
598815: y = ()
598906: y = ()
599285: y = ()
600719: y = ()
600746: y = ()
602867: y = ()
603155: y = ()
603950: y = ()
604394: y = ()
604568: y = ()
604593: y = ()
604744: y = ()
605074: y = ()
605116: y = ()
605421: y = ()
605649: y = ()
606617: y = ()
607341: y = ()
608466: y = ()
608938: y = ()
609390: y = ()
610040: y = ()
610554: y = ()
611167: y = ()
611480: y = ()
612443: y = ()
613130: y = ()
613167: y = ()
613898: y = ()
614293: y = ()
614381: y = ()
614539: y = ()
614979: y = ()
616941: y = ()
617447: y = ()
618297: y = ()
618447: y = ()
618641: y = ()
618777: y = ()
619018: y = ()
619212: y = ()
620246: y = ()
620493: y = ()
620546: y = ()
620557: y = ()
620765: y = ()
620783: y = ()
621853: y = ()
621913: y = ()
622221: y = ()
622402: y = ()
622419: y = ()
623034: y = ()
623064: y = ()
623201: y = ()
624263: y = ()
624319: y = ()
626415: y = ()
626526: y = ()
626683: y = ()
626950: y = ()
626981: y = ()
627970: y = ()
627996: y = ()
628128: y = ()
628145: y = ()
628462: y = ()
628646: y = ()
628665: y = ()
629450: y = ()
629463: y = ()
630582: y = ()
630746: y = ()
630844: y = ()
631252: y = ()
632439: y = ()
632441: y = ()
633489: y = ()
633506: y = ()
634327: y = ()
634670: y = ()
634894: y = ()
635043: y = ()
636981: y = ()
637274: y = ()
637434: y = ()
638021: y = ()
638135: y = ()
639245: y = ()
639319: y = ()
639743: y = ()
640268: y = ()
640688: y = ()
641100: y = ()
641844: y = ()
642317: y = ()
642943: y = ()
643542: y = ()
644360: y = ()
644470: y = ()
644478: y = ()
644533: y = ()
644812: y = ()
644876: y = ()
645570: y = ()
645715: y = ()
647214: y = ()
647790: y = ()
648988: y = ()
649531: y = ()
649814: y = ()
649948: y = ()
651126: y = ()
651241: y = ()
651709: y = ()
652074: y = ()
652110: y = ()
652477: y = ()
652888: y = ()
653951: y = ()
654843: y = ()
654945: y = ()
655213: y = ()
656602: y = ()
656861: y = ()
657039: y = ()
657388: y = ()
657501: y = ()
657622: y = ()
657985: y = ()
659003: y = ()
659038: y = ()
659127: y = ()
659708: y = ()
659970: y = ()
660379: y = ()
660580: y = ()
663779: y = ()
663835: y = ()
664252: y = ()
664398: y = ()
665565: y = ()
665704: y = ()
666351: y = ()
666570: y = ()
667350: y = ()
667797: y = ()
668514: y = ()
668534: y = ()
669206: y = ()
669996: y = ()
670697: y = ()
671631: y = ()
672315: y = ()
673008: y = ()
673151: y = ()
675204: y = ()
675632: y = ()
675807: y = ()
676099: y = ()
678839: y = ()
679538: y = ()
680589: y = ()
682074: y = ()
682532: y = ()
682821: y = ()
682974: y = ()
684665: y = ()
685741: y = ()
687052: y = ()
688375: y = ()
688435: y = ()
688448: y = ()
688684: y = ()
689969: y = ()
691163: y = ()
692745: y = ()
693820: y = ()
694369: y = ()
694525: y = ()
694782: y = ()
694862: y = ()
694916: y = ()
695481: y = ()
695989: y = ()
696968: y = ()
696988: y = ()
697133: y = ()
697616: y = ()
698371: y = ()
698624: y = ()
698765: y = ()
698860: y = ()
699007: y = ()
699229: y = ()
699303: y = ()
699842: y = ()
699967: y = ()
701135: y = ()
701329: y = ()
701590: y = ()
701937: y = ()
702442: y = ()
703573: y = ()
703730: y = ()
704323: y = ()
704794: y = ()
705872: y = ()
706009: y = ()
706048: y = ()
706886: y = ()
707280: y = ()
707734: y = ()
707800: y = ()
708040: y = ()
708656: y = ()
709837: y = ()
709889: y = ()
710258: y = ()
711226: y = ()
711358: y = ()
711365: y = ()
711598: y = ()
712629: y = ()
713015: y = ()
713171: y = ()
713345: y = ()
714143: y = ()
715193: y = ()
716298: y = ()
717483: y = ()
717502: y = ()
718723: y = ()
719170: y = ()
719679: y = ()
719770: y = ()
720034: y = ()
720986: y = ()
721843: y = ()
722016: y = ()
722035: y = ()
722107: y = ()
722108: y = ()
722586: y = ()
722770: y = ()
723674: y = ()
723921: y = ()
724030: y = ()
724176: y = ()
724661: y = ()
725772: y = ()
725972: y = ()
726575: y = ()
726739: y = ()
727284: y = ()
727658: y = ()
727801: y = ()
728037: y = ()
728394: y = ()
729238: y = ()
730243: y = ()
730813: y = ()
730864: y = ()
731027: y = ()
731352: y = ()
731428: y = ()
731924: y = ()
731932: y = ()
732872: y = ()
733238: y = ()
736650: y = ()
736943: y = ()
737394: y = ()
737593: y = ()
737805: y = ()
738418: y = ()
738473: y = ()
739160: y = ()
739373: y = ()
739802: y = ()
740743: y = ()
740894: y = ()
741242: y = ()
743448: y = ()
744547: y = ()
744856: y = ()
745060: y = ()
745299: y = ()
745466: y = ()
745848: y = ()
746810: y = ()
746944: y = ()
747406: y = ()
747467: y = ()
748163: y = ()
748521: y = ()
748971: y = ()
748986: y = ()
749192: y = ()
750424: y = ()
750546: y = ()
751231: y = ()
751713: y = ()
752037: y = ()
752081: y = ()
752201: y = ()
752744: y = ()
753207: y = ()
753737: y = ()
753872: y = ()
756087: y = ()
756150: y = ()
756330: y = ()
757394: y = ()
758213: y = ()
758844: y = ()
759218: y = ()
759264: y = ()
760671: y = ()
761172: y = ()
761286: y = ()
761711: y = ()
762426: y = ()
763494: y = ()
764333: y = ()
764430: y = ()
765550: y = ()
765723: y = ()
765778: y = ()
765931: y = ()
766632: y = ()
767474: y = ()
769088: y = ()
770115: y = ()
770492: y = ()
771218: y = ()
772869: y = ()
772890: y = ()
773823: y = ()
773944: y = ()
774024: y = ()
774284: y = ()
775094: y = ()
775199: y = ()
775689: y = ()
776375: y = ()
776632: y = ()
777310: y = ()
779155: y = ()
779355: y = ()
779818: y = ()
780724: y = ()
780984: y = ()
781038: y = ()
781168: y = ()
782500: y = ()
782844: y = ()
783183: y = ()
783636: y = ()
783820: y = ()
784443: y = ()
784729: y = ()
784914: y = ()
785543: y = ()
785546: y = ()
786347: y = ()
788099: y = ()
789294: y = ()
789637: y = ()
789803: y = ()
789922: y = ()
790420: y = ()
790876: y = ()
792105: y = ()
792393: y = ()
792646: y = ()
792667: y = ()
793251: y = ()
793326: y = ()
793359: y = ()
793507: y = ()
793532: y = ()
793615: y = ()
793682: y = ()
794130: y = ()
794429: y = ()
794848: y = ()
795221: y = ()
795860: y = ()
796071: y = ()
796194: y = ()
796856: y = ()
797571: y = ()
798674: y = ()
799545: y = ()
800099: y = ()
800177: y = ()
800349: y = ()
800440: y = ()
801119: y = ()
801919: y = ()
804689: y = ()
804717: y = ()
805293: y = ()
805970: y = ()
806570: y = ()
806879: y = ()
807193: y = ()
807321: y = ()
807337: y = ()
807475: y = ()
807920: y = ()
808721: y = ()
808814: y = ()
809115: y = ()
809454: y = ()
810158: y = ()
810518: y = ()
810621: y = ()
810711: y = ()
810805: y = ()
810964: y = ()
811466: y = ()
811553: y = ()
811621: y = ()
812199: y = ()
812888: y = ()
814753: y = ()
815050: y = ()
815260: y = ()
816296: y = ()
816303: y = ()
816384: y = ()
816805: y = ()
816925: y = ()
816942: y = ()
817116: y = ()
817776: y = ()
818400: y = ()
818415: y = ()
818610: y = ()
818690: y = ()
818818: y = ()
819348: y = ()
820033: y = ()
821856: y = ()
822017: y = ()
822659: y = ()
823022: y = ()
823064: y = ()
823097: y = ()
823692: y = ()
823740: y = ()
824002: y = ()
824834: y = ()
825250: y = ()
825254: y = ()
826113: y = ()
826342: y = ()
826348: y = ()
826626: y = ()
827048: y = ()
827705: y = ()
827841: y = ()
828415: y = ()
829193: y = ()
829220: y = ()
830344: y = ()
830513: y = ()
830738: y = ()
831321: y = ()
831431: y = ()
831612: y = ()
833210: y = ()
834289: y = ()
834982: y = ()
835140: y = ()
835930: y = ()
837464: y = ()
837665: y = ()
838920: y = ()
838992: y = ()
839074: y = ()
839271: y = ()
839994: y = ()
840143: y = ()
840405: y = ()
841744: y = ()
843422: y = ()
843625: y = ()
843704: y = ()
844166: y = ()
844736: y = ()
844782: y = ()
845052: y = ()
845623: y = ()
846438: y = ()
846510: y = ()
846829: y = ()
846845: y = ()
847235: y = ()
847609: y = ()
847775: y = ()
847971: y = ()
848111: y = ()
848310: y = ()
850048: y = ()
850386: y = ()
851247: y = ()
851472: y = ()
852852: y = ()
853953: y = ()
854064: y = ()
854839: y = ()
856227: y = ()
856480: y = ()
856491: y = ()
856510: y = ()
857176: y = ()
857337: y = ()
858325: y = ()
859510: y = ()
860008: y = ()
860755: y = ()
862018: y = ()
862768: y = ()
863511: y = ()
863841: y = ()
864050: y = ()
864459: y = ()
864685: y = ()
865306: y = ()
865449: y = ()
866293: y = ()
866410: y = ()
867334: y = ()
869586: y = ()
869909: y = ()
870498: y = ()
870560: y = ()
871131: y = ()
872356: y = ()
872631: y = ()
873793: y = ()
874679: y = ()
874759: y = ()
875714: y = ()
876414: y = ()
876535: y = ()
877214: y = ()
877337: y = ()
878392: y = ()
878418: y = ()
878679: y = ()
879108: y = ()
879134: y = ()
879892: y = ()
879970: y = ()
879977: y = ()
881154: y = ()
881168: y = ()
881314: y = ()
881797: y = ()
881824: y = ()
883245: y = ()
883346: y = ()
883677: y = ()
884188: y = ()
884300: y = ()
885174: y = ()
885234: y = ()
886032: y = ()
888779: y = ()
889152: y = ()
889219: y = ()
889631: y = ()
892188: y = ()
892864: y = ()
893249: y = ()
895696: y = ()
896042: y = ()
896831: y = ()
896999: y = ()
897778: y = ()
898452: y = ()
900332: y = ()
901690: y = ()
901800: y = ()
902017: y = ()
902747: y = ()
903048: y = ()
903076: y = ()
903752: y = ()
904005: y = ()
904007: y = ()
904228: y = ()
904823: y = ()
905245: y = ()
906337: y = ()
907094: y = ()
907740: y = ()
908226: y = ()
908525: y = ()
909032: y = ()
909319: y = ()
910904: y = ()
911458: y = ()
912325: y = ()
912664: y = ()
913817: y = ()
913940: y = ()
914072: y = ()
914343: y = ()
916813: y = ()
916999: y = ()
918056: y = ()
918428: y = ()
918736: y = ()
919066: y = ()
919234: y = ()
919744: y = ()
919841: y = ()
919903: y = ()
920532: y = ()
922826: y = ()
924007: y = ()
924118: y = ()
924443: y = ()
925451: y = ()
925574: y = ()
925943: y = ()
926019: y = ()
926288: y = ()
927319: y = ()
927425: y = ()
927493: y = ()
928083: y = ()
928765: y = ()
929454: y = ()
929598: y = ()
929661: y = ()
929760: y = ()
930356: y = ()
930385: y = ()
930947: y = ()
931391: y = ()
931635: y = ()
931737: y = ()
931828: y = ()
932723: y = ()
934788: y = ()
934814: y = ()
934928: y = ()
935704: y = ()
936200: y = ()
936634: y = ()
937436: y = ()
937520: y = ()
937685: y = ()
938170: y = ()
938346: y = ()
938886: y = ()
940066: y = ()
941290: y = ()
941817: y = ()
944029: y = ()
944932: y = ()
945791: y = ()
946608: y = ()
946857: y = ()
947485: y = ()
947929: y = ()
947968: y = ()
948514: y = ()
948754: y = ()
948779: y = ()
949029: y = ()
949069: y = ()
949216: y = ()
949775: y = ()
950072: y = ()
950564: y = ()
951158: y = ()
951410: y = ()
951806: y = ()
953174: y = ()
953497: y = ()
953727: y = ()
954106: y = ()
955334: y = ()
956910: y = ()
957982: y = ()
958029: y = ()
959087: y = ()
959867: y = ()
960884: y = ()
961019: y = ()
961088: y = ()
961709: y = ()
961888: y = ()
963229: y = ()
963804: y = ()
963913: y = ()
964088: y = ()
964698: y = ()
965278: y = ()
965326: y = ()
965414: y = ()
965496: y = ()
965668: y = ()
965717: y = ()
966318: y = ()
966726: y = ()
966870: y = ()
967619: y = ()
967654: y = ()
968859: y = ()
970094: y = ()
970529: y = ()
971085: y = ()
972907: y = ()
973491: y = ()
973793: y = ()
973852: y = ()
974323: y = ()
975266: y = ()
975738: y = ()
976147: y = ()
976236: y = ()
976653: y = ()
976833: y = ()
977777: y = ()
978069: y = ()
978632: y = ()
979281: y = ()
979514: y = ()
980484: y = ()
982039: y = ()
982506: y = ()
982795: y = ()
982872: y = ()
982918: y = ()
984152: y = ()
984214: y = ()
984435: y = ()
984592: y = ()
984743: y = ()
985110: y = ()
985381: y = ()
985784: y = ()
986071: y = ()
986375: y = ()
986390: y = ()
986771: y = ()
987072: y = ()
987914: y = ()
988644: y = ()
989177: y = ()
989203: y = ()
990158: y = ()
990232: y = ()
990966: y = ()
991235: y = ()
991663: y = ()
992233: y = ()
993588: y = ()
993834: y = ()
994006: y = ()
994187: y = ()
994223: y = ()
995436: y = ()
995751: y = ()
995890: y = ()
996035: y = ()
996664: y = ()
997367: y = ()
997702: y = ()
997972: y = ()
998006: y = ()
998529: y = ()
999372: y = ()
