0: x = 82
1: x = 69
2: x = 74
3: x = 50
4: x = 52
5: x = 37
6: x = 43
7: x = 31
8: x = 54
9: x = 18
11: x = 36
12: x = 27
13: x = 62
14: x = 11
15: x = 20
16: x = 36
17: x = 48
18: x = 57
19: x = 31
20: x = 50
21: x = 33
23: x = 40
24: x = 53
25: x = 55
27: x = 43
29: x = 88
31: x = 51
32: x = 64
33: x = 33
34: x = 87
35: x = 80
36: x = 54
37: x = 52
38: x = 66
39: x = 75
40: x = 77
41: x = 97
45: x = 95
46: x = 55
48: x = 37
49: x = 49
50: x = 68
53: x = 91
54: x = 97
55: x = 90
56: x = 82
57: x = 32
58: x = 43
59: x = 86
60: x = 62
61: x = 37
63: x = 66
66: x = 49
68: x = 69
69: x = 34
71: x = 49
72: x = 65
73: x = 31
74: x = 41
75: x = 6
77: x = 35
78: x = 46
79: x = 24
80: x = 25
81: x = 47
82: x = 41
85: x = 46
87: x = 25
89: x = 59
90: x = 80
91: x = 75
94: x = 70
95: x = 29
96: x = 10
97: x = 75
98: x = 78
99: x = 70
100: x = 87
101: x = 80
103: x = 66
104: x = 69
106: x = 68
107: x = 40
108: x = 70
110: x = 7
112: x = 84
113: x = 62
114: x = 40
115: x = 65
116: x = 47
120: x = 53
121: x = 68
122: x = 61
123: x = 42
125: x = 62
126: x = 67
127: x = 57
128: x = 25
132: x = 44
133: x = 40
134: x = 27
135: x = 69
137: x = 63
138: x = 25
139: x = 52
140: x = 96
141: x = 58
142: x = 40
143: x = 15
144: x = 71
145: x = 63
149: x = 67
150: x = 51
151: x = 43
152: x = 49
153: x = 31
154: x = 57
155: x = 28
156: x = 63
157: x = 19
158: x = 43
160: x = 86
161: x = 58
162: x = 23
165: x = 25
168: x = 58
169: x = 31
170: x = 54
171: x = 49
172: x = 41
173: x = 39
174: x = 52
175: x = 53
176: x = 51
177: x = 11
178: x = 24
179: x = 67
180: x = 79
181: x = 46
182: x = 86
183: x = 65
184: x = 97
186: x = 55
187: x = 51
188: x = 82
191: x = 55
193: x = 55
194: x = 46
195: x = 65
197: x = 5
198: x = 34
199: x = 34
200: x = 24
201: x = 43
203: x = 50
205: x = 27
207: x = 71
209: x = 75
211: x = 39
213: x = 53
214: x = 60
215: x = 65
216: x = 36
217: x = 42
218: x = 41
219: x = 81
220: x = 19
221: x = 40
223: x = 14
224: x = 37
226: x = 30
229: x = 45
230: x = 39
231: x = 19
232: x = 29
233: x = 3
234: x = 11
235: x = 26
236: x = 50
237: x = 54
238: x = 65
239: x = 76
240: x = 89
242: x = 50
243: x = 35
244: x = 20
246: x = 49
247: x = 30
249: x = 37
250: x = 56
251: x = 19
253: x = 11
254: x = 52
257: x = 45
259: x = 32
260: x = 35
261: x = 51
262: x = 35
263: x = 28
264: x = 58
265: x = 70
266: x = 59
267: x = 66
268: x = 45
269: x = 55
270: x = 20
271: x = 16
272: x = 33
273: x = 34
274: x = 51
276: x = 40
278: x = 49
280: x = 32
281: x = 72
283: x = 28
284: x = 18
285: x = 25
286: x = 38
288: x = 51
289: x = 58
290: x = 62
291: x = 40
293: x = 36
294: x = 74
295: x = 75
296: x = 57
297: x = 46
298: x = 64
299: x = 51
300: x = 73
301: x = 91
302: x = 80
304: x = 55
305: x = 28
306: x = 55
309: x = 59
310: x = 89
312: x = 68
313: x = 75
314: x = 54
317: x = 32
318: x = 56
319: x = 53
320: x = 34
321: x = 4
323: x = 34
324: x = 61
325: x = 31
326: x = 38
327: x = 59
328: x = 87
329: x = 30
330: x = 33
331: x = 53
332: x = 54
333: x = 36
334: x = 56
335: x = 72
337: x = 84
338: x = 58
339: x = 72
340: x = 49
341: x = 11
342: x = 32
344: x = 43
345: x = 12
346: x = 73
347: x = 48
348: x = 77
349: x = 59
350: x = 78
351: x = 74
352: x = 48
354: x = 29
355: x = 37
359: x = 40
360: x = 55
361: x = 18
362: x = 61
364: x = 41
365: x = 54
366: x = 37
367: x = 66
369: x = 52
370: x = 60
373: x = 41
374: x = 74
375: x = 87
376: x = 91
377: x = 69
378: x = 50
380: x = 24
381: x = 8
382: x = 9
384: x = 53
385: x = 50
386: x = 44
387: x = 71
388: x = 63
389: x = 70
390: x = 75
391: x = 60
392: x = 47
393: x = 62
394: x = 53
395: x = 32
396: x = 20
398: x = 42
399: x = 49
401: x = 67
403: x = 32
404: x = 26
405: x = 22
406: x = 28
407: x = 54
408: x = 55
409: x = 29
411: x = 77
412: x = 49
413: x = 30
415: x = 37
419: x = 35
420: x = 38
421: x = 31
422: x = 12
425: x = 38
428: x = 56
429: x = 33
430: x = 53
431: x = 56
432: x = 37
434: x = 42
435: x = 52
436: x = 55
438: x = 63
439: x = 50
440: x = 81
441: x = 43
442: x = 78
443: x = 59
444: x = 17
445: x = 75
446: x = 54
447: x = 60
449: x = 64
450: x = 46
451: x = 12
452: x = 70
453: x = 44
454: x = 39
455: x = 32
456: x = 19
457: x = 67
460: x = 40
461: x = 47
462: x = 72
463: x = 81
466: x = 41
467: x = 22
468: x = 53
469: x = 43
470: x = 79
471: x = 45
472: x = 51
473: x = 34
474: x = 72
475: x = 27
476: x = 14
477: x = 56
478: x = 35
480: x = 38
481: x = 58
482: x = 64
485: x = 36
486: x = 52
487: x = 65
488: x = 76
490: x = 85
491: x = 77
493: x = 78
494: x = 47
495: x = 62
496: x = 69
497: x = 61
503: x = 76
504: x = 83
505: x = 33
506: x = 35
507: x = 49
508: x = 24
510: x = 20
511: x = 61
512: x = 88
513: x = 76
514: x = 41
515: x = 19
516: x = 40
519: x = 23
520: x = 8
521: x = 37
524: x = 40
526: x = 52
527: x = 78
528: x = 74
531: x = 48
532: x = 71
533: x = 44
534: x = 29
535: x = 18
536: x = 41
537: x = 37
538: x = 63
540: x = 26
541: x = 28
542: x = 30
543: x = 57
544: x = 52
546: x = 25
547: x = 69
548: x = 77
549: x = 49
550: x = 15
551: x = 53
552: x = 9
553: x = 9
554: x = 26
555: x = 28
557: x = 20
560: x = 52
561: x = 46
562: x = 67
563: x = 53
564: x = 27
565: x = 21
566: x = 65
567: x = 81
569: x = 88
571: x = 63
572: x = 38
573: x = 35
574: x = 35
575: x = 20
576: x = 20
577: x = 69
578: x = 57
579: x = 55
580: x = 66
581: x = 58
582: x = 81
584: x = 48
585: x = 78
587: x = 78
588: x = 63
589: x = 67
591: x = 25
592: x = 52
593: x = 14
594: x = 37
595: x = 35
596: x = 46
597: x = 11
598: x = 20
599: x = 13
600: x = 50
602: x = 49
604: x = 46
606: x = 17
607: x = 51
609: x = 17
610: x = 26
611: x = 48
612: x = 58
613: x = 56
615: x = 19
617: x = 20
620: x = 32
621: x = 19
623: x = 27
624: x = 42
625: x = 81
626: x = 46
627: x = 87
628: x = 50
629: x = 65
631: x = 24
633: x = 52
634: x = 60
635: x = 39
636: x = 49
638: x = 82
639: x = 88
640: x = 67
641: x = 49
642: x = 50
643: x = 76
644: x = 79
645: x = 58
649: x = 65
650: x = 30
651: x = 17
652: x = 70
654: x = 71
655: x = 54
657: x = 32
659: x = 90
660: x = 58
664: x = 74
665: x = 54
667: x = 71
668: x = 15
669: x = 45
670: x = 12
673: x = 33
674: x = 51
677: x = 46
678: x = 43
679: x = 66
680: x = 60
681: x = 36
683: x = 52
684: x = 45
685: x = 22
687: x = 21
688: x = 13
689: x = 66
690: x = 46
691: x = 42
693: x = 30
695: x = 44
696: x = 37
697: x = 54
698: x = 47
699: x = 49
700: x = 39
701: x = 24
702: x = 30
703: x = 76
704: x = 49
705: x = 29
706: x = 54
707: x = 56
708: x = 53
709: x = 60
710: x = 68
711: x = 29
712: x = 36
713: x = 46
714: x = 15
715: x = 35
716: x = 17
718: x = 37
719: x = 34
720: x = 50
722: x = 42
723: x = 21
724: x = 36
725: x = 25
726: x = 44
727: x = 43
728: x = 24
729: x = 66
730: x = 90
731: x = 90
732: x = 44
734: x = 84
735: x = 57
737: x = 78
738: x = 58
739: x = 72
740: x = 40
741: x = 37
742: x = 74
743: x = 92
744: x = 64
745: x = 39
747: x = 38
748: x = 20
749: x = 54
750: x = 7
751: x = 5
753: x = 12
754: x = 80
756: x = 20
757: x = 57
758: x = 77
759: x = 57
760: x = 84
762: x = 70
763: x = 36
764: x = 34
766: x = 26
767: x = 74
768: x = 77
769: x = 33
770: x = 58
772: x = 29
773: x = 49
774: x = 28
775: x = 42
776: x = 40
777: x = 46
778: x = 67
780: x = 56
782: x = 94
784: x = 87
787: x = 88
788: x = 73
789: x = 64
791: x = 45
793: x = 74
794: x = 46
795: x = 56
796: x = 31
797: x = 46
798: x = 81
799: x = 85
801: x = 46
802: x = 72
803: x = 70
804: x = 64
805: x = 70
807: x = 85
808: x = 72
809: x = 50
812: x = 30
815: x = 67
816: x = 60
817: x = 70
818: x = 60
819: x = 30
820: x = 41
821: x = 57
822: x = 45
823: x = 62
825: x = 80
826: x = 43
827: x = 49
829: x = 24
830: x = 54
831: x = 50
832: x = 44
833: x = 59
834: x = 78
835: x = 66
836: x = 45
840: x = 39
841: x = 40
842: x = 37
843: x = 67
844: x = 78
845: x = 18
846: x = 27
849: x = 50
850: x = 36
851: x = 31
852: x = 71
853: x = 32
854: x = 51
855: x = 48
856: x = 58
857: x = 60
858: x = 77
860: x = 57
861: x = 96
862: x = 73
863: x = 88
864: x = 72
865: x = 80
866: x = 46
867: x = 44
868: x = 55
871: x = 61
872: x = 58
873: x = 67
874: x = 52
875: x = 54
876: x = 64
877: x = 65
878: x = 55
880: x = 23
882: x = 13
883: x = 9
884: x = 3
885: x = 70
887: x = 75
888: x = 56
889: x = 21
890: x = 43
893: x = 74
894: x = 82
896: x = 99
898: x = 54
899: x = 76
900: x = 74
901: x = 44
903: x = 77
904: x = 53
906: x = 45
907: x = 40
908: x = 4
909: x = 24
911: x = 15
912: x = 42
914: x = 52
917: x = 62
918: x = 32
919: x = 54
921: x = 58
922: x = 66
925: x = 47
926: x = 25
927: x = 45
928: x = 55
929: x = 60
930: x = 68
931: x = 27
933: x = 42
935: x = 51
937: x = 31
938: x = 56
939: x = 62
940: x = 48
941: x = 27
943: x = 50
944: x = 55
945: x = 60
946: x = 29
947: x = 76
948: x = 63
949: x = 27
950: x = 46
952: x = 69
953: x = 72
955: x = 81
957: x = 81
960: x = 53
962: x = 36
963: x = 68
964: x = 27
965: x = 54
966: x = 65
968: x = 67
973: x = 45
974: x = 25
975: x = 17
976: x = 51
978: x = 32
980: x = 62
981: x = 49
982: x = 41
983: x = 40
984: x = 82
987: x = 50
988: x = 45
990: x = 18
991: x = 52
992: x = 58
993: x = 18
994: x = 49
995: x = 78
1000: x = 64
