0: x = 44
1: x = 98
2: x = 60
4: x = 55
5: x = 46
6: x = 81
9: x = 83
10: x = 54
12: x = 77
13: x = 51
14: x = 38
15: x = 76
17: x = 56
18: x = 52
19: x = 64
20: x = 73
21: x = 32
23: x = 56
24: x = 55
25: x = 25
26: x = 82
27: x = 67
28: x = 69
29: x = 49
30: x = 54
31: x = 18
33: x = 28
36: x = 36
37: x = 20
38: x = 54
39: x = 10
40: x = 41
41: x = 18
43: x = 52
44: x = 48
45: x = 77
46: x = 59
47: x = 87
48: x = 86
50: x = 75
51: x = 63
52: x = 31
54: x = 45
55: x = 39
56: x = 45
57: x = 39
59: x = 79
60: x = 45
62: x = 69
63: x = 69
65: x = 66
66: x = 46
67: x = 27
68: x = 35
70: x = 30
71: x = 11
72: x = 25
73: x = 45
74: x = 87
75: x = 69
76: x = 39
77: x = 23
78: x = 51
79: x = 19
80: x = 32
81: x = 25
82: x = 21
83: x = 72
84: x = 29
85: x = 21
86: x = 10
88: x = 69
89: x = 84
90: x = 53
91: x = 60
92: x = 24
93: x = 71
95: x = 75
96: x = 99
98: x = 87
99: x = 79
100: x = 57
