13: y = 45
33: y = 21
41: y = 31
64: y = 48
69: y = 48
77: y = 48
