1: y = 50
26: y = 31
39: y = 37
46: y = 6
60: y = 48
86: y = 23
90: y = 32
99: y = 39
117: y = 2
119: y = 2
123: y = 2
134: y = 15
137: y = 15
138: y = 15
149: y = 15
151: y = 42
174: y = 36
178: y = 5
181: y = 46
202: y = 9
226: y = 43
233: y = 48
237: y = 2
244: y = 20
276: y = 19
282: y = 19
283: y = 26
285: y = 26
287: y = 26
306: y = 15
309: y = 15
311: y = 17
319: y = 27
329: y = 2
345: y = 25
352: y = 14
361: y = 14
375: y = 45
386: y = 39
391: y = 39
393: y = 39
394: y = 11
396: y = 11
402: y = 41
479: y = 16
491: y = 16
492: y = 16
493: y = 16
495: y = 16
508: y = 16
518: y = 37
523: y = 37
548: y = 14
557: y = 14
558: y = 40
563: y = 40
574: y = 10
588: y = 39
590: y = 39
598: y = 36
620: y = 46
621: y = 46
628: y = 19
637: y = 10
640: y = 37
649: y = 20
656: y = 20
675: y = 2
676: y = 2
690: y = 39
705: y = 30
717: y = 1
723: y = 37
728: y = 37
729: y = 37
731: y = 37
741: y = 37
747: y = 22
748: y = 22
765: y = 23
781: y = 23
784: y = 23
804: y = 23
810: y = 23
826: y = 33
829: y = 33
835: y = 12
845: y = 12
854: y = 12
866: y = 13
887: y = 24
888: y = 24
927: y = 24
935: y = 38
953: y = 36
957: y = 36
983: y = 8
992: y = 8
999: y = 9
