0: x = 1
1: x = 1
5: x = 1
6: x = 1
9: x = 1
10: x = 1
14: x = 1
15: x = 1
17: x = 1
18: x = 1
21: x = 1
24: x = 1
25: x = 1
26: x = 1
27: x = 1
29: x = 1
33: x = 1
36: x = 1
38: x = 1
39: x = 1
40: x = 1
41: x = 1
44: x = 1
45: x = 1
46: x = 1
47: x = 1
51: x = 1
54: x = 1
55: x = 1
59: x = 1
62: x = 1
63: x = 1
65: x = 1
66: x = 1
68: x = 1
70: x = 1
71: x = 1
73: x = 1
77: x = 1
78: x = 1
79: x = 1
81: x = 1
82: x = 1
83: x = 1
84: x = 1
85: x = 1
86: x = 1
88: x = 1
89: x = 1
91: x = 1
92: x = 1
93: x = 1
95: x = 1
96: x = 1
98: x = 1
99: x = 1
