97: y = ()
127: y = ()
133: y = ()
144: y = ()
395: y = ()
403: y = ()
431: y = ()
435: y = ()
508: y = ()
534: y = ()
629: y = ()
644: y = ()
669: y = ()
744: y = ()
963: y = ()
1121: y = ()
1132: y = ()
1250: y = ()
1269: y = ()
1280: y = ()
1360: y = ()
1443: y = ()
1496: y = ()
1521: y = ()
1669: y = ()
1716: y = ()
1757: y = ()
1797: y = ()
2030: y = ()
2126: y = ()
2180: y = ()
2210: y = ()
2213: y = ()
2284: y = ()
2294: y = ()
2305: y = ()
2324: y = ()
2342: y = ()
2374: y = ()
2443: y = ()
2474: y = ()
2543: y = ()
2577: y = ()
2621: y = ()
2627: y = ()
2664: y = ()
2742: y = ()
2818: y = ()
3063: y = ()
3197: y = ()
3311: y = ()
3665: y = ()
3802: y = ()
3826: y = ()
3842: y = ()
3867: y = ()
4036: y = ()
4041: y = ()
4173: y = ()
4302: y = ()
4417: y = ()
4463: y = ()
4482: y = ()
4536: y = ()
4664: y = ()
4674: y = ()
4905: y = ()
5007: y = ()
5061: y = ()
5159: y = ()
5162: y = ()
5311: y = ()
5343: y = ()
5382: y = ()
5474: y = ()
5713: y = ()
5790: y = ()
5793: y = ()
5822: y = ()
5834: y = ()
5854: y = ()
5936: y = ()
5975: y = ()
6009: y = ()
6102: y = ()
6260: y = ()
6299: y = ()
6301: y = ()
6378: y = ()
6387: y = ()
6456: y = ()
6555: y = ()
6589: y = ()
6683: y = ()
6791: y = ()
6906: y = ()
6909: y = ()
6972: y = ()
7039: y = ()
7049: y = ()
7101: y = ()
7145: y = ()
7165: y = ()
7202: y = ()
7299: y = ()
7325: y = ()
7343: y = ()
7373: y = ()
7611: y = ()
7621: y = ()
7703: y = ()
7766: y = ()
7769: y = ()
7964: y = ()
8150: y = ()
8166: y = ()
8179: y = ()
8318: y = ()
8395: y = ()
8473: y = ()
8534: y = ()
8553: y = ()
8724: y = ()
8782: y = ()
8820: y = ()
8944: y = ()
8958: y = ()
8959: y = ()
8973: y = ()
9072: y = ()
9118: y = ()
9376: y = ()
9410: y = ()
9423: y = ()
9438: y = ()
9444: y = ()
9561: y = ()
9564: y = ()
9577: y = ()
9583: y = ()
9606: y = ()
9761: y = ()
9765: y = ()
9776: y = ()
9790: y = ()
9807: y = ()
9813: y = ()
9835: y = ()
9844: y = ()
9901: y = ()
9917: y = ()
