0: x = 39
1: x = 49
2: x = 11
4: x = 6
5: x = 39
6: x = 43
9: x = 45
10: x = 50
12: x = 27
13: x = 1
14: x = 37
15: x = 48
17: x = 28
18: x = 24
19: x = 40
20: x = 49
21: x = 9
23: x = 47
24: x = 8
25: x = 20
26: x = 32
27: x = 49
28: x = 20
29: x = 12
30: x = 42
31: x = 6
33: x = 22
36: x = 13
37: x = 7
38: x = 47
39: x = 3
40: x = 34
41: x = 11
43: x = 41
44: x = 7
45: x = 36
46: x = 18
47: x = 44
48: x = 42
50: x = 31
51: x = 14
52: x = 17
54: x = 28
55: x = 22
56: x = 23
57: x = 17
59: x = 39
60: x = 6
62: x = 43
63: x = 43
65: x = 40
66: x = 20
67: x = 7
68: x = 33
70: x = 28
71: x = 9
72: x = 16
73: x = 37
74: x = 50
75: x = 32
76: x = 2
77: x = 21
78: x = 31
79: x = 16
80: x = 16
81: x = 9
82: x = 5
83: x = 46
84: x = 25
85: x = 17
86: x = 6
88: x = 29
89: x = 44
90: x = 9
91: x = 48
92: x = 12
93: x = 22
95: x = 26
96: x = 50
98: x = 38
99: x = 30
100: x = 27
