0: y = 0
1: y = 1
4: y = 4
15: y = 15
18: y = 18
27: y = 27
30: y = 30
35: y = 35
44: y = 44
59: y = 59
60: y = 60
61: y = 61
66: y = 66
76: y = 76
85: y = 85
88: y = 88
91: y = 91
103: y = 103
123: y = 123
127: y = 127
150: y = 150
156: y = 156
166: y = 166
175: y = 175
180: y = 180
188: y = 188
189: y = 189
190: y = 190
210: y = 210
214: y = 214
230: y = 230
233: y = 233
243: y = 243
275: y = 275
282: y = 282
288: y = 288
296: y = 296
309: y = 309
318: y = 318
323: y = 323
335: y = 335
350: y = 350
366: y = 366
374: y = 374
385: y = 385
393: y = 393
396: y = 396
399: y = 399
410: y = 410
420: y = 420
423: y = 423
432: y = 432
444: y = 444
455: y = 455
456: y = 456
517: y = 517
528: y = 528
535: y = 535
539: y = 539
544: y = 544
557: y = 557
566: y = 566
571: y = 571
574: y = 574
583: y = 583
584: y = 584
594: y = 594
609: y = 609
627: y = 627
632: y = 632
633: y = 633
639: y = 639
643: y = 643
647: y = 647
657: y = 657
663: y = 663
670: y = 670
680: y = 680
690: y = 690
714: y = 714
718: y = 718
720: y = 720
743: y = 743
757: y = 757
763: y = 763
786: y = 786
799: y = 799
803: y = 803
822: y = 822
830: y = 830
861: y = 861
869: y = 869
871: y = 871
879: y = 879
884: y = 884
885: y = 885
890: y = 890
903: y = 903
924: y = 924
927: y = 927
932: y = 932
934: y = 934
937: y = 937
962: y = 962
963: y = 963
971: y = 971
974: y = 974
992: y = 992
997: y = 997
