0: y = 1
6: y = 2
16: y = 3
17: y = 4
27: y = 5
32: y = 6
48: y = 7
59: y = 8
73: y = 9
78: y = 10
82: y = 11
101: y = 12
105: y = 13
106: y = 14
110: y = 15
117: y = 16
128: y = 17
132: y = 18
141: y = 19
150: y = 20
151: y = 21
166: y = 22
183: y = 23
192: y = 24
197: y = 25
209: y = 26
211: y = 27
224: y = 28
232: y = 29
239: y = 30
244: y = 31
269: y = 32
275: y = 33
276: y = 34
280: y = 35
286: y = 36
288: y = 37
302: y = 38
319: y = 39
321: y = 40
332: y = 41
343: y = 42
344: y = 43
359: y = 44
365: y = 45
379: y = 46
385: y = 47
386: y = 48
392: y = 49
402: y = 50
403: y = 51
411: y = 52
419: y = 53
424: y = 54
427: y = 55
438: y = 56
448: y = 57
460: y = 58
464: y = 59
472: y = 60
478: y = 61
481: y = 62
482: y = 63
492: y = 64
493: y = 65
506: y = 66
514: y = 67
518: y = 68
529: y = 69
538: y = 70
552: y = 71
571: y = 72
583: y = 73
585: y = 74
591: y = 75
601: y = 76
617: y = 77
640: y = 78
662: y = 79
664: y = 80
676: y = 81
697: y = 82
704: y = 83
721: y = 84
743: y = 85
753: y = 86
759: y = 87
784: y = 88
789: y = 89
790: y = 90
791: y = 91
805: y = 92
817: y = 93
843: y = 94
850: y = 95
859: y = 96
863: y = 97
871: y = 98
874: y = 99
880: y = 100
885: y = 101
893: y = 102
930: y = 103
931: y = 104
945: y = 105
948: y = 106
953: y = 107
963: y = 108
982: y = 109
986: y = 110
1004: y = 111
1008: y = 112
1009: y = 113
1025: y = 114
1038: y = 115
1039: y = 116
1046: y = 117
1068: y = 118
1071: y = 119
1085: y = 120
1096: y = 121
1097: y = 122
1099: y = 123
1116: y = 124
1127: y = 125
1133: y = 126
1135: y = 127
1150: y = 128
1194: y = 129
1195: y = 130
1198: y = 131
1212: y = 132
1219: y = 133
1227: y = 134
1228: y = 135
1232: y = 136
1241: y = 137
1245: y = 138
1264: y = 139
1279: y = 140
1284: y = 141
1288: y = 142
1305: y = 143
1308: y = 144
1309: y = 145
1323: y = 146
1326: y = 147
1327: y = 148
1334: y = 149
1338: y = 150
1340: y = 151
1352: y = 152
1357: y = 153
1358: y = 154
1365: y = 155
1367: y = 156
1374: y = 157
1379: y = 158
1398: y = 159
1402: y = 160
1403: y = 161
1430: y = 162
1432: y = 163
1434: y = 164
1474: y = 165
1498: y = 166
1515: y = 167
1540: y = 168
1547: y = 169
1554: y = 170
1561: y = 171
1563: y = 172
1568: y = 173
1610: y = 174
1622: y = 175
1650: y = 176
1660: y = 177
1682: y = 178
1695: y = 179
1699: y = 180
1709: y = 181
1712: y = 182
1742: y = 183
1750: y = 184
1761: y = 185
1765: y = 186
1772: y = 187
1785: y = 188
1786: y = 189
1787: y = 190
1796: y = 191
1808: y = 192
1810: y = 193
1821: y = 194
1833: y = 195
1847: y = 196
1872: y = 197
1891: y = 198
1894: y = 199
1904: y = 200
1913: y = 201
1914: y = 202
1921: y = 203
1922: y = 204
1926: y = 205
1936: y = 206
1942: y = 207
1943: y = 208
1947: y = 209
1975: y = 210
1984: y = 211
1987: y = 212
1995: y = 213
2000: y = 214
2002: y = 215
2019: y = 216
2025: y = 217
2026: y = 218
2057: y = 219
2059: y = 220
2064: y = 221
2076: y = 222
2080: y = 223
2091: y = 224
2128: y = 225
2133: y = 226
2136: y = 227
2137: y = 228
2144: y = 229
2153: y = 230
2161: y = 231
2165: y = 232
2171: y = 233
2182: y = 234
2184: y = 235
2206: y = 236
2208: y = 237
2213: y = 238
2218: y = 239
2244: y = 240
2246: y = 241
2254: y = 242
2261: y = 243
2265: y = 244
2274: y = 245
2282: y = 246
2294: y = 247
2297: y = 248
2308: y = 249
2334: y = 250
2335: y = 251
2349: y = 252
2352: y = 253
2353: y = 254
2359: y = 255
2362: y = 256
2363: y = 257
2376: y = 258
2383: y = 259
2392: y = 260
2423: y = 261
2432: y = 262
2435: y = 263
2437: y = 264
2446: y = 265
2447: y = 266
2451: y = 267
2454: y = 268
2469: y = 269
2476: y = 270
2488: y = 271
2518: y = 272
2532: y = 273
2542: y = 274
2543: y = 275
2558: y = 276
2585: y = 277
2597: y = 278
2603: y = 279
2608: y = 280
2615: y = 281
2655: y = 282
2667: y = 283
2680: y = 284
2683: y = 285
2702: y = 286
2706: y = 287
2721: y = 288
2742: y = 289
2769: y = 290
2775: y = 291
2778: y = 292
2779: y = 293
2781: y = 294
2803: y = 295
2808: y = 296
2814: y = 297
2817: y = 298
2821: y = 299
2828: y = 300
2829: y = 301
2841: y = 302
2842: y = 303
2843: y = 304
2845: y = 305
2860: y = 306
2866: y = 307
2877: y = 308
2879: y = 309
2881: y = 310
2898: y = 311
2925: y = 312
2961: y = 313
2992: y = 314
2999: y = 315
3002: y = 316
3006: y = 317
3011: y = 318
3012: y = 319
3044: y = 320
3047: y = 321
3089: y = 322
3108: y = 323
3125: y = 324
3127: y = 325
3138: y = 326
3148: y = 327
3155: y = 328
3159: y = 329
3160: y = 330
3161: y = 331
3162: y = 332
3167: y = 333
3170: y = 334
3174: y = 335
3196: y = 336
3212: y = 337
3226: y = 338
3227: y = 339
3238: y = 340
3251: y = 341
3255: y = 342
3257: y = 343
3261: y = 344
3272: y = 345
3276: y = 346
3282: y = 347
3289: y = 348
3293: y = 349
3303: y = 350
3307: y = 351
3312: y = 352
3313: y = 353
3319: y = 354
3329: y = 355
3348: y = 356
3367: y = 357
3372: y = 358
3385: y = 359
3388: y = 360
3391: y = 361
3408: y = 362
3419: y = 363
3426: y = 364
3458: y = 365
3468: y = 366
3471: y = 367
3474: y = 368
3485: y = 369
3500: y = 370
3522: y = 371
3527: y = 372
3536: y = 373
3568: y = 374
3588: y = 375
3597: y = 376
3600: y = 377
3604: y = 378
3625: y = 379
3643: y = 380
3649: y = 381
3660: y = 382
3677: y = 383
3693: y = 384
3699: y = 385
3745: y = 386
3752: y = 387
3756: y = 388
3758: y = 389
3783: y = 390
3789: y = 391
3790: y = 392
3793: y = 393
3803: y = 394
3806: y = 395
3834: y = 396
3835: y = 397
3840: y = 398
3844: y = 399
3847: y = 400
3852: y = 401
3860: y = 402
3872: y = 403
3884: y = 404
3893: y = 405
3905: y = 406
3915: y = 407
3917: y = 408
3921: y = 409
3935: y = 410
3943: y = 411
3949: y = 412
3956: y = 413
3976: y = 414
3979: y = 415
3988: y = 416
3991: y = 417
4026: y = 418
4034: y = 419
4035: y = 420
4039: y = 421
4057: y = 422
4059: y = 423
4079: y = 424
4081: y = 425
4085: y = 426
4088: y = 427
4095: y = 428
4096: y = 429
4116: y = 430
4137: y = 431
4138: y = 432
4149: y = 433
4152: y = 434
4161: y = 435
4164: y = 436
4179: y = 437
4183: y = 438
4197: y = 439
4198: y = 440
4226: y = 441
4242: y = 442
4246: y = 443
4257: y = 444
4272: y = 445
4275: y = 446
4310: y = 447
4314: y = 448
4319: y = 449
4329: y = 450
4331: y = 451
4354: y = 452
4355: y = 453
4365: y = 454
4369: y = 455
4370: y = 456
4374: y = 457
4420: y = 458
4423: y = 459
4424: y = 460
4436: y = 461
4451: y = 462
4488: y = 463
4505: y = 464
4521: y = 465
4524: y = 466
4527: y = 467
4533: y = 468
4541: y = 469
4549: y = 470
4558: y = 471
4562: y = 472
4570: y = 473
4578: y = 474
4580: y = 475
4589: y = 476
4615: y = 477
4622: y = 478
4632: y = 479
4641: y = 480
4656: y = 481
4660: y = 482
4667: y = 483
4682: y = 484
4729: y = 485
4737: y = 486
4751: y = 487
4753: y = 488
4761: y = 489
4774: y = 490
4785: y = 491
4813: y = 492
4817: y = 493
4832: y = 494
4835: y = 495
4842: y = 496
4843: y = 497
4844: y = 498
4857: y = 499
4877: y = 500
4884: y = 501
4902: y = 502
4911: y = 503
4915: y = 504
4917: y = 505
4926: y = 506
4943: y = 507
4950: y = 508
4957: y = 509
4972: y = 510
4973: y = 511
5003: y = 512
5032: y = 513
5043: y = 514
5044: y = 515
5058: y = 516
5059: y = 517
5062: y = 518
5063: y = 519
5067: y = 520
5080: y = 521
5143: y = 522
5144: y = 523
5159: y = 524
5162: y = 525
5163: y = 526
5164: y = 527
5169: y = 528
5172: y = 529
5173: y = 530
5176: y = 531
5180: y = 532
5192: y = 533
5195: y = 534
5203: y = 535
5224: y = 536
5233: y = 537
5239: y = 538
5243: y = 539
5251: y = 540
5258: y = 541
5265: y = 542
5280: y = 543
5298: y = 544
5304: y = 545
5324: y = 546
5333: y = 547
5335: y = 548
5369: y = 549
5372: y = 550
5377: y = 551
5384: y = 552
5395: y = 553
5409: y = 554
5427: y = 555
5428: y = 556
5439: y = 557
5440: y = 558
5443: y = 559
5445: y = 560
5456: y = 561
5468: y = 562
5471: y = 563
5475: y = 564
5481: y = 565
5490: y = 566
5493: y = 567
5506: y = 568
5509: y = 569
5545: y = 570
5569: y = 571
5572: y = 572
5573: y = 573
5578: y = 574
5592: y = 575
5602: y = 576
5603: y = 577
5607: y = 578
5620: y = 579
5625: y = 580
5630: y = 581
5631: y = 582
5635: y = 583
5638: y = 584
5640: y = 585
5651: y = 586
5654: y = 587
5658: y = 588
5660: y = 589
5662: y = 590
5666: y = 591
5668: y = 592
5671: y = 593
5672: y = 594
5674: y = 595
5675: y = 596
5677: y = 597
5690: y = 598
5693: y = 599
5698: y = 600
5717: y = 601
5740: y = 602
5751: y = 603
5754: y = 604
5764: y = 605
5774: y = 606
5809: y = 607
5810: y = 608
5837: y = 609
5839: y = 610
5845: y = 611
5852: y = 612
5888: y = 613
5896: y = 614
5903: y = 615
5946: y = 616
5954: y = 617
5958: y = 618
5961: y = 619
5973: y = 620
5977: y = 621
5983: y = 622
5990: y = 623
5992: y = 624
5999: y = 625
6016: y = 626
6027: y = 627
6034: y = 628
6040: y = 629
6045: y = 630
6060: y = 631
6061: y = 632
6065: y = 633
6068: y = 634
6078: y = 635
6079: y = 636
6090: y = 637
6092: y = 638
6101: y = 639
6115: y = 640
6124: y = 641
6128: y = 642
6130: y = 643
6137: y = 644
6145: y = 645
6151: y = 646
6158: y = 647
6187: y = 648
6198: y = 649
6201: y = 650
6207: y = 651
6209: y = 652
6225: y = 653
6226: y = 654
6241: y = 655
6257: y = 656
6260: y = 657
6294: y = 658
6306: y = 659
6308: y = 660
6313: y = 661
6314: y = 662
6326: y = 663
6328: y = 664
6330: y = 665
6361: y = 666
6373: y = 667
6391: y = 668
6401: y = 669
6404: y = 670
6450: y = 671
6483: y = 672
6499: y = 673
6529: y = 674
6546: y = 675
6550: y = 676
6561: y = 677
6566: y = 678
6575: y = 679
6581: y = 680
6593: y = 681
6594: y = 682
6621: y = 683
6623: y = 684
6633: y = 685
6637: y = 686
6650: y = 687
6676: y = 688
6692: y = 689
6697: y = 690
6700: y = 691
6712: y = 692
6715: y = 693
6737: y = 694
6750: y = 695
6771: y = 696
6798: y = 697
6804: y = 698
6809: y = 699
6812: y = 700
6820: y = 701
6824: y = 702
6840: y = 703
6845: y = 704
6849: y = 705
6864: y = 706
6876: y = 707
6883: y = 708
6897: y = 709
6902: y = 710
6913: y = 711
6945: y = 712
6946: y = 713
6950: y = 714
6957: y = 715
6959: y = 716
6977: y = 717
7001: y = 718
7014: y = 719
7021: y = 720
7029: y = 721
7043: y = 722
7051: y = 723
7052: y = 724
7057: y = 725
7060: y = 726
7062: y = 727
7078: y = 728
7088: y = 729
7091: y = 730
7092: y = 731
7095: y = 732
7102: y = 733
7127: y = 734
7128: y = 735
7146: y = 736
7158: y = 737
7174: y = 738
7183: y = 739
7203: y = 740
7219: y = 741
7226: y = 742
7246: y = 743
7262: y = 744
7283: y = 745
7286: y = 746
7292: y = 747
7295: y = 748
7311: y = 749
7315: y = 750
7320: y = 751
7331: y = 752
7358: y = 753
7361: y = 754
7363: y = 755
7379: y = 756
7389: y = 757
7391: y = 758
7402: y = 759
7413: y = 760
7423: y = 761
7432: y = 762
7445: y = 763
7470: y = 764
7475: y = 765
7483: y = 766
7486: y = 767
7491: y = 768
7506: y = 769
7509: y = 770
7528: y = 771
7550: y = 772
7563: y = 773
7566: y = 774
7570: y = 775
7573: y = 776
7602: y = 777
7605: y = 778
7619: y = 779
7621: y = 780
7647: y = 781
7677: y = 782
7686: y = 783
7690: y = 784
7703: y = 785
7707: y = 786
7728: y = 787
7731: y = 788
7735: y = 789
7739: y = 790
7770: y = 791
7781: y = 792
7787: y = 793
7801: y = 794
7818: y = 795
7826: y = 796
7829: y = 797
7830: y = 798
7842: y = 799
7851: y = 800
7858: y = 801
7867: y = 802
7877: y = 803
7878: y = 804
7886: y = 805
7888: y = 806
7938: y = 807
7942: y = 808
7954: y = 809
7956: y = 810
7964: y = 811
7970: y = 812
8004: y = 813
8033: y = 814
8065: y = 815
8075: y = 816
8080: y = 817
8087: y = 818
8100: y = 819
8108: y = 820
8113: y = 821
8126: y = 822
8128: y = 823
8144: y = 824
8159: y = 825
8187: y = 826
8190: y = 827
8201: y = 828
8208: y = 829
8213: y = 830
8228: y = 831
8240: y = 832
8243: y = 833
8250: y = 834
8260: y = 835
8265: y = 836
8274: y = 837
8275: y = 838
8285: y = 839
8289: y = 840
8294: y = 841
8300: y = 842
8315: y = 843
8324: y = 844
8329: y = 845
8331: y = 846
8339: y = 847
8344: y = 848
8370: y = 849
8381: y = 850
8385: y = 851
8394: y = 852
8423: y = 853
8434: y = 854
8437: y = 855
8441: y = 856
8470: y = 857
8480: y = 858
8483: y = 859
8488: y = 860
8495: y = 861
8496: y = 862
8499: y = 863
8500: y = 864
8504: y = 865
8533: y = 866
8538: y = 867
8541: y = 868
8547: y = 869
8553: y = 870
8556: y = 871
8576: y = 872
8589: y = 873
8606: y = 874
8610: y = 875
8617: y = 876
8618: y = 877
8629: y = 878
8635: y = 879
8641: y = 880
8658: y = 881
8674: y = 882
8681: y = 883
8707: y = 884
8725: y = 885
8726: y = 886
8734: y = 887
8747: y = 888
8751: y = 889
8757: y = 890
8763: y = 891
8766: y = 892
8772: y = 893
8775: y = 894
8801: y = 895
8805: y = 896
8815: y = 897
8829: y = 898
8848: y = 899
8860: y = 900
8870: y = 901
8871: y = 902
8884: y = 903
8885: y = 904
8894: y = 905
8895: y = 906
8897: y = 907
8907: y = 908
8910: y = 909
8924: y = 910
8925: y = 911
8929: y = 912
8940: y = 913
8941: y = 914
8951: y = 915
8966: y = 916
8978: y = 917
8985: y = 918
8989: y = 919
9000: y = 920
9001: y = 921
9014: y = 922
9020: y = 923
9022: y = 924
9024: y = 925
9026: y = 926
9027: y = 927
9030: y = 928
9032: y = 929
9033: y = 930
9054: y = 931
9067: y = 932
9078: y = 933
9080: y = 934
9083: y = 935
9119: y = 936
9123: y = 937
9129: y = 938
9141: y = 939
9142: y = 940
9157: y = 941
9169: y = 942
9170: y = 943
9173: y = 944
9180: y = 945
9181: y = 946
9184: y = 947
9188: y = 948
9191: y = 949
9203: y = 950
9205: y = 951
9207: y = 952
9209: y = 953
9218: y = 954
9222: y = 955
9227: y = 956
9238: y = 957
9241: y = 958
9248: y = 959
9250: y = 960
9262: y = 961
9267: y = 962
9286: y = 963
9328: y = 964
9330: y = 965
9332: y = 966
9333: y = 967
9334: y = 968
9339: y = 969
9363: y = 970
9384: y = 971
9411: y = 972
9414: y = 973
9426: y = 974
9438: y = 975
9453: y = 976
9467: y = 977
9483: y = 978
9486: y = 979
9487: y = 980
9505: y = 981
9528: y = 982
9535: y = 983
9559: y = 984
9565: y = 985
9579: y = 986
9581: y = 987
9586: y = 988
9598: y = 989
9609: y = 990
9614: y = 991
9617: y = 992
9643: y = 993
9680: y = 994
9684: y = 995
9719: y = 996
9735: y = 997
9743: y = 998
9745: y = 999
9759: y = 1000
9760: y = 1001
9803: y = 1002
9820: y = 1003
9825: y = 1004
9834: y = 1005
9856: y = 1006
9867: y = 1007
9887: y = 1008
9888: y = 1009
9897: y = 1010
9898: y = 1011
9900: y = 1012
9903: y = 1013
9913: y = 1014
9921: y = 1015
9926: y = 1016
9929: y = 1017
9931: y = 1018
9942: y = 1019
9957: y = 1020
9962: y = 1021
9964: y = 1022
9979: y = 1023
9980: y = 1024
9982: y = 1025
9984: y = 1026
