0: x = 195
1: x = 2401
2: x = 539
4: x = 294
5: x = 273
6: x = 1634
9: x = 1710
10: x = 200
12: x = 1350
13: x = 50
14: x = 37
15: x = 1344
17: x = 784
18: x = 672
19: x = 960
20: x = 1176
21: x = 207
23: x = 423
24: x = 376
25: x = 100
26: x = 1600
27: x = 882
28: x = 980
29: x = 444
30: x = 504
31: x = 72
33: x = 132
36: x = 299
37: x = 91
38: x = 329
39: x = 21
40: x = 238
41: x = 77
43: x = 451
44: x = 287
45: x = 1476
46: x = 738
47: x = 1892
48: x = 1848
50: x = 1364
51: x = 686
52: x = 238
54: x = 476
55: x = 374
56: x = 506
57: x = 374
59: x = 1560
60: x = 234
62: x = 1118
63: x = 1118
65: x = 1040
66: x = 520
67: x = 140
68: x = 66
70: x = 56
71: x = 18
72: x = 144
73: x = 296
74: x = 1850
75: x = 1184
76: x = 74
77: x = 42
78: x = 620
79: x = 48
80: x = 256
81: x = 144
82: x = 80
83: x = 1196
84: x = 100
85: x = 68
86: x = 24
88: x = 1160
89: x = 1760
90: x = 396
91: x = 576
92: x = 144
93: x = 1078
95: x = 1274
96: x = 2450
98: x = 1862
99: x = 1470
100: x = 810
