0: x = 34
1: x = 0
2: x = 38
4: x = 43
5: x = 32
6: x = 5
9: x = 7
10: x = 46
12: x = 23
13: x = 49
14: x = 36
15: x = 20
17: x = 0
18: x = -4
19: x = -16
20: x = -25
21: x = -14
23: x = -38
24: x = -39
25: x = 15
26: x = -18
27: x = 31
28: x = 29
29: x = -25
30: x = -30
31: x = 6
33: x = 16
36: x = -10
37: x = 6
38: x = 40
39: x = -4
40: x = 27
41: x = 4
43: x = -30
44: x = -34
45: x = -5
46: x = -23
47: x = 1
48: x = 2
50: x = 13
51: x = -35
52: x = -3
54: x = 11
55: x = 5
56: x = -1
57: x = 5
59: x = -1
60: x = 33
62: x = 17
63: x = 17
65: x = 14
66: x = -6
67: x = 13
68: x = 31
70: x = 26
71: x = 7
72: x = -7
73: x = 29
74: x = -13
75: x = 5
76: x = 35
77: x = 19
78: x = 11
79: x = 13
80: x = 0
81: x = -7
82: x = -11
83: x = 20
84: x = 21
85: x = 13
86: x = 2
88: x = -11
89: x = 4
90: x = 35
91: x = 36
92: x = 0
93: x = -27
95: x = -23
96: x = 1
98: x = -11
99: x = -19
100: x = 3
