2: z = 1
3: z = 2
5: z = 3
6: z = 9
7: z = 3
9: z = 4
10: z = 12
14: z = 6
