2: y = -2
5: y = 0
6: y = 6
9: y = 1
12: y = 21
13: y = 29
14: y = 40
17: y = -1
19: y = 20
20: y = 9
22: y = 21
23: y = 29
24: y = 40
27: y = -1
29: y = 20
30: y = 9
