2: z = 0
3: z = 1
5: z = 2
6: z = 8
7: z = 2
9: z = 3
10: z = 1
14: z = -1
