13: o = 49
14: o = 49
16: o = 49
17: o = 49
18: o = 49
21: o = 49
22: o = 49
26: o = 49
27: o = 49
28: o = 49
29: o = 49
30: o = 49
31: o = 49
32: o = 49
33: o = 49
34: o = 49
35: o = 49
36: o = 49
37: o = 49
38: o = 49
39: o = 49
40: o = 49
41: o = 49
42: o = 49
43: o = 49
44: o = 49
45: o = 49
46: o = 49
47: o = 49
48: o = 49
49: o = 49
50: o = 49
52: o = 49
53: o = 49
54: o = 49
55: o = 49
56: o = 49
57: o = 49
58: o = 49
60: o = 49
61: o = 49
62: o = 49
63: o = 49
64: o = 49
65: o = 49
66: o = 49
68: o = 49
69: o = 49
70: o = 49
71: o = 49
73: o = 49
74: o = 49
75: o = 49
76: o = 49
77: o = 49
78: o = 49
79: o = 49
80: o = 49
81: o = 49
82: o = 49
83: o = 49
84: o = 49
85: o = 49
87: o = 49
88: o = 49
90: o = 49
91: o = 49
92: o = 49
94: o = 49
95: o = 49
96: o = 49
97: o = 49
98: o = 49
100: o = 49
102: o = 49
103: o = 49
104: o = 49
105: o = 49
106: o = 49
107: o = 49
109: o = 49
110: o = 49
111: o = 49
112: o = 49
113: o = 49
114: o = 49
115: o = 49
116: o = 49
117: o = 49
118: o = 49
119: o = 49
120: o = 49
121: o = 49
122: o = 49
123: o = 49
126: o = 49
127: o = 49
128: o = 49
129: o = 49
130: o = 49
131: o = 49
132: o = 49
133: o = 49
136: o = 49
137: o = 49
139: o = 49
140: o = 49
141: o = 49
142: o = 49
143: o = 49
144: o = 49
145: o = 49
147: o = 49
148: o = 49
149: o = 49
150: o = 49
151: o = 49
155: o = 49
157: o = 49
158: o = 49
161: o = 49
162: o = 49
163: o = 49
164: o = 49
165: o = 49
166: o = 49
167: o = 49
168: o = 49
169: o = 49
170: o = 49
171: o = 49
172: o = 49
175: o = 49
176: o = 49
177: o = 49
178: o = 49
179: o = 49
180: o = 49
181: o = 49
184: o = 49
185: o = 49
186: o = 49
188: o = 49
189: o = 49
190: o = 49
191: o = 49
192: o = 49
193: o = 49
194: o = 49
195: o = 49
196: o = 49
198: o = 49
199: o = 49
200: o = 49
201: o = 49
202: o = 49
205: o = 49
207: o = 49
208: o = 49
209: o = 49
210: o = 49
211: o = 49
212: o = 49
213: o = 49
214: o = 49
215: o = 49
217: o = 49
219: o = 49
220: o = 49
221: o = 49
222: o = 49
224: o = 49
225: o = 49
227: o = 49
228: o = 49
230: o = 49
231: o = 49
232: o = 49
233: o = 49
234: o = 49
235: o = 49
236: o = 49
239: o = 49
240: o = 49
241: o = 49
242: o = 49
243: o = 49
244: o = 49
245: o = 49
246: o = 49
247: o = 49
248: o = 49
249: o = 49
250: o = 49
251: o = 49
252: o = 49
253: o = 49
254: o = 49
255: o = 49
256: o = 49
257: o = 49
258: o = 49
259: o = 49
260: o = 49
261: o = 49
262: o = 49
263: o = 49
264: o = 49
265: o = 49
266: o = 49
267: o = 49
268: o = 49
270: o = 49
272: o = 49
273: o = 49
274: o = 49
275: o = 49
276: o = 49
277: o = 49
278: o = 49
279: o = 49
282: o = 49
284: o = 49
285: o = 49
286: o = 49
287: o = 49
288: o = 49
289: o = 49
290: o = 49
291: o = 49
292: o = 49
293: o = 49
295: o = 49
297: o = 49
299: o = 49
302: o = 49
304: o = 49
305: o = 49
306: o = 49
307: o = 49
309: o = 49
310: o = 49
311: o = 49
312: o = 49
313: o = 49
315: o = 49
317: o = 49
318: o = 49
319: o = 49
320: o = 49
321: o = 49
322: o = 49
323: o = 49
324: o = 49
325: o = 49
327: o = 49
328: o = 49
329: o = 49
330: o = 49
331: o = 49
334: o = 49
335: o = 49
336: o = 49
337: o = 49
338: o = 49
342: o = 49
343: o = 49
346: o = 49
347: o = 49
348: o = 49
350: o = 49
351: o = 49
353: o = 49
354: o = 49
356: o = 49
357: o = 49
358: o = 49
359: o = 49
360: o = 49
361: o = 49
364: o = 49
366: o = 49
367: o = 49
368: o = 49
369: o = 49
370: o = 49
371: o = 49
372: o = 49
373: o = 49
374: o = 49
375: o = 49
378: o = 49
379: o = 49
380: o = 49
381: o = 49
382: o = 49
383: o = 49
385: o = 49
386: o = 49
387: o = 49
388: o = 49
389: o = 49
390: o = 49
391: o = 49
392: o = 49
393: o = 49
394: o = 49
395: o = 49
397: o = 49
398: o = 49
400: o = 49
401: o = 49
404: o = 49
405: o = 49
406: o = 49
407: o = 49
408: o = 49
409: o = 49
410: o = 49
411: o = 49
412: o = 49
413: o = 49
414: o = 49
415: o = 49
416: o = 49
417: o = 49
418: o = 49
419: o = 49
420: o = 49
421: o = 49
422: o = 49
423: o = 49
424: o = 49
425: o = 49
426: o = 49
427: o = 49
428: o = 49
429: o = 49
430: o = 49
432: o = 49
433: o = 49
434: o = 49
436: o = 49
438: o = 49
440: o = 49
441: o = 49
442: o = 49
443: o = 49
444: o = 49
445: o = 49
446: o = 49
447: o = 49
448: o = 49
449: o = 49
450: o = 49
451: o = 49
452: o = 49
453: o = 49
456: o = 49
457: o = 49
458: o = 49
460: o = 49
461: o = 49
462: o = 49
463: o = 49
465: o = 49
467: o = 49
468: o = 49
469: o = 49
470: o = 49
471: o = 49
473: o = 49
474: o = 49
476: o = 49
477: o = 49
478: o = 49
479: o = 49
480: o = 49
481: o = 49
482: o = 49
483: o = 49
484: o = 49
485: o = 49
487: o = 49
488: o = 49
489: o = 49
490: o = 49
492: o = 49
493: o = 49
494: o = 49
495: o = 49
496: o = 49
497: o = 49
498: o = 49
499: o = 49
500: o = 49
501: o = 49
502: o = 49
504: o = 49
507: o = 49
509: o = 49
510: o = 49
511: o = 49
512: o = 49
514: o = 49
515: o = 49
516: o = 49
517: o = 49
518: o = 49
519: o = 49
521: o = 49
525: o = 49
526: o = 49
527: o = 49
528: o = 49
530: o = 49
533: o = 49
534: o = 49
535: o = 49
537: o = 49
539: o = 49
540: o = 49
541: o = 49
542: o = 49
543: o = 49
544: o = 49
546: o = 49
548: o = 49
550: o = 49
551: o = 49
552: o = 49
553: o = 49
554: o = 49
557: o = 49
559: o = 49
560: o = 49
561: o = 49
562: o = 49
563: o = 49
564: o = 49
565: o = 49
566: o = 49
567: o = 49
568: o = 49
571: o = 49
572: o = 49
574: o = 49
575: o = 49
576: o = 49
577: o = 49
578: o = 49
579: o = 49
580: o = 49
581: o = 49
583: o = 49
584: o = 49
586: o = 49
587: o = 49
588: o = 49
589: o = 49
590: o = 49
591: o = 49
592: o = 49
593: o = 49
596: o = 49
597: o = 49
598: o = 49
600: o = 49
601: o = 49
602: o = 49
603: o = 49
604: o = 49
605: o = 49
606: o = 49
607: o = 49
608: o = 49
610: o = 49
613: o = 49
615: o = 49
616: o = 49
617: o = 49
618: o = 49
619: o = 49
620: o = 49
621: o = 49
622: o = 49
623: o = 49
624: o = 49
625: o = 49
626: o = 49
627: o = 49
628: o = 49
629: o = 49
630: o = 49
633: o = 49
636: o = 49
637: o = 49
638: o = 49
640: o = 49
641: o = 49
642: o = 49
644: o = 49
645: o = 49
646: o = 49
647: o = 49
648: o = 49
649: o = 49
653: o = 49
654: o = 49
655: o = 49
657: o = 49
658: o = 49
659: o = 49
660: o = 49
661: o = 49
663: o = 49
664: o = 49
666: o = 49
667: o = 49
668: o = 49
669: o = 49
670: o = 49
671: o = 49
672: o = 49
673: o = 49
674: o = 49
675: o = 49
677: o = 49
678: o = 49
679: o = 49
681: o = 49
683: o = 49
686: o = 49
687: o = 49
688: o = 49
689: o = 49
690: o = 49
691: o = 49
692: o = 49
693: o = 49
694: o = 49
695: o = 49
696: o = 49
697: o = 49
698: o = 49
699: o = 49
700: o = 49
701: o = 49
704: o = 49
705: o = 49
706: o = 49
708: o = 49
709: o = 49
710: o = 49
711: o = 49
712: o = 49
714: o = 49
715: o = 49
716: o = 49
717: o = 49
719: o = 49
721: o = 49
722: o = 49
723: o = 49
724: o = 49
725: o = 49
727: o = 49
728: o = 49
729: o = 49
730: o = 49
732: o = 49
735: o = 49
736: o = 49
737: o = 49
738: o = 49
739: o = 49
740: o = 49
741: o = 49
742: o = 49
743: o = 49
744: o = 49
745: o = 49
746: o = 49
749: o = 49
751: o = 49
752: o = 49
753: o = 49
754: o = 49
755: o = 49
756: o = 49
757: o = 49
759: o = 49
760: o = 49
761: o = 49
762: o = 49
764: o = 49
765: o = 49
766: o = 49
767: o = 49
768: o = 49
770: o = 49
771: o = 49
772: o = 49
774: o = 49
775: o = 49
776: o = 49
777: o = 49
778: o = 49
779: o = 49
780: o = 49
781: o = 49
782: o = 49
783: o = 49
784: o = 49
785: o = 49
786: o = 49
787: o = 49
788: o = 49
789: o = 49
790: o = 49
792: o = 49
793: o = 49
794: o = 49
795: o = 49
797: o = 49
798: o = 49
799: o = 49
800: o = 49
801: o = 49
804: o = 49
805: o = 49
806: o = 49
807: o = 49
808: o = 49
810: o = 49
812: o = 49
813: o = 49
814: o = 49
815: o = 49
817: o = 49
818: o = 49
819: o = 49
820: o = 49
822: o = 49
823: o = 49
824: o = 49
825: o = 49
826: o = 49
827: o = 49
828: o = 49
829: o = 49
832: o = 49
834: o = 49
835: o = 49
836: o = 49
837: o = 49
839: o = 49
841: o = 49
842: o = 49
843: o = 49
845: o = 49
846: o = 49
848: o = 49
849: o = 49
853: o = 49
857: o = 49
858: o = 49
859: o = 49
862: o = 49
863: o = 49
864: o = 49
865: o = 49
866: o = 49
867: o = 49
871: o = 49
872: o = 49
873: o = 49
874: o = 49
875: o = 49
876: o = 49
877: o = 49
878: o = 49
881: o = 49
882: o = 49
885: o = 49
886: o = 49
887: o = 49
888: o = 49
889: o = 49
891: o = 49
892: o = 49
893: o = 49
894: o = 49
895: o = 49
896: o = 49
897: o = 49
898: o = 49
901: o = 49
902: o = 49
903: o = 49
904: o = 49
905: o = 49
908: o = 49
909: o = 49
911: o = 49
913: o = 49
914: o = 49
915: o = 49
916: o = 49
917: o = 49
919: o = 49
920: o = 49
921: o = 49
922: o = 49
924: o = 49
925: o = 49
926: o = 49
927: o = 49
928: o = 49
929: o = 49
930: o = 49
932: o = 49
933: o = 49
934: o = 49
935: o = 49
937: o = 49
938: o = 49
939: o = 49
940: o = 49
943: o = 49
944: o = 49
945: o = 49
946: o = 49
947: o = 49
950: o = 49
952: o = 49
953: o = 49
955: o = 49
957: o = 49
958: o = 49
959: o = 49
961: o = 49
962: o = 49
963: o = 49
964: o = 49
965: o = 49
966: o = 49
967: o = 49
969: o = 49
970: o = 49
971: o = 49
973: o = 49
974: o = 49
975: o = 49
976: o = 49
978: o = 49
980: o = 49
982: o = 49
983: o = 49
985: o = 49
986: o = 49
987: o = 49
988: o = 49
989: o = 49
991: o = 49
993: o = 49
994: o = 49
995: o = 49
996: o = 49
997: o = 49
998: o = 49
999: o = 49
1000: o = 49
1001: o = 49
1002: o = 49
1003: o = 49
1004: o = 49
1006: o = 49
1007: o = 49
1008: o = 49
1009: o = 49
1010: o = 49
1011: o = 49
1012: o = 49
1013: o = 49
1014: o = 49
1015: o = 49
1016: o = 49
1017: o = 49
1018: o = 49
1022: o = 49
1023: o = 49
1024: o = 49
1025: o = 49
1026: o = 49
1027: o = 49
1028: o = 49
1029: o = 49
1030: o = 49
1031: o = 49
1033: o = 49
1034: o = 49
1035: o = 49
1036: o = 49
1037: o = 49
1038: o = 49
1040: o = 49
1041: o = 49
1042: o = 49
1043: o = 49
1044: o = 49
1045: o = 49
1046: o = 49
1049: o = 49
1050: o = 49
1053: o = 49
1054: o = 49
1055: o = 49
1056: o = 49
1057: o = 49
1058: o = 49
1059: o = 49
1060: o = 49
1061: o = 49
1062: o = 49
1064: o = 49
1065: o = 49
1066: o = 49
1067: o = 49
1068: o = 49
1069: o = 49
1071: o = 49
1073: o = 49
1075: o = 49
1076: o = 49
1077: o = 49
1079: o = 49
1080: o = 49
1082: o = 49
1083: o = 49
1084: o = 49
1085: o = 49
1086: o = 49
1087: o = 49
1089: o = 49
1092: o = 49
1093: o = 49
1094: o = 49
1095: o = 49
1096: o = 49
1101: o = 49
1102: o = 49
1103: o = 49
1104: o = 49
1105: o = 49
1106: o = 49
1107: o = 49
1109: o = 49
1110: o = 49
1111: o = 49
1112: o = 49
1113: o = 49
1114: o = 49
1116: o = 49
1117: o = 49
1118: o = 49
1119: o = 49
1120: o = 49
1121: o = 49
1122: o = 49
1123: o = 49
1125: o = 49
1126: o = 49
1128: o = 49
1129: o = 49
1130: o = 49
1131: o = 49
1132: o = 49
1133: o = 49
1135: o = 49
1136: o = 49
1137: o = 49
1138: o = 49
1139: o = 49
1142: o = 49
1143: o = 49
1144: o = 49
1145: o = 49
1146: o = 49
1148: o = 49
1150: o = 49
1151: o = 49
1152: o = 49
1153: o = 49
1154: o = 49
1155: o = 49
1156: o = 49
1157: o = 49
1159: o = 49
1160: o = 49
1161: o = 49
1162: o = 49
1164: o = 49
1165: o = 49
1166: o = 49
1167: o = 49
1170: o = 49
1171: o = 49
1172: o = 49
1174: o = 49
1175: o = 49
1177: o = 49
1179: o = 49
1180: o = 49
1181: o = 49
1182: o = 49
1183: o = 49
1184: o = 49
1185: o = 49
1188: o = 49
1189: o = 49
1191: o = 49
1192: o = 49
1193: o = 49
1194: o = 49
1195: o = 49
1196: o = 49
1197: o = 49
1198: o = 49
1199: o = 49
1200: o = 49
1201: o = 49
1202: o = 49
1203: o = 49
1204: o = 49
1205: o = 49
1206: o = 49
1207: o = 49
1208: o = 49
1209: o = 49
1210: o = 49
1211: o = 49
1212: o = 49
1213: o = 49
1215: o = 49
1216: o = 49
1217: o = 49
1218: o = 49
1220: o = 49
1222: o = 49
1224: o = 49
1225: o = 49
1226: o = 49
1227: o = 49
1228: o = 49
1229: o = 49
1230: o = 49
1231: o = 49
1232: o = 49
1233: o = 49
1234: o = 49
1235: o = 49
1236: o = 49
1237: o = 49
1238: o = 49
1239: o = 49
1240: o = 49
1241: o = 49
1242: o = 49
1243: o = 49
1244: o = 49
1245: o = 49
1246: o = 49
1247: o = 49
1248: o = 49
1249: o = 49
1250: o = 49
1251: o = 49
1252: o = 49
1253: o = 49
1254: o = 49
1255: o = 49
1256: o = 49
1257: o = 49
1258: o = 49
1259: o = 49
1260: o = 49
1261: o = 49
1262: o = 49
1263: o = 49
1264: o = 49
1265: o = 49
1266: o = 49
1267: o = 49
1269: o = 49
1270: o = 49
1271: o = 49
1272: o = 49
1273: o = 49
1275: o = 49
1277: o = 49
1278: o = 49
1279: o = 49
1280: o = 49
1281: o = 49
1282: o = 49
1283: o = 49
1284: o = 49
1285: o = 49
1286: o = 49
1288: o = 49
1291: o = 49
1292: o = 49
1293: o = 49
1294: o = 49
1296: o = 49
1297: o = 49
1298: o = 49
1299: o = 49
1300: o = 49
1302: o = 49
1303: o = 49
1304: o = 49
1306: o = 49
1307: o = 49
1308: o = 49
1310: o = 49
1311: o = 49
1313: o = 49
1315: o = 49
1317: o = 49
1318: o = 49
1320: o = 49
1321: o = 49
1323: o = 49
1324: o = 49
1327: o = 49
1328: o = 49
1329: o = 49
1330: o = 49
1331: o = 49
1332: o = 49
1333: o = 49
1334: o = 49
1336: o = 49
1337: o = 49
1338: o = 49
1339: o = 49
1340: o = 49
1341: o = 49
1342: o = 49
1343: o = 49
1344: o = 49
1345: o = 49
1347: o = 49
1348: o = 49
1349: o = 49
1350: o = 49
1352: o = 49
1353: o = 49
1354: o = 49
1355: o = 49
1356: o = 49
1357: o = 49
1359: o = 49
1361: o = 49
1362: o = 49
1364: o = 49
1365: o = 49
1367: o = 49
1368: o = 49
1369: o = 49
1370: o = 49
1371: o = 49
1372: o = 49
1373: o = 49
1375: o = 49
1376: o = 49
1377: o = 49
1378: o = 49
1379: o = 49
1380: o = 49
1381: o = 49
1382: o = 49
1383: o = 49
1384: o = 49
1386: o = 49
1387: o = 49
1388: o = 49
1389: o = 49
1391: o = 49
1392: o = 49
1393: o = 49
1394: o = 49
1395: o = 49
1396: o = 49
1397: o = 49
1398: o = 49
1400: o = 49
1402: o = 49
1403: o = 49
1404: o = 49
1405: o = 49
1406: o = 49
1408: o = 49
1409: o = 49
1410: o = 49
1411: o = 49
1412: o = 49
1413: o = 49
1414: o = 49
1417: o = 49
1419: o = 49
1420: o = 49
1421: o = 49
1422: o = 49
1423: o = 49
1424: o = 49
1425: o = 49
1426: o = 49
1427: o = 49
1428: o = 49
1429: o = 49
1430: o = 49
1431: o = 49
1432: o = 49
1433: o = 49
1434: o = 49
1435: o = 49
1436: o = 49
1437: o = 49
1438: o = 49
1439: o = 49
1440: o = 49
1441: o = 49
1442: o = 49
1443: o = 49
1444: o = 49
1445: o = 49
1446: o = 49
1447: o = 49
1448: o = 49
1449: o = 49
1450: o = 49
1451: o = 49
1452: o = 49
1453: o = 49
1455: o = 49
1456: o = 49
1457: o = 49
1459: o = 49
1460: o = 49
1461: o = 49
1462: o = 49
1463: o = 49
1464: o = 49
1465: o = 49
1466: o = 49
1467: o = 49
1468: o = 49
1469: o = 49
1472: o = 49
1473: o = 49
1474: o = 49
1475: o = 49
1477: o = 49
1478: o = 49
1480: o = 49
1481: o = 49
1483: o = 49
1484: o = 49
1485: o = 49
1487: o = 49
1488: o = 49
1489: o = 49
1490: o = 49
1491: o = 49
1492: o = 49
1493: o = 49
1495: o = 49
1496: o = 49
1497: o = 49
1498: o = 49
1503: o = 49
1504: o = 49
1505: o = 49
1506: o = 49
1507: o = 49
1509: o = 49
1511: o = 49
1512: o = 49
1514: o = 49
1515: o = 49
1516: o = 49
1517: o = 49
1518: o = 49
1521: o = 49
1522: o = 49
1523: o = 49
1525: o = 49
1526: o = 49
1527: o = 49
1528: o = 49
1530: o = 49
1532: o = 49
1533: o = 49
1534: o = 49
1535: o = 49
1536: o = 49
1537: o = 49
1538: o = 49
1539: o = 49
1540: o = 49
1541: o = 49
1542: o = 49
1545: o = 49
1546: o = 49
1547: o = 49
1548: o = 49
1549: o = 49
1550: o = 49
1552: o = 49
1553: o = 49
1554: o = 49
1555: o = 49
1556: o = 49
1557: o = 49
1559: o = 49
1560: o = 49
1561: o = 49
1562: o = 49
1564: o = 49
1566: o = 49
1567: o = 49
1568: o = 49
1569: o = 49
1570: o = 49
1571: o = 49
1573: o = 49
1575: o = 49
1576: o = 49
1577: o = 49
1579: o = 49
1580: o = 49
1581: o = 49
1582: o = 49
1583: o = 49
1585: o = 49
1586: o = 49
1587: o = 49
1588: o = 49
1589: o = 49
1590: o = 49
1591: o = 49
1592: o = 49
1594: o = 49
1596: o = 49
1597: o = 49
1598: o = 49
1599: o = 49
1600: o = 49
1602: o = 49
1603: o = 49
1604: o = 49
1605: o = 49
1606: o = 49
1607: o = 49
1608: o = 49
1610: o = 49
1611: o = 49
1612: o = 49
1614: o = 49
1615: o = 49
1616: o = 49
1617: o = 49
1619: o = 49
1620: o = 49
1621: o = 49
1622: o = 49
1623: o = 49
1624: o = 49
1625: o = 49
1626: o = 49
1627: o = 49
1630: o = 49
1631: o = 49
1632: o = 49
1633: o = 49
1634: o = 49
1635: o = 49
1636: o = 49
1637: o = 49
1638: o = 49
1641: o = 49
1642: o = 49
1643: o = 49
1644: o = 49
1645: o = 49
1648: o = 49
1649: o = 49
1650: o = 49
1651: o = 49
1653: o = 49
1654: o = 49
1655: o = 49
1656: o = 49
1658: o = 49
1659: o = 49
1660: o = 49
1661: o = 49
1662: o = 49
1663: o = 49
1665: o = 49
1666: o = 49
1668: o = 49
1669: o = 49
1670: o = 49
1671: o = 49
1672: o = 49
1673: o = 49
1674: o = 49
1675: o = 49
1677: o = 49
1678: o = 49
1681: o = 49
1682: o = 49
1683: o = 49
1685: o = 49
1689: o = 49
1690: o = 49
1691: o = 49
1692: o = 49
1695: o = 49
1696: o = 49
1697: o = 49
1698: o = 49
1699: o = 49
1700: o = 49
1701: o = 49
1702: o = 49
1703: o = 49
1704: o = 49
1705: o = 49
1706: o = 49
1707: o = 49
1708: o = 49
1709: o = 49
1710: o = 49
1711: o = 49
1713: o = 49
1714: o = 49
1715: o = 49
1716: o = 49
1717: o = 49
1718: o = 49
1719: o = 49
1720: o = 49
1721: o = 49
1722: o = 49
1723: o = 49
1724: o = 49
1725: o = 49
1726: o = 49
1729: o = 49
1732: o = 49
1735: o = 49
1736: o = 49
1737: o = 49
1738: o = 49
1740: o = 49
1741: o = 49
1742: o = 49
1743: o = 49
1744: o = 49
1745: o = 49
1746: o = 49
1747: o = 49
1748: o = 49
1749: o = 49
1750: o = 49
1751: o = 49
1752: o = 49
1753: o = 49
1754: o = 49
1756: o = 49
1757: o = 49
1758: o = 49
1759: o = 49
1760: o = 49
1761: o = 49
1762: o = 49
1763: o = 49
1764: o = 49
1765: o = 49
1766: o = 49
1767: o = 49
1768: o = 49
1769: o = 49
1770: o = 49
1771: o = 49
1772: o = 49
1773: o = 49
1774: o = 49
1775: o = 49
1776: o = 49
1777: o = 49
1778: o = 49
1779: o = 49
1780: o = 49
1781: o = 49
1782: o = 49
1783: o = 49
1784: o = 49
1786: o = 49
1787: o = 49
1788: o = 49
1789: o = 49
1790: o = 49
1791: o = 49
1792: o = 49
1793: o = 49
1794: o = 49
1797: o = 49
1798: o = 49
1799: o = 49
1800: o = 49
1801: o = 49
1802: o = 49
1804: o = 49
1806: o = 49
1807: o = 49
1810: o = 49
1811: o = 49
1812: o = 49
1813: o = 49
1814: o = 49
1817: o = 49
1818: o = 49
1819: o = 49
1820: o = 49
1821: o = 49
1822: o = 49
1823: o = 49
1824: o = 49
1825: o = 49
1826: o = 49
1827: o = 49
1828: o = 49
1829: o = 49
1830: o = 49
1831: o = 49
1832: o = 49
1834: o = 49
1836: o = 49
1837: o = 49
1838: o = 49
1839: o = 49
1840: o = 49
1841: o = 49
1842: o = 49
1844: o = 49
1845: o = 49
1846: o = 49
1847: o = 49
1848: o = 49
1849: o = 49
1850: o = 49
1851: o = 49
1852: o = 49
1853: o = 49
1854: o = 49
1855: o = 49
1856: o = 49
1857: o = 49
1858: o = 49
1859: o = 49
1860: o = 49
1862: o = 49
1863: o = 49
1864: o = 49
1865: o = 49
1868: o = 49
1869: o = 49
1871: o = 49
1872: o = 49
1873: o = 49
1874: o = 49
1875: o = 49
1876: o = 49
1877: o = 49
1878: o = 49
1879: o = 49
1880: o = 49
1881: o = 49
1882: o = 49
1884: o = 49
1885: o = 49
1886: o = 49
1887: o = 49
1889: o = 49
1890: o = 49
1891: o = 49
1894: o = 49
1895: o = 49
1896: o = 49
1897: o = 49
1898: o = 49
1899: o = 49
1900: o = 49
1901: o = 49
1902: o = 49
1904: o = 49
1905: o = 49
1906: o = 49
1907: o = 49
1909: o = 49
1910: o = 49
1912: o = 49
1913: o = 49
1914: o = 49
1915: o = 49
1916: o = 49
1917: o = 49
1918: o = 49
1919: o = 49
1920: o = 49
1921: o = 49
1922: o = 49
1923: o = 49
1924: o = 49
1925: o = 49
1926: o = 49
1927: o = 49
1928: o = 49
1929: o = 49
1930: o = 49
1931: o = 49
1934: o = 49
1935: o = 49
1936: o = 49
1937: o = 49
1938: o = 49
1939: o = 49
1940: o = 49
1942: o = 49
1944: o = 49
1946: o = 49
1947: o = 49
1948: o = 49
1949: o = 49
1951: o = 49
1953: o = 49
1955: o = 49
1956: o = 49
1957: o = 49
1958: o = 49
1959: o = 49
1960: o = 49
1962: o = 49
1963: o = 49
1965: o = 49
1966: o = 49
1967: o = 49
1968: o = 49
1969: o = 49
1970: o = 49
1971: o = 49
1972: o = 49
1973: o = 49
1974: o = 49
1975: o = 49
1977: o = 49
1978: o = 49
1979: o = 49
1980: o = 49
1981: o = 49
1982: o = 49
1983: o = 49
1984: o = 49
1985: o = 49
1986: o = 49
1987: o = 49
1988: o = 49
1990: o = 49
1991: o = 49
1992: o = 49
1993: o = 49
1994: o = 49
1995: o = 49
1996: o = 49
1997: o = 49
1998: o = 49
1999: o = 49
2000: o = 49
2002: o = 49
2003: o = 49
2004: o = 49
2005: o = 49
2007: o = 49
2008: o = 49
2009: o = 49
2010: o = 49
2011: o = 49
2013: o = 49
2014: o = 49
2015: o = 49
2016: o = 49
2017: o = 49
2018: o = 49
2019: o = 49
2021: o = 49
2022: o = 49
2023: o = 49
2024: o = 49
2026: o = 49
2027: o = 49
2028: o = 49
2029: o = 49
2030: o = 49
2031: o = 49
2032: o = 49
2033: o = 49
2034: o = 49
2036: o = 49
2037: o = 49
2038: o = 49
2039: o = 49
2041: o = 49
2042: o = 49
2043: o = 49
2044: o = 49
2045: o = 49
2046: o = 49
2047: o = 49
2048: o = 49
2049: o = 49
2050: o = 49
2051: o = 49
2052: o = 49
2053: o = 49
2054: o = 49
2056: o = 49
2057: o = 49
2059: o = 49
2060: o = 49
2061: o = 49
2063: o = 49
2064: o = 49
2067: o = 49
2068: o = 49
2069: o = 49
2070: o = 49
2071: o = 49
2072: o = 49
2075: o = 49
2076: o = 49
2077: o = 49
2078: o = 49
2080: o = 49
2081: o = 49
2082: o = 49
2083: o = 49
2084: o = 49
2085: o = 49
2086: o = 49
2088: o = 49
2089: o = 49
2092: o = 49
2094: o = 49
2095: o = 49
2096: o = 49
2097: o = 49
2098: o = 49
2099: o = 49
2101: o = 49
2102: o = 49
2103: o = 49
2104: o = 49
2105: o = 49
2106: o = 49
2107: o = 49
2109: o = 49
2110: o = 49
2111: o = 49
2112: o = 49
2115: o = 49
2116: o = 49
2118: o = 49
2119: o = 49
2120: o = 49
2121: o = 49
2123: o = 49
2124: o = 49
2125: o = 49
2126: o = 49
2127: o = 49
2128: o = 49
2129: o = 49
2130: o = 49
2131: o = 49
2133: o = 49
2134: o = 49
2135: o = 49
2136: o = 49
2137: o = 49
2138: o = 49
2139: o = 49
2140: o = 49
2141: o = 49
2142: o = 49
2143: o = 49
2144: o = 49
2146: o = 49
2148: o = 49
2149: o = 49
2150: o = 49
2152: o = 49
2155: o = 49
2156: o = 49
2157: o = 49
2159: o = 49
2160: o = 49
2161: o = 49
2162: o = 49
2164: o = 49
2165: o = 49
2167: o = 49
2168: o = 49
2169: o = 49
2171: o = 49
2172: o = 49
2173: o = 49
2174: o = 49
2175: o = 49
2177: o = 49
2178: o = 49
2179: o = 49
2180: o = 49
2182: o = 49
2183: o = 49
2184: o = 49
2185: o = 49
2186: o = 49
2187: o = 49
2188: o = 49
2190: o = 49
2191: o = 49
2192: o = 49
2193: o = 49
2194: o = 49
2195: o = 49
2197: o = 49
2198: o = 49
2199: o = 49
2200: o = 49
2201: o = 49
2202: o = 49
2203: o = 49
2204: o = 49
2206: o = 49
2207: o = 49
2208: o = 49
2210: o = 49
2211: o = 49
2212: o = 49
2213: o = 49
2214: o = 49
2215: o = 49
2216: o = 49
2217: o = 49
2218: o = 49
2221: o = 49
2223: o = 49
2224: o = 49
2226: o = 49
2228: o = 49
2229: o = 49
2230: o = 49
2231: o = 49
2233: o = 49
2234: o = 49
2235: o = 49
2236: o = 49
2238: o = 49
2239: o = 49
2240: o = 49
2241: o = 49
2243: o = 49
2244: o = 49
2245: o = 49
2247: o = 49
2248: o = 49
2249: o = 49
2250: o = 49
2251: o = 49
2252: o = 49
2253: o = 49
2254: o = 49
2255: o = 49
2256: o = 49
2257: o = 49
2258: o = 49
2259: o = 49
2260: o = 49
2261: o = 49
2262: o = 49
2263: o = 49
2264: o = 49
2265: o = 49
2266: o = 49
2268: o = 49
2270: o = 49
2271: o = 49
2272: o = 49
2273: o = 49
2276: o = 49
2277: o = 49
2278: o = 49
2279: o = 49
2281: o = 49
2282: o = 49
2283: o = 49
2284: o = 49
2285: o = 49
2286: o = 49
2287: o = 49
2288: o = 49
2289: o = 49
2290: o = 49
2292: o = 49
2293: o = 49
2295: o = 49
2296: o = 49
2297: o = 49
2298: o = 49
2299: o = 49
2300: o = 49
2301: o = 49
2302: o = 49
2303: o = 49
2304: o = 49
2305: o = 49
2306: o = 49
2307: o = 49
2308: o = 49
2309: o = 49
2310: o = 49
2311: o = 49
2312: o = 49
2313: o = 49
2314: o = 49
2315: o = 49
2316: o = 49
2318: o = 49
2319: o = 49
2321: o = 49
2323: o = 49
2324: o = 49
2325: o = 49
2326: o = 49
2327: o = 49
2328: o = 49
2329: o = 49
2331: o = 49
2332: o = 49
2333: o = 49
2334: o = 49
2335: o = 49
2336: o = 49
2337: o = 49
2338: o = 49
2339: o = 49
2340: o = 49
2341: o = 49
2342: o = 49
2343: o = 49
2345: o = 49
2346: o = 49
2347: o = 49
2348: o = 49
2349: o = 49
2350: o = 49
2351: o = 49
2352: o = 49
2353: o = 49
2354: o = 49
2355: o = 49
2356: o = 49
2357: o = 49
2359: o = 49
2360: o = 49
2361: o = 49
2362: o = 49
2363: o = 49
2364: o = 49
2365: o = 49
2366: o = 49
2367: o = 49
2368: o = 49
2369: o = 49
2370: o = 49
2372: o = 49
2373: o = 49
2374: o = 49
2376: o = 49
2377: o = 49
2378: o = 49
2379: o = 49
2382: o = 49
2383: o = 49
2384: o = 49
2386: o = 49
2389: o = 49
2390: o = 49
2391: o = 49
2394: o = 49
2395: o = 49
2396: o = 49
2397: o = 49
2398: o = 49
2399: o = 49
2400: o = 49
2401: o = 49
2402: o = 49
2403: o = 49
2404: o = 49
2406: o = 49
2407: o = 49
2408: o = 49
2409: o = 49
2410: o = 49
2411: o = 49
2413: o = 49
2414: o = 49
2415: o = 49
2416: o = 49
2417: o = 49
2418: o = 49
2419: o = 49
2420: o = 49
2421: o = 49
2422: o = 49
2423: o = 49
2424: o = 49
2425: o = 49
2426: o = 49
2428: o = 49
2429: o = 49
2430: o = 49
2431: o = 49
2432: o = 49
2433: o = 49
2434: o = 49
2435: o = 49
2437: o = 49
2439: o = 49
2441: o = 49
2442: o = 49
2443: o = 49
2444: o = 49
2445: o = 49
2449: o = 49
2450: o = 49
2451: o = 49
2452: o = 49
2453: o = 49
2454: o = 49
2457: o = 49
2459: o = 49
2460: o = 49
2461: o = 49
2463: o = 49
2464: o = 49
2465: o = 49
2466: o = 49
2467: o = 49
2469: o = 49
2470: o = 49
2472: o = 49
2473: o = 49
2474: o = 49
2476: o = 49
2480: o = 49
2481: o = 49
2483: o = 49
2485: o = 49
2487: o = 49
2488: o = 49
2489: o = 49
2490: o = 49
2491: o = 49
2492: o = 49
2493: o = 49
2495: o = 49
2496: o = 49
2498: o = 49
2499: o = 49
2502: o = 49
2503: o = 49
2505: o = 49
2506: o = 49
2507: o = 49
2509: o = 49
2510: o = 49
2511: o = 49
2512: o = 49
2513: o = 49
2514: o = 49
2515: o = 49
2516: o = 49
2517: o = 49
2518: o = 49
2519: o = 49
2523: o = 49
2524: o = 49
2525: o = 49
2527: o = 49
2528: o = 49
2529: o = 49
2532: o = 49
2533: o = 49
2534: o = 49
2535: o = 49
2537: o = 49
2538: o = 49
2539: o = 49
2540: o = 49
2541: o = 49
2543: o = 49
2544: o = 49
2548: o = 49
2549: o = 49
2550: o = 49
2551: o = 49
2552: o = 49
2553: o = 49
2555: o = 49
2556: o = 49
2558: o = 49
2559: o = 49
2560: o = 49
2561: o = 49
2562: o = 49
2563: o = 49
2564: o = 49
2565: o = 49
2566: o = 49
2568: o = 49
2569: o = 49
2570: o = 49
2571: o = 49
2573: o = 49
2574: o = 49
2575: o = 49
2576: o = 49
2577: o = 49
2578: o = 49
2579: o = 49
2580: o = 49
2582: o = 49
2583: o = 49
2584: o = 49
2585: o = 49
2586: o = 49
2587: o = 49
2588: o = 49
2589: o = 49
2590: o = 49
2591: o = 49
2592: o = 49
2593: o = 49
2594: o = 49
2595: o = 49
2596: o = 49
2597: o = 49
2599: o = 49
2600: o = 49
2601: o = 49
2602: o = 49
2603: o = 49
2605: o = 49
2607: o = 49
2608: o = 49
2609: o = 49
2611: o = 49
2612: o = 49
2613: o = 49
2614: o = 49
2619: o = 49
2620: o = 49
2621: o = 49
2622: o = 49
2623: o = 49
2625: o = 49
2626: o = 49
2627: o = 49
2628: o = 49
2629: o = 49
2630: o = 49
2632: o = 49
2633: o = 49
2634: o = 49
2635: o = 49
2636: o = 49
2637: o = 49
2638: o = 49
2639: o = 49
2640: o = 49
2641: o = 49
2642: o = 49
2643: o = 49
2644: o = 49
2645: o = 49
2646: o = 49
2647: o = 49
2648: o = 49
2649: o = 49
2651: o = 49
2652: o = 49
2655: o = 49
2656: o = 49
2657: o = 49
2658: o = 49
2659: o = 49
2660: o = 49
2661: o = 49
2662: o = 49
2663: o = 49
2664: o = 49
2665: o = 49
2667: o = 49
2668: o = 49
2669: o = 49
2670: o = 49
2671: o = 49
2672: o = 49
2674: o = 49
2675: o = 49
2676: o = 49
2677: o = 49
2678: o = 49
2679: o = 49
2680: o = 49
2682: o = 49
2683: o = 49
2684: o = 49
2685: o = 49
2687: o = 49
2690: o = 49
2691: o = 49
2692: o = 49
2693: o = 49
2694: o = 49
2695: o = 49
2697: o = 49
2698: o = 49
2700: o = 49
2701: o = 49
2702: o = 49
2703: o = 49
2704: o = 49
2706: o = 49
2707: o = 49
2709: o = 49
2710: o = 49
2711: o = 49
2713: o = 49
2714: o = 49
2716: o = 49
2718: o = 49
2719: o = 49
2721: o = 49
2722: o = 49
2723: o = 49
2724: o = 49
2725: o = 49
2726: o = 49
2728: o = 49
2729: o = 49
2730: o = 49
2731: o = 49
2732: o = 49
2733: o = 49
2734: o = 49
2735: o = 49
2737: o = 49
2738: o = 49
2739: o = 49
2740: o = 49
2741: o = 49
2742: o = 49
2743: o = 49
2746: o = 49
2747: o = 49
2748: o = 49
2749: o = 49
2750: o = 49
2751: o = 49
2752: o = 49
2753: o = 49
2754: o = 49
2757: o = 49
2758: o = 49
2759: o = 49
2760: o = 49
2761: o = 49
2762: o = 49
2764: o = 49
2765: o = 49
2766: o = 49
2768: o = 49
2769: o = 49
2771: o = 49
2772: o = 49
2773: o = 49
2774: o = 49
2777: o = 49
2779: o = 49
2780: o = 49
2782: o = 49
2783: o = 49
2784: o = 49
2786: o = 49
2787: o = 49
2788: o = 49
2789: o = 49
2791: o = 49
2792: o = 49
2793: o = 49
2794: o = 49
2796: o = 49
2797: o = 49
2798: o = 49
2799: o = 49
2802: o = 49
2803: o = 49
2804: o = 49
2805: o = 49
2806: o = 49
2808: o = 49
2809: o = 49
2810: o = 49
2811: o = 49
2812: o = 49
2813: o = 49
2814: o = 49
2815: o = 49
2818: o = 49
2819: o = 49
2820: o = 49
2821: o = 49
2823: o = 49
2825: o = 49
2826: o = 49
2828: o = 49
2831: o = 49
2832: o = 49
2833: o = 49
2835: o = 49
2837: o = 49
2840: o = 49
2841: o = 49
2842: o = 49
2843: o = 49
2844: o = 49
2845: o = 49
2846: o = 49
2847: o = 49
2848: o = 49
2850: o = 49
2851: o = 49
2852: o = 49
2853: o = 49
2855: o = 49
2857: o = 49
2858: o = 49
2859: o = 49
2860: o = 49
2861: o = 49
2862: o = 49
2863: o = 49
2864: o = 49
2865: o = 49
2866: o = 49
2867: o = 49
2868: o = 49
2869: o = 49
2870: o = 49
2871: o = 49
2872: o = 49
2873: o = 49
2874: o = 49
2875: o = 49
2876: o = 49
2877: o = 49
2878: o = 49
2881: o = 49
2883: o = 49
2885: o = 49
2886: o = 49
2887: o = 49
2889: o = 49
2891: o = 49
2892: o = 49
2893: o = 49
2894: o = 49
2895: o = 49
2896: o = 49
2897: o = 49
2898: o = 49
2899: o = 49
2900: o = 49
2901: o = 49
2902: o = 49
2903: o = 49
2904: o = 49
2905: o = 49
2906: o = 49
2907: o = 49
2908: o = 49
2909: o = 49
2910: o = 49
2911: o = 49
2912: o = 49
2913: o = 49
2914: o = 49
2915: o = 49
2916: o = 49
2919: o = 49
2920: o = 49
2923: o = 49
2924: o = 49
2925: o = 49
2927: o = 49
2928: o = 49
2929: o = 49
2930: o = 49
2931: o = 49
2932: o = 49
2933: o = 49
2934: o = 49
2935: o = 49
2936: o = 49
2937: o = 49
2938: o = 49
2939: o = 49
2940: o = 49
2941: o = 49
2942: o = 49
2943: o = 49
2945: o = 49
2946: o = 49
2947: o = 49
2948: o = 49
2949: o = 49
2950: o = 49
2952: o = 49
2953: o = 49
2954: o = 49
2955: o = 49
2956: o = 49
2958: o = 49
2959: o = 49
2960: o = 49
2961: o = 49
2963: o = 49
2964: o = 49
2966: o = 49
2967: o = 49
2968: o = 49
2969: o = 49
2970: o = 49
2971: o = 49
2972: o = 49
2973: o = 49
2974: o = 49
2975: o = 49
2976: o = 49
2977: o = 49
2978: o = 49
2979: o = 49
2980: o = 49
2981: o = 49
2982: o = 49
2983: o = 49
2984: o = 49
2985: o = 49
2986: o = 49
2989: o = 49
2990: o = 49
2991: o = 49
2992: o = 49
2993: o = 49
2994: o = 49
2995: o = 49
2996: o = 49
2997: o = 49
2998: o = 49
2999: o = 49
3000: o = 49
