0: f = 1
1: f = 2
2: f = 2
3: f = 2
50: f = 2
51: f = 10